Archive member included to satisfy reference by file (symbol)

/opt/Atollic_TrueSTUDIO_for_STM32_x86_64_9.3.0/ARMTools/bin/../lib/gcc/arm-atollic-eabi/6.3.1/../../../../arm-atollic-eabi/lib/armv7e-m/fpu/fpv5-sp-d16/libc_nano.a(lib_a-errno.o)
                              Src/syscalls.o (__errno)
/opt/Atollic_TrueSTUDIO_for_STM32_x86_64_9.3.0/ARMTools/bin/../lib/gcc/arm-atollic-eabi/6.3.1/../../../../arm-atollic-eabi/lib/armv7e-m/fpu/fpv5-sp-d16/libc_nano.a(lib_a-impure.o)
                              /opt/Atollic_TrueSTUDIO_for_STM32_x86_64_9.3.0/ARMTools/bin/../lib/gcc/arm-atollic-eabi/6.3.1/../../../../arm-atollic-eabi/lib/armv7e-m/fpu/fpv5-sp-d16/libc_nano.a(lib_a-errno.o) (_impure_ptr)
/opt/Atollic_TrueSTUDIO_for_STM32_x86_64_9.3.0/ARMTools/bin/../lib/gcc/arm-atollic-eabi/6.3.1/../../../../arm-atollic-eabi/lib/armv7e-m/fpu/fpv5-sp-d16/libc_nano.a(lib_a-init.o)
                              startup/startup_stm32f746xx.o (__libc_init_array)
/opt/Atollic_TrueSTUDIO_for_STM32_x86_64_9.3.0/ARMTools/bin/../lib/gcc/arm-atollic-eabi/6.3.1/../../../../arm-atollic-eabi/lib/armv7e-m/fpu/fpv5-sp-d16/libc_nano.a(lib_a-malloc.o)
                              Middlewares/Third_Party/LibJPEG/source/jdatadst.o (malloc)
/opt/Atollic_TrueSTUDIO_for_STM32_x86_64_9.3.0/ARMTools/bin/../lib/gcc/arm-atollic-eabi/6.3.1/../../../../arm-atollic-eabi/lib/armv7e-m/fpu/fpv5-sp-d16/libc_nano.a(lib_a-memcpy-stub.o)
                              Middlewares/Third_Party/FreeRTOS/Source/queue.o (memcpy)
/opt/Atollic_TrueSTUDIO_for_STM32_x86_64_9.3.0/ARMTools/bin/../lib/gcc/arm-atollic-eabi/6.3.1/../../../../arm-atollic-eabi/lib/armv7e-m/fpu/fpv5-sp-d16/libc_nano.a(lib_a-memset.o)
                              Middlewares/Third_Party/FreeRTOS/Source/stream_buffer.o (memset)
/opt/Atollic_TrueSTUDIO_for_STM32_x86_64_9.3.0/ARMTools/bin/../lib/gcc/arm-atollic-eabi/6.3.1/../../../../arm-atollic-eabi/lib/armv7e-m/fpu/fpv5-sp-d16/libc_nano.a(lib_a-nano-freer.o)
                              /opt/Atollic_TrueSTUDIO_for_STM32_x86_64_9.3.0/ARMTools/bin/../lib/gcc/arm-atollic-eabi/6.3.1/../../../../arm-atollic-eabi/lib/armv7e-m/fpu/fpv5-sp-d16/libc_nano.a(lib_a-malloc.o) (_free_r)
/opt/Atollic_TrueSTUDIO_for_STM32_x86_64_9.3.0/ARMTools/bin/../lib/gcc/arm-atollic-eabi/6.3.1/../../../../arm-atollic-eabi/lib/armv7e-m/fpu/fpv5-sp-d16/libc_nano.a(lib_a-nano-mallocr.o)
                              /opt/Atollic_TrueSTUDIO_for_STM32_x86_64_9.3.0/ARMTools/bin/../lib/gcc/arm-atollic-eabi/6.3.1/../../../../arm-atollic-eabi/lib/armv7e-m/fpu/fpv5-sp-d16/libc_nano.a(lib_a-malloc.o) (_malloc_r)
/opt/Atollic_TrueSTUDIO_for_STM32_x86_64_9.3.0/ARMTools/bin/../lib/gcc/arm-atollic-eabi/6.3.1/../../../../arm-atollic-eabi/lib/armv7e-m/fpu/fpv5-sp-d16/libc_nano.a(lib_a-sbrkr.o)
                              /opt/Atollic_TrueSTUDIO_for_STM32_x86_64_9.3.0/ARMTools/bin/../lib/gcc/arm-atollic-eabi/6.3.1/../../../../arm-atollic-eabi/lib/armv7e-m/fpu/fpv5-sp-d16/libc_nano.a(lib_a-nano-mallocr.o) (_sbrk_r)
/opt/Atollic_TrueSTUDIO_for_STM32_x86_64_9.3.0/ARMTools/bin/../lib/gcc/arm-atollic-eabi/6.3.1/../../../../arm-atollic-eabi/lib/armv7e-m/fpu/fpv5-sp-d16/libc_nano.a(lib_a-sprintf.o)
                              Middlewares/Third_Party/LibJPEG/source/jerror.o (sprintf)
/opt/Atollic_TrueSTUDIO_for_STM32_x86_64_9.3.0/ARMTools/bin/../lib/gcc/arm-atollic-eabi/6.3.1/../../../../arm-atollic-eabi/lib/armv7e-m/fpu/fpv5-sp-d16/libc_nano.a(lib_a-mlock.o)
                              /opt/Atollic_TrueSTUDIO_for_STM32_x86_64_9.3.0/ARMTools/bin/../lib/gcc/arm-atollic-eabi/6.3.1/../../../../arm-atollic-eabi/lib/armv7e-m/fpu/fpv5-sp-d16/libc_nano.a(lib_a-nano-freer.o) (__malloc_lock)
/opt/Atollic_TrueSTUDIO_for_STM32_x86_64_9.3.0/ARMTools/bin/../lib/gcc/arm-atollic-eabi/6.3.1/../../../../arm-atollic-eabi/lib/armv7e-m/fpu/fpv5-sp-d16/libc_nano.a(lib_a-nano-svfprintf.o)
                              /opt/Atollic_TrueSTUDIO_for_STM32_x86_64_9.3.0/ARMTools/bin/../lib/gcc/arm-atollic-eabi/6.3.1/../../../../arm-atollic-eabi/lib/armv7e-m/fpu/fpv5-sp-d16/libc_nano.a(lib_a-sprintf.o) (_svfprintf_r)
/opt/Atollic_TrueSTUDIO_for_STM32_x86_64_9.3.0/ARMTools/bin/../lib/gcc/arm-atollic-eabi/6.3.1/../../../../arm-atollic-eabi/lib/armv7e-m/fpu/fpv5-sp-d16/libc_nano.a(lib_a-nano-vfprintf_i.o)
                              /opt/Atollic_TrueSTUDIO_for_STM32_x86_64_9.3.0/ARMTools/bin/../lib/gcc/arm-atollic-eabi/6.3.1/../../../../arm-atollic-eabi/lib/armv7e-m/fpu/fpv5-sp-d16/libc_nano.a(lib_a-nano-svfprintf.o) (_printf_i)
/opt/Atollic_TrueSTUDIO_for_STM32_x86_64_9.3.0/ARMTools/bin/../lib/gcc/arm-atollic-eabi/6.3.1/../../../../arm-atollic-eabi/lib/armv7e-m/fpu/fpv5-sp-d16/libc_nano.a(lib_a-reent.o)
                              /opt/Atollic_TrueSTUDIO_for_STM32_x86_64_9.3.0/ARMTools/bin/../lib/gcc/arm-atollic-eabi/6.3.1/../../../../arm-atollic-eabi/lib/armv7e-m/fpu/fpv5-sp-d16/libc_nano.a(lib_a-sbrkr.o) (errno)
[...]
Memory Configuration

Name             Origin             Length             Attributes
RAM              0x0000000020000000 0x0000000000050000 xrw
FLASH            0x0000000008000000 0x0000000000100000 xr
*default*        0x0000000000000000 0xffffffffffffffff

Linker script and memory map

LOAD /opt/Atollic_TrueSTUDIO_for_STM32_x86_64_9.3.0/ARMTools/bin/../lib/gcc/arm-atollic-eabi/6.3.1/armv7e-m/fpu/fpv5-sp-d16/crti.o
LOAD /opt/Atollic_TrueSTUDIO_for_STM32_x86_64_9.3.0/ARMTools/bin/../lib/gcc/arm-atollic-eabi/6.3.1/armv7e-m/fpu/fpv5-sp-d16/crtbegin.o
LOAD Drivers/STM32F7xx_HAL_Driver/Src/stm32f7xx_hal.o
LOAD Drivers/STM32F7xx_HAL_Driver/Src/stm32f7xx_hal_cortex.o
LOAD Drivers/STM32F7xx_HAL_Driver/Src/stm32f7xx_hal_dma.o
LOAD Drivers/STM32F7xx_HAL_Driver/Src/stm32f7xx_hal_dma_ex.o
LOAD Drivers/STM32F7xx_HAL_Driver/Src/stm32f7xx_hal_dsi.o
LOAD Drivers/STM32F7xx_HAL_Driver/Src/stm32f7xx_hal_exti.o
LOAD Drivers/STM32F7xx_HAL_Driver/Src/stm32f7xx_hal_flash.o
LOAD Drivers/STM32F7xx_HAL_Driver/Src/stm32f7xx_hal_flash_ex.o
LOAD Drivers/STM32F7xx_HAL_Driver/Src/stm32f7xx_hal_gpio.o
LOAD Drivers/STM32F7xx_HAL_Driver/Src/stm32f7xx_hal_hcd.o
LOAD Drivers/STM32F7xx_HAL_Driver/Src/stm32f7xx_hal_i2c.o
LOAD Drivers/STM32F7xx_HAL_Driver/Src/stm32f7xx_hal_i2c_ex.o
LOAD Drivers/STM32F7xx_HAL_Driver/Src/stm32f7xx_hal_ltdc.o
LOAD Drivers/STM32F7xx_HAL_Driver/Src/stm32f7xx_hal_ltdc_ex.o
LOAD Drivers/STM32F7xx_HAL_Driver/Src/stm32f7xx_hal_pwr.o
LOAD Drivers/STM32F7xx_HAL_Driver/Src/stm32f7xx_hal_pwr_ex.o
LOAD Drivers/STM32F7xx_HAL_Driver/Src/stm32f7xx_hal_rcc.o
LOAD Drivers/STM32F7xx_HAL_Driver/Src/stm32f7xx_hal_rcc_ex.o
LOAD Drivers/STM32F7xx_HAL_Driver/Src/stm32f7xx_hal_rng.o
LOAD Drivers/STM32F7xx_HAL_Driver/Src/stm32f7xx_hal_sdram.o
LOAD Drivers/STM32F7xx_HAL_Driver/Src/stm32f7xx_hal_tim.o
LOAD Drivers/STM32F7xx_HAL_Driver/Src/stm32f7xx_hal_tim_ex.o
LOAD Drivers/STM32F7xx_HAL_Driver/Src/stm32f7xx_ll_fmc.o
LOAD Drivers/STM32F7xx_HAL_Driver/Src/stm32f7xx_ll_usb.o
LOAD Middlewares/Third_Party/FatFs/src/diskio.o
LOAD Middlewares/Third_Party/FatFs/src/ff.o
LOAD Middlewares/Third_Party/FatFs/src/ff_gen_drv.o
LOAD Middlewares/Third_Party/FatFs/src/option/ccsbcs.o
LOAD Middlewares/Third_Party/FatFs/src/option/syscall.o
LOAD Middlewares/Third_Party/FreeRTOS/Source/CMSIS_RTOS/cmsis_os.o
LOAD Middlewares/Third_Party/FreeRTOS/Source/croutine.o
LOAD Middlewares/Third_Party/FreeRTOS/Source/event_groups.o
LOAD Middlewares/Third_Party/FreeRTOS/Source/list.o
LOAD Middlewares/Third_Party/FreeRTOS/Source/portable/GCC/ARM_CM7/r0p1/port.o
LOAD Middlewares/Third_Party/FreeRTOS/Source/portable/MemMang/heap_4.o
LOAD Middlewares/Third_Party/FreeRTOS/Source/queue.o
LOAD Middlewares/Third_Party/FreeRTOS/Source/stream_buffer.o
LOAD Middlewares/Third_Party/FreeRTOS/Source/tasks.o
LOAD Middlewares/Third_Party/FreeRTOS/Source/timers.o
LOAD Middlewares/Third_Party/LibJPEG/source/jaricom.o
LOAD Middlewares/Third_Party/LibJPEG/source/jcapimin.o
LOAD Middlewares/Third_Party/LibJPEG/source/jcapistd.o
LOAD Middlewares/Third_Party/LibJPEG/source/jcarith.o
LOAD Middlewares/Third_Party/LibJPEG/source/jccoefct.o
LOAD Middlewares/Third_Party/LibJPEG/source/jccolor.o
LOAD Middlewares/Third_Party/LibJPEG/source/jcdctmgr.o
LOAD Middlewares/Third_Party/LibJPEG/source/jchuff.o
LOAD Middlewares/Third_Party/LibJPEG/source/jcinit.o
LOAD Middlewares/Third_Party/LibJPEG/source/jcmainct.o
LOAD Middlewares/Third_Party/LibJPEG/source/jcmarker.o
LOAD Middlewares/Third_Party/LibJPEG/source/jcmaster.o
LOAD Middlewares/Third_Party/LibJPEG/source/jcomapi.o
LOAD Middlewares/Third_Party/LibJPEG/source/jcparam.o
LOAD Middlewares/Third_Party/LibJPEG/source/jcprepct.o
LOAD Middlewares/Third_Party/LibJPEG/source/jcsample.o
LOAD Middlewares/Third_Party/LibJPEG/source/jctrans.o
LOAD Middlewares/Third_Party/LibJPEG/source/jdapimin.o
LOAD Middlewares/Third_Party/LibJPEG/source/jdapistd.o
LOAD Middlewares/Third_Party/LibJPEG/source/jdarith.o
LOAD Middlewares/Third_Party/LibJPEG/source/jdatadst.o
LOAD Middlewares/Third_Party/LibJPEG/source/jdatasrc.o
LOAD Middlewares/Third_Party/LibJPEG/source/jdcoefct.o
LOAD Middlewares/Third_Party/LibJPEG/source/jdcolor.o
LOAD Middlewares/Third_Party/LibJPEG/source/jddctmgr.o
LOAD Middlewares/Third_Party/LibJPEG/source/jdhuff.o
LOAD Middlewares/Third_Party/LibJPEG/source/jdinput.o
LOAD Middlewares/Third_Party/LibJPEG/source/jdmainct.o
LOAD Middlewares/Third_Party/LibJPEG/source/jdmarker.o
LOAD Middlewares/Third_Party/LibJPEG/source/jdmaster.o
LOAD Middlewares/Third_Party/LibJPEG/source/jdmerge.o
LOAD Middlewares/Third_Party/LibJPEG/source/jdpostct.o
LOAD Middlewares/Third_Party/LibJPEG/source/jdsample.o
LOAD Middlewares/Third_Party/LibJPEG/source/jdtrans.o
LOAD Middlewares/Third_Party/LibJPEG/source/jerror.o
LOAD Middlewares/Third_Party/LibJPEG/source/jfdctflt.o
LOAD Middlewares/Third_Party/LibJPEG/source/jfdctfst.o
LOAD Middlewares/Third_Party/LibJPEG/source/jfdctint.o
LOAD Middlewares/Third_Party/LibJPEG/source/jidctflt.o
LOAD Middlewares/Third_Party/LibJPEG/source/jidctfst.o
LOAD Middlewares/Third_Party/LibJPEG/source/jidctint.o
LOAD Middlewares/Third_Party/LibJPEG/source/jmemmgr.o
LOAD Middlewares/Third_Party/LibJPEG/source/jmemnobs.o
LOAD Middlewares/Third_Party/LibJPEG/source/jquant1.o
LOAD Middlewares/Third_Party/LibJPEG/source/jquant2.o
LOAD Middlewares/Third_Party/LibJPEG/source/jutils.o
LOAD Src/MT48LC4M32B2.o
LOAD Src/fatfs.o
LOAD Src/freertos.o
LOAD Src/libjpeg.o
LOAD Src/ltdc.o
LOAD Src/main.o
LOAD Src/stm32f7xx_hal_msp.o
LOAD Src/stm32f7xx_it.o
LOAD Src/syscalls.o
LOAD Src/system_stm32f7xx.o
LOAD Src/user_diskio.o
LOAD startup/startup_stm32f746xx.o
                0x0000000000000080                malloc_getpagesize_P = 0x80
START GROUP
LOAD /opt/Atollic_TrueSTUDIO_for_STM32_x86_64_9.3.0/ARMTools/bin/../lib/gcc/arm-atollic-eabi/6.3.1/../../../../arm-atollic-eabi/lib/armv7e-m/fpu/fpv5-sp-d16/libc_nano.a
LOAD /opt/Atollic_TrueSTUDIO_for_STM32_x86_64_9.3.0/ARMTools/bin/../lib/gcc/arm-atollic-eabi/6.3.1/../../../../arm-atollic-eabi/lib/armv7e-m/fpu/fpv5-sp-d16/libm.a
END GROUP
START GROUP
LOAD /opt/Atollic_TrueSTUDIO_for_STM32_x86_64_9.3.0/ARMTools/bin/../lib/gcc/arm-atollic-eabi/6.3.1/armv7e-m/fpu/fpv5-sp-d16/libgcc.a
LOAD /opt/Atollic_TrueSTUDIO_for_STM32_x86_64_9.3.0/ARMTools/bin/../lib/gcc/arm-atollic-eabi/6.3.1/../../../../arm-atollic-eabi/lib/armv7e-m/fpu/fpv5-sp-d16/libc_nano.a
END GROUP
START GROUP
LOAD /opt/Atollic_TrueSTUDIO_for_STM32_x86_64_9.3.0/ARMTools/bin/../lib/gcc/arm-atollic-eabi/6.3.1/armv7e-m/fpu/fpv5-sp-d16/libgcc.a
LOAD /opt/Atollic_TrueSTUDIO_for_STM32_x86_64_9.3.0/ARMTools/bin/../lib/gcc/arm-atollic-eabi/6.3.1/../../../../arm-atollic-eabi/lib/armv7e-m/fpu/fpv5-sp-d16/libc_nano.a
LOAD /opt/Atollic_TrueSTUDIO_for_STM32_x86_64_9.3.0/ARMTools/bin/../lib/gcc/arm-atollic-eabi/6.3.1/../../../../arm-atollic-eabi/lib/armv7e-m/fpu/fpv5-sp-d16/libnosys.a
END GROUP
START GROUP
LOAD /opt/Atollic_TrueSTUDIO_for_STM32_x86_64_9.3.0/ARMTools/bin/../lib/gcc/arm-atollic-eabi/6.3.1/armv7e-m/fpu/fpv5-sp-d16/libgcc.a
LOAD /opt/Atollic_TrueSTUDIO_for_STM32_x86_64_9.3.0/ARMTools/bin/../lib/gcc/arm-atollic-eabi/6.3.1/../../../../arm-atollic-eabi/lib/armv7e-m/fpu/fpv5-sp-d16/libc_nano.a
LOAD /opt/Atollic_TrueSTUDIO_for_STM32_x86_64_9.3.0/ARMTools/bin/../lib/gcc/arm-atollic-eabi/6.3.1/../../../../arm-atollic-eabi/lib/armv7e-m/fpu/fpv5-sp-d16/libnosys.a
END GROUP
LOAD /opt/Atollic_TrueSTUDIO_for_STM32_x86_64_9.3.0/ARMTools/bin/../lib/gcc/arm-atollic-eabi/6.3.1/armv7e-m/fpu/fpv5-sp-d16/crtend.o
LOAD /opt/Atollic_TrueSTUDIO_for_STM32_x86_64_9.3.0/ARMTools/bin/../lib/gcc/arm-atollic-eabi/6.3.1/armv7e-m/fpu/fpv5-sp-d16/crtn.o
                0x0000000020050000                _estack = 0x20050000
                0x0000000000002000                _Min_Heap_Size = 0x2000
                0x0000000000004000                _Min_Stack_Size = 0x4000

.isr_vector     0x0000000008000000      0x1c8
                0x0000000008000000                . = ALIGN (0x4)
 *(.isr_vector)
 .isr_vector    0x0000000008000000      0x1c8 startup/startup_stm32f746xx.o
                0x0000000008000000                g_pfnVectors
                0x00000000080001c8                . = ALIGN (0x4)

.text           0x00000000080001d0     0x3060
                0x00000000080001d0                . = ALIGN (0x4)
 *(.text)
 .text          0x00000000080001d0       0x40 /opt/Atollic_TrueSTUDIO_for_STM32_x86_64_9.3.0/ARMTools/bin/../lib/gcc/arm-atollic-eabi/6.3.1/armv7e-m/fpu/fpv5-sp-d16/crtbegin.o
 .text          0x0000000008000210       0x30 /opt/Atollic_TrueSTUDIO_for_STM32_x86_64_9.3.0/ARMTools/bin/../lib/gcc/arm-atollic-eabi/6.3.1/armv7e-m/fpu/fpv5-sp-d16/libgcc.a(_aeabi_uldivmod.o)
                0x0000000008000210                __aeabi_uldivmod
 .text          0x0000000008000240      0x2dc /opt/Atollic_TrueSTUDIO_for_STM32_x86_64_9.3.0/ARMTools/bin/../lib/gcc/arm-atollic-eabi/6.3.1/armv7e-m/fpu/fpv5-sp-d16/libgcc.a(_udivmoddi4.o)
                0x0000000008000240                __udivmoddi4
 .text          0x000000000800051c        0x4 /opt/Atollic_TrueSTUDIO_for_STM32_x86_64_9.3.0/ARMTools/bin/../lib/gcc/arm-atollic-eabi/6.3.1/armv7e-m/fpu/fpv5-sp-d16/libgcc.a(_dvmd_tls.o)
                0x000000000800051c                __aeabi_ldiv0
                0x000000000800051c                __aeabi_idiv0
 *(.text*)
 .text.HAL_InitTick
                0x0000000008000520       0x48 Drivers/STM32F7xx_HAL_Driver/Src/stm32f7xx_hal.o
                0x0000000008000520                HAL_InitTick
 .text.HAL_Init
                0x0000000008000568       0x16 Drivers/STM32F7xx_HAL_Driver/Src/stm32f7xx_hal.o
                0x0000000008000568                HAL_Init
 *fill*         0x000000000800057e        0x2 
 .text.HAL_IncTick
                0x0000000008000580       0x18 Drivers/STM32F7xx_HAL_Driver/Src/stm32f7xx_hal.o
                0x0000000008000580                HAL_IncTick
 .text.HAL_GetTick
                0x0000000008000598        0xc Drivers/STM32F7xx_HAL_Driver/Src/stm32f7xx_hal.o
                0x0000000008000598                HAL_GetTick
 .text.HAL_Delay
                0x00000000080005a4       0x24 Drivers/STM32F7xx_HAL_Driver/Src/stm32f7xx_hal.o
                0x00000000080005a4                HAL_Delay
 .text.HAL_NVIC_SetPriorityGrouping
                0x00000000080005c8       0x24 Drivers/STM32F7xx_HAL_Driver/Src/stm32f7xx_hal_cortex.o
                0x00000000080005c8                HAL_NVIC_SetPriorityGrouping
 .text.HAL_NVIC_SetPriority
                0x00000000080005ec       0x70 Drivers/STM32F7xx_HAL_Driver/Src/stm32f7xx_hal_cortex.o
                0x00000000080005ec                HAL_NVIC_SetPriority
 .text.HAL_SYSTICK_Config
                0x000000000800065c       0x2c Drivers/STM32F7xx_HAL_Driver/Src/stm32f7xx_hal_cortex.o
                0x000000000800065c                HAL_SYSTICK_Config
 .text.HAL_MPU_Disable
                0x0000000008000688       0x20 Drivers/STM32F7xx_HAL_Driver/Src/stm32f7xx_hal_cortex.o
                0x0000000008000688                HAL_MPU_Disable
 .text.HAL_MPU_Enable
                0x00000000080006a8       0x24 Drivers/STM32F7xx_HAL_Driver/Src/stm32f7xx_hal_cortex.o
                0x00000000080006a8                HAL_MPU_Enable
 .text.HAL_MPU_ConfigRegion
                0x00000000080006cc       0x50 Drivers/STM32F7xx_HAL_Driver/Src/stm32f7xx_hal_cortex.o
                0x00000000080006cc                HAL_MPU_ConfigRegion
 .text.HAL_GPIO_Init
                0x000000000800071c      0x1d4 Drivers/STM32F7xx_HAL_Driver/Src/stm32f7xx_hal_gpio.o
                0x000000000800071c                HAL_GPIO_Init
 .text.HAL_GPIO_WritePin
                0x00000000080008f0        0xa Drivers/STM32F7xx_HAL_Driver/Src/stm32f7xx_hal_gpio.o
                0x00000000080008f0                HAL_GPIO_WritePin
 .text.HAL_HCD_Init
                0x00000000080008fa       0x94 Drivers/STM32F7xx_HAL_Driver/Src/stm32f7xx_hal_hcd.o
                0x00000000080008fa                HAL_HCD_Init
 .text.LTDC_SetConfig
                0x000000000800098e      0x10c Drivers/STM32F7xx_HAL_Driver/Src/stm32f7xx_hal_ltdc.o
 *fill*         0x0000000008000a9a        0x2 
 .text.HAL_LTDC_Init
                0x0000000008000a9c       0xd8 Drivers/STM32F7xx_HAL_Driver/Src/stm32f7xx_hal_ltdc.o
                0x0000000008000a9c                HAL_LTDC_Init
 .text.HAL_LTDC_ConfigLayer
                0x0000000008000b74       0x52 Drivers/STM32F7xx_HAL_Driver/Src/stm32f7xx_hal_ltdc.o
                0x0000000008000b74                HAL_LTDC_ConfigLayer
 .text.HAL_LTDC_SetAddress
                0x0000000008000bc6       0x40 Drivers/STM32F7xx_HAL_Driver/Src/stm32f7xx_hal_ltdc.o
                0x0000000008000bc6                HAL_LTDC_SetAddress
 *fill*         0x0000000008000c06        0x2 
 .text.HAL_PWREx_EnableOverDrive
                0x0000000008000c08       0x70 Drivers/STM32F7xx_HAL_Driver/Src/stm32f7xx_hal_pwr_ex.o
                0x0000000008000c08                HAL_PWREx_EnableOverDrive
 .text.HAL_RCC_OscConfig
                0x0000000008000c78      0x378 Drivers/STM32F7xx_HAL_Driver/Src/stm32f7xx_hal_rcc.o
                0x0000000008000c78                HAL_RCC_OscConfig
 .text.HAL_RCC_GetSysClockFreq
                0x0000000008000ff0       0x5c Drivers/STM32F7xx_HAL_Driver/Src/stm32f7xx_hal_rcc.o
                0x0000000008000ff0                HAL_RCC_GetSysClockFreq
 .text.HAL_RCC_ClockConfig
                0x000000000800104c      0x140 Drivers/STM32F7xx_HAL_Driver/Src/stm32f7xx_hal_rcc.o
                0x000000000800104c                HAL_RCC_ClockConfig
 .text.HAL_RCCEx_PeriphCLKConfig
                0x000000000800118c      0x514 Drivers/STM32F7xx_HAL_Driver/Src/stm32f7xx_hal_rcc_ex.o
                0x000000000800118c                HAL_RCCEx_PeriphCLKConfig
 .text.HAL_RNG_Init
                0x00000000080016a0       0x30 Drivers/STM32F7xx_HAL_Driver/Src/stm32f7xx_hal_rng.o
                0x00000000080016a0                HAL_RNG_Init
 .text.HAL_SDRAM_Init
                0x00000000080016d0       0x40 Drivers/STM32F7xx_HAL_Driver/Src/stm32f7xx_hal_sdram.o
                0x00000000080016d0                HAL_SDRAM_Init
 .text.HAL_SDRAM_SendCommand
                0x0000000008001710       0x2e Drivers/STM32F7xx_HAL_Driver/Src/stm32f7xx_hal_sdram.o
                0x0000000008001710                HAL_SDRAM_SendCommand
 .text.HAL_SDRAM_ProgramRefreshRate
                0x000000000800173e       0x24 Drivers/STM32F7xx_HAL_Driver/Src/stm32f7xx_hal_sdram.o
                0x000000000800173e                HAL_SDRAM_ProgramRefreshRate
 .text.FMC_SDRAM_Init
                0x0000000008001762       0x7e Drivers/STM32F7xx_HAL_Driver/Src/stm32f7xx_ll_fmc.o
                0x0000000008001762                FMC_SDRAM_Init
 .text.FMC_SDRAM_Timing_Init
                0x00000000080017e0       0x90 Drivers/STM32F7xx_HAL_Driver/Src/stm32f7xx_ll_fmc.o
                0x00000000080017e0                FMC_SDRAM_Timing_Init
 .text.FMC_SDRAM_SendCommand
                0x0000000008001870       0x26 Drivers/STM32F7xx_HAL_Driver/Src/stm32f7xx_ll_fmc.o
                0x0000000008001870                FMC_SDRAM_SendCommand
 .text.FMC_SDRAM_ProgramRefreshRate
                0x0000000008001896        0xc Drivers/STM32F7xx_HAL_Driver/Src/stm32f7xx_ll_fmc.o
                0x0000000008001896                FMC_SDRAM_ProgramRefreshRate
 *fill*         0x00000000080018a2        0x2 
 .text.USB_CoreReset
                0x00000000080018a4       0x30 Drivers/STM32F7xx_HAL_Driver/Src/stm32f7xx_ll_usb.o
 .text.USB_CoreInit
                0x00000000080018d4       0x76 Drivers/STM32F7xx_HAL_Driver/Src/stm32f7xx_ll_usb.o
                0x00000000080018d4                USB_CoreInit
 .text.USB_DisableGlobalInt
                0x000000000800194a        0xc Drivers/STM32F7xx_HAL_Driver/Src/stm32f7xx_ll_usb.o
                0x000000000800194a                USB_DisableGlobalInt
 .text.USB_SetCurrentMode
                0x0000000008001956       0x2e Drivers/STM32F7xx_HAL_Driver/Src/stm32f7xx_ll_usb.o
                0x0000000008001956                USB_SetCurrentMode
 .text.USB_FlushTxFifo
                0x0000000008001984       0x24 Drivers/STM32F7xx_HAL_Driver/Src/stm32f7xx_ll_usb.o
                0x0000000008001984                USB_FlushTxFifo
 .text.USB_FlushRxFifo
                0x00000000080019a8       0x20 Drivers/STM32F7xx_HAL_Driver/Src/stm32f7xx_ll_usb.o
                0x00000000080019a8                USB_FlushRxFifo
 .text.USB_DriveVbus
                0x00000000080019c8       0x40 Drivers/STM32F7xx_HAL_Driver/Src/stm32f7xx_ll_usb.o
                0x00000000080019c8                USB_DriveVbus
 .text.USB_HostInit
                0x0000000008001a08       0xd0 Drivers/STM32F7xx_HAL_Driver/Src/stm32f7xx_ll_usb.o
                0x0000000008001a08                USB_HostInit
 .text.FATFS_LinkDriverEx
                0x0000000008001ad8       0x44 Middlewares/Third_Party/FatFs/src/ff_gen_drv.o
                0x0000000008001ad8                FATFS_LinkDriverEx
 .text.FATFS_LinkDriver
                0x0000000008001b1c        0x6 Middlewares/Third_Party/FatFs/src/ff_gen_drv.o
                0x0000000008001b1c                FATFS_LinkDriver
 .text.osKernelStart
                0x0000000008001b22        0xa Middlewares/Third_Party/FreeRTOS/Source/CMSIS_RTOS/cmsis_os.o
                0x0000000008001b22                osKernelStart
 .text.osThreadCreate
                0x0000000008001b2c       0x50 Middlewares/Third_Party/FreeRTOS/Source/CMSIS_RTOS/cmsis_os.o
                0x0000000008001b2c                osThreadCreate
 .text.osDelay  0x0000000008001b7c       0x10 Middlewares/Third_Party/FreeRTOS/Source/CMSIS_RTOS/cmsis_os.o
                0x0000000008001b7c                osDelay
 .text.vListInitialise
                0x0000000008001b8c       0x16 Middlewares/Third_Party/FreeRTOS/Source/list.o
                0x0000000008001b8c                vListInitialise
 .text.vListInitialiseItem
                0x0000000008001ba2        0x6 Middlewares/Third_Party/FreeRTOS/Source/list.o
                0x0000000008001ba2                vListInitialiseItem
 .text.vListInsertEnd
                0x0000000008001ba8       0x18 Middlewares/Third_Party/FreeRTOS/Source/list.o
                0x0000000008001ba8                vListInsertEnd
 .text.vListInsert
                0x0000000008001bc0       0x2e Middlewares/Third_Party/FreeRTOS/Source/list.o
                0x0000000008001bc0                vListInsert
 .text.uxListRemove
                0x0000000008001bee       0x22 Middlewares/Third_Party/FreeRTOS/Source/list.o
                0x0000000008001bee                uxListRemove
 .text.prvTaskExitError
                0x0000000008001c10       0x48 Middlewares/Third_Party/FreeRTOS/Source/portable/GCC/ARM_CM7/r0p1/port.o
 .text.unlikely.prvPortStartFirstTask
                0x0000000008001c58       0x28 Middlewares/Third_Party/FreeRTOS/Source/portable/GCC/ARM_CM7/r0p1/port.o
 .text.unlikely.vPortEnableVFP
                0x0000000008001c80       0x14 Middlewares/Third_Party/FreeRTOS/Source/portable/GCC/ARM_CM7/r0p1/port.o
 .text.pxPortInitialiseStack
                0x0000000008001c94       0x24 Middlewares/Third_Party/FreeRTOS/Source/portable/GCC/ARM_CM7/r0p1/port.o
                0x0000000008001c94                pxPortInitialiseStack
 *fill*         0x0000000008001cb8        0x8 
 .text.SVC_Handler
                0x0000000008001cc0       0x24 Middlewares/Third_Party/FreeRTOS/Source/portable/GCC/ARM_CM7/r0p1/port.o
                0x0000000008001cc0                SVC_Handler
 .text.vPortEnterCritical
                0x0000000008001ce4       0x4c Middlewares/Third_Party/FreeRTOS/Source/portable/GCC/ARM_CM7/r0p1/port.o
                0x0000000008001ce4                vPortEnterCritical
 .text.vPortExitCritical
                0x0000000008001d30       0x2c Middlewares/Third_Party/FreeRTOS/Source/portable/GCC/ARM_CM7/r0p1/port.o
                0x0000000008001d30                vPortExitCritical
 *fill*         0x0000000008001d5c        0x4 
 .text.PendSV_Handler
                0x0000000008001d60       0x64 Middlewares/Third_Party/FreeRTOS/Source/portable/GCC/ARM_CM7/r0p1/port.o
                0x0000000008001d60                PendSV_Handler
 .text.xPortSysTickHandler
                0x0000000008001dc4       0x30 Middlewares/Third_Party/FreeRTOS/Source/portable/GCC/ARM_CM7/r0p1/port.o
                0x0000000008001dc4                xPortSysTickHandler
 .text.vPortSetupTimerInterrupt
                0x0000000008001df4       0x34 Middlewares/Third_Party/FreeRTOS/Source/portable/GCC/ARM_CM7/r0p1/port.o
                0x0000000008001df4                vPortSetupTimerInterrupt
 .text.xPortStartScheduler
                0x0000000008001e28       0xcc Middlewares/Third_Party/FreeRTOS/Source/portable/GCC/ARM_CM7/r0p1/port.o
                0x0000000008001e28                xPortStartScheduler
 .text.unlikely.prvInsertBlockIntoFreeList
                0x0000000008001ef4       0x48 Middlewares/Third_Party/FreeRTOS/Source/portable/MemMang/heap_4.o
 .text.pvPortMalloc
                0x0000000008001f3c      0x124 Middlewares/Third_Party/FreeRTOS/Source/portable/MemMang/heap_4.o
                0x0000000008001f3c                pvPortMalloc
 .text.vPortFree
                0x0000000008002060       0x78 Middlewares/Third_Party/FreeRTOS/Source/portable/MemMang/heap_4.o
                0x0000000008002060                vPortFree
 .text.prvAddNewTaskToReadyList
                0x00000000080020d8       0xf8 Middlewares/Third_Party/FreeRTOS/Source/tasks.o
 .text.prvResetNextTaskUnblockTime
                0x00000000080021d0       0x24 Middlewares/Third_Party/FreeRTOS/Source/tasks.o
 .text.prvInitialiseNewTask.isra.2
                0x00000000080021f4       0x8a Middlewares/Third_Party/FreeRTOS/Source/tasks.o
 .text.prvDeleteTCB
                0x000000000800227e       0x3a Middlewares/Third_Party/FreeRTOS/Source/tasks.o
 .text.prvIdleTask
                0x00000000080022b8       0x64 Middlewares/Third_Party/FreeRTOS/Source/tasks.o
 .text.prvAddCurrentTaskToDelayedList
                0x000000000800231c       0x8c Middlewares/Third_Party/FreeRTOS/Source/tasks.o
 .text.unlikely.xTaskCreateStatic.part.5
                0x00000000080023a8       0x16 Middlewares/Third_Party/FreeRTOS/Source/tasks.o
 .text.xTaskCreateStatic
                0x00000000080023be       0x6a Middlewares/Third_Party/FreeRTOS/Source/tasks.o
                0x00000000080023be                xTaskCreateStatic
 .text.xTaskCreate
                0x0000000008002428       0x5a Middlewares/Third_Party/FreeRTOS/Source/tasks.o
                0x0000000008002428                xTaskCreate
 *fill*         0x0000000008002482        0x2 
 .text.vTaskDelete
                0x0000000008002484       0xd8 Middlewares/Third_Party/FreeRTOS/Source/tasks.o
                0x0000000008002484                vTaskDelete
 .text.vTaskStartScheduler
                0x000000000800255c       0x70 Middlewares/Third_Party/FreeRTOS/Source/tasks.o
                0x000000000800255c                vTaskStartScheduler
 .text.vTaskSuspendAll
                0x00000000080025cc       0x10 Middlewares/Third_Party/FreeRTOS/Source/tasks.o
                0x00000000080025cc                vTaskSuspendAll
 .text.xTaskIncrementTick
                0x00000000080025dc      0x128 Middlewares/Third_Party/FreeRTOS/Source/tasks.o
                0x00000000080025dc                xTaskIncrementTick
 .text.xTaskResumeAll
                0x0000000008002704       0xf4 Middlewares/Third_Party/FreeRTOS/Source/tasks.o
                0x0000000008002704                xTaskResumeAll
 .text.vTaskDelay
                0x00000000080027f8       0x4c Middlewares/Third_Party/FreeRTOS/Source/tasks.o
                0x00000000080027f8                vTaskDelay
 .text.vTaskSwitchContext
                0x0000000008002844       0x78 Middlewares/Third_Party/FreeRTOS/Source/tasks.o
                0x0000000008002844                vTaskSwitchContext
 .text.xTaskGetSchedulerState
                0x00000000080028bc       0x20 Middlewares/Third_Party/FreeRTOS/Source/tasks.o
                0x00000000080028bc                xTaskGetSchedulerState
 .text.MT48LC4M32B2_Init
                0x00000000080028dc       0xb0 Src/MT48LC4M32B2.o
                0x00000000080028dc                MT48LC4M32B2_Init
 .text.MX_FATFS_Init
                0x000000000800298c       0x1c Src/fatfs.o
                0x000000000800298c                MX_FATFS_Init
 .text.vApplicationGetIdleTaskMemory
                0x00000000080029a8       0x18 Src/freertos.o
                0x00000000080029a8                vApplicationGetIdleTaskMemory
 .text.MX_LIBJPEG_Init
                0x00000000080029c0        0x2 Src/libjpeg.o
                0x00000000080029c0                MX_LIBJPEG_Init
 *fill*         0x00000000080029c2        0x2 
 .text.TFT_FillScreen
                0x00000000080029c4       0x20 Src/ltdc.o
                0x00000000080029c4                TFT_FillScreen
 .text.StartDefaultTask
                0x00000000080029e4       0x32 Src/main.o
                0x00000000080029e4                StartDefaultTask
 *fill*         0x0000000008002a16        0x2 
 .text.SystemClock_Config
                0x0000000008002a18       0xc8 Src/main.o
                0x0000000008002a18                SystemClock_Config
 .text.startup.main
                0x0000000008002ae0      0x384 Src/main.o
                0x0000000008002ae0                main
 .text.HAL_MspInit
                0x0000000008002e64       0x40 Src/stm32f7xx_hal_msp.o
                0x0000000008002e64                HAL_MspInit
 .text.HAL_LTDC_MspInit
                0x0000000008002ea4       0xec Src/stm32f7xx_hal_msp.o
                0x0000000008002ea4                HAL_LTDC_MspInit
 .text.HAL_RNG_MspInit
                0x0000000008002f90       0x2c Src/stm32f7xx_hal_msp.o
                0x0000000008002f90                HAL_RNG_MspInit
 .text.HAL_HCD_MspInit
                0x0000000008002fbc       0x6c Src/stm32f7xx_hal_msp.o
                0x0000000008002fbc                HAL_HCD_MspInit
 .text.HAL_SDRAM_MspInit
                0x0000000008003028       0xd8 Src/stm32f7xx_hal_msp.o
                0x0000000008003028                HAL_SDRAM_MspInit
 .text.NMI_Handler
                0x0000000008003100        0x2 Src/stm32f7xx_it.o
                0x0000000008003100                NMI_Handler
 .text.HardFault_Handler
                0x0000000008003102        0x2 Src/stm32f7xx_it.o
                0x0000000008003102                HardFault_Handler
 .text.MemManage_Handler
                0x0000000008003104        0x2 Src/stm32f7xx_it.o
                0x0000000008003104                MemManage_Handler
 .text.BusFault_Handler
                0x0000000008003106        0x2 Src/stm32f7xx_it.o
                0x0000000008003106                BusFault_Handler
 .text.UsageFault_Handler
                0x0000000008003108        0x2 Src/stm32f7xx_it.o
                0x0000000008003108                UsageFault_Handler
 .text.DebugMon_Handler
                0x000000000800310a        0x2 Src/stm32f7xx_it.o
                0x000000000800310a                DebugMon_Handler
 .text.SysTick_Handler
                0x000000000800310c       0x18 Src/stm32f7xx_it.o
                0x000000000800310c                SysTick_Handler
 .text.SystemInit
                0x0000000008003124       0x1c Src/system_stm32f7xx.o
                0x0000000008003124                SystemInit
 .text.USER_status
                0x0000000008003140       0x10 Src/user_diskio.o
                0x0000000008003140                USER_status
 .text.USER_write
                0x0000000008003150        0x4 Src/user_diskio.o
                0x0000000008003150                USER_write
 .text.USER_ioctl
                0x0000000008003154        0x4 Src/user_diskio.o
                0x0000000008003154                USER_ioctl
 .text.USER_read
                0x0000000008003158        0x4 Src/user_diskio.o
                0x0000000008003158                USER_read
 .text.USER_initialize
                0x000000000800315c       0x10 Src/user_diskio.o
                0x000000000800315c                USER_initialize
 .text.Reset_Handler
                0x000000000800316c       0x50 startup/startup_stm32f746xx.o
                0x000000000800316c                Reset_Handler
 .text.Default_Handler
                0x00000000080031bc        0x2 startup/startup_stm32f746xx.o
                0x00000000080031bc                RTC_Alarm_IRQHandler
                0x00000000080031bc                EXTI2_IRQHandler
                0x00000000080031bc                TIM8_CC_IRQHandler
                0x00000000080031bc                UART8_IRQHandler
                0x00000000080031bc                SPI4_IRQHandler
                0x00000000080031bc                TIM1_CC_IRQHandler
                0x00000000080031bc                DMA2_Stream5_IRQHandler
                0x00000000080031bc                DMA1_Stream5_IRQHandler
                0x00000000080031bc                PVD_IRQHandler
                0x00000000080031bc                TAMP_STAMP_IRQHandler
                0x00000000080031bc                CAN2_RX1_IRQHandler
                0x00000000080031bc                EXTI3_IRQHandler
                0x00000000080031bc                TIM8_TRG_COM_TIM14_IRQHandler
                0x00000000080031bc                TIM1_UP_TIM10_IRQHandler
                0x00000000080031bc                TIM8_UP_TIM13_IRQHandler
                0x00000000080031bc                I2C3_ER_IRQHandler
                0x00000000080031bc                EXTI0_IRQHandler
                0x00000000080031bc                I2C2_EV_IRQHandler
                0x00000000080031bc                DMA1_Stream2_IRQHandler
                0x00000000080031bc                CAN1_RX0_IRQHandler
                0x00000000080031bc                FPU_IRQHandler
                0x00000000080031bc                OTG_HS_WKUP_IRQHandler
                0x00000000080031bc                LTDC_ER_IRQHandler
                0x00000000080031bc                CAN2_SCE_IRQHandler
                0x00000000080031bc                DMA2_Stream2_IRQHandler
                0x00000000080031bc                SPI1_IRQHandler
                0x00000000080031bc                TIM6_DAC_IRQHandler
                0x00000000080031bc                TIM1_BRK_TIM9_IRQHandler
                0x00000000080031bc                DCMI_IRQHandler
                0x00000000080031bc                CAN2_RX0_IRQHandler
                0x00000000080031bc                DMA2_Stream3_IRQHandler
                0x00000000080031bc                SAI2_IRQHandler
                0x00000000080031bc                USART6_IRQHandler
                0x00000000080031bc                USART3_IRQHandler
                0x00000000080031bc                CAN1_RX1_IRQHandler
                0x00000000080031bc                UART5_IRQHandler
                0x00000000080031bc                DMA2_Stream0_IRQHandler
                0x00000000080031bc                TIM4_IRQHandler
                0x00000000080031bc                QUADSPI_IRQHandler
                0x00000000080031bc                I2C1_EV_IRQHandler
                0x00000000080031bc                DMA1_Stream6_IRQHandler
                0x00000000080031bc                DMA1_Stream1_IRQHandler
                0x00000000080031bc                UART4_IRQHandler
                0x00000000080031bc                TIM3_IRQHandler
                0x00000000080031bc                RCC_IRQHandler
                0x00000000080031bc                TIM8_BRK_TIM12_IRQHandler
                0x00000000080031bc                Default_Handler
                0x00000000080031bc                CEC_IRQHandler
                0x00000000080031bc                EXTI15_10_IRQHandler
                0x00000000080031bc                ADC_IRQHandler
                0x00000000080031bc                DMA1_Stream7_IRQHandler
                0x00000000080031bc                SPI5_IRQHandler
                0x00000000080031bc                TIM7_IRQHandler
                0x00000000080031bc                SDMMC1_IRQHandler
                0x00000000080031bc                CAN2_TX_IRQHandler
                0x00000000080031bc                TIM5_IRQHandler
                0x00000000080031bc                DMA2_Stream7_IRQHandler
                0x00000000080031bc                I2C3_EV_IRQHandler
                0x00000000080031bc                EXTI9_5_IRQHandler
                0x00000000080031bc                RTC_WKUP_IRQHandler
                0x00000000080031bc                LTDC_IRQHandler
                0x00000000080031bc                ETH_WKUP_IRQHandler
                0x00000000080031bc                SPDIF_RX_IRQHandler
                0x00000000080031bc                SPI2_IRQHandler
                0x00000000080031bc                OTG_HS_EP1_IN_IRQHandler
                0x00000000080031bc                DMA1_Stream0_IRQHandler
                0x00000000080031bc                CAN1_TX_IRQHandler
                0x00000000080031bc                EXTI4_IRQHandler
                0x00000000080031bc                RNG_IRQHandler
                0x00000000080031bc                ETH_IRQHandler
                0x00000000080031bc                OTG_HS_EP1_OUT_IRQHandler
                0x00000000080031bc                WWDG_IRQHandler
                0x00000000080031bc                SPI6_IRQHandler
                0x00000000080031bc                I2C4_EV_IRQHandler
                0x00000000080031bc                TIM2_IRQHandler
                0x00000000080031bc                OTG_FS_WKUP_IRQHandler
                0x00000000080031bc                TIM1_TRG_COM_TIM11_IRQHandler
                0x00000000080031bc                OTG_HS_IRQHandler
                0x00000000080031bc                DMA2D_IRQHandler
                0x00000000080031bc                EXTI1_IRQHandler
                0x00000000080031bc                UART7_IRQHandler
                0x00000000080031bc                USART2_IRQHandler
                0x00000000080031bc                I2C2_ER_IRQHandler
                0x00000000080031bc                DMA2_Stream1_IRQHandler
                0x00000000080031bc                CAN1_SCE_IRQHandler
                0x00000000080031bc                FLASH_IRQHandler
                0x00000000080031bc                DMA2_Stream4_IRQHandler
                0x00000000080031bc                USART1_IRQHandler
                0x00000000080031bc                OTG_FS_IRQHandler
                0x00000000080031bc                SPI3_IRQHandler
                0x00000000080031bc                DMA1_Stream4_IRQHandler
                0x00000000080031bc                I2C1_ER_IRQHandler
                0x00000000080031bc                FMC_IRQHandler
                0x00000000080031bc                LPTIM1_IRQHandler
                0x00000000080031bc                I2C4_ER_IRQHandler
                0x00000000080031bc                DMA2_Stream6_IRQHandler
                0x00000000080031bc                SAI1_IRQHandler
                0x00000000080031bc                DMA1_Stream3_IRQHandler
 *fill*         0x00000000080031be        0x2 
 .text.__libc_init_array
                0x00000000080031c0       0x48 /opt/Atollic_TrueSTUDIO_for_STM32_x86_64_9.3.0/ARMTools/bin/../lib/gcc/arm-atollic-eabi/6.3.1/../../../../arm-atollic-eabi/lib/armv7e-m/fpu/fpv5-sp-d16/libc_nano.a(lib_a-init.o)
                0x00000000080031c0                __libc_init_array
 .text.memset   0x0000000008003208       0x10 /opt/Atollic_TrueSTUDIO_for_STM32_x86_64_9.3.0/ARMTools/bin/../lib/gcc/arm-atollic-eabi/6.3.1/../../../../arm-atollic-eabi/lib/armv7e-m/fpu/fpv5-sp-d16/libc_nano.a(lib_a-memset.o)
                0x0000000008003208                memset
 *(.glue_7)
 .glue_7        0x0000000008003218        0x0 linker stubs
 *(.glue_7t)
 .glue_7t       0x0000000008003218        0x0 linker stubs
 *(.eh_frame)
 .eh_frame      0x0000000008003218        0x0 /opt/Atollic_TrueSTUDIO_for_STM32_x86_64_9.3.0/ARMTools/bin/../lib/gcc/arm-atollic-eabi/6.3.1/armv7e-m/fpu/fpv5-sp-d16/crtbegin.o
 *(.init)
 .init          0x0000000008003218        0x4 /opt/Atollic_TrueSTUDIO_for_STM32_x86_64_9.3.0/ARMTools/bin/../lib/gcc/arm-atollic-eabi/6.3.1/armv7e-m/fpu/fpv5-sp-d16/crti.o
                0x0000000008003218                _init
 .init          0x000000000800321c        0x8 /opt/Atollic_TrueSTUDIO_for_STM32_x86_64_9.3.0/ARMTools/bin/../lib/gcc/arm-atollic-eabi/6.3.1/armv7e-m/fpu/fpv5-sp-d16/crtn.o
 *(.fini)
 .fini          0x0000000008003224        0x4 /opt/Atollic_TrueSTUDIO_for_STM32_x86_64_9.3.0/ARMTools/bin/../lib/gcc/arm-atollic-eabi/6.3.1/armv7e-m/fpu/fpv5-sp-d16/crti.o
                0x0000000008003224                _fini
 .fini          0x0000000008003228        0x8 /opt/Atollic_TrueSTUDIO_for_STM32_x86_64_9.3.0/ARMTools/bin/../lib/gcc/arm-atollic-eabi/6.3.1/armv7e-m/fpu/fpv5-sp-d16/crtn.o
                0x0000000008003230                . = ALIGN (0x4)
                0x0000000008003230                _etext = .

.vfp11_veneer   0x0000000008003230        0x0
 .vfp11_veneer  0x0000000008003230        0x0 linker stubs

.v4_bx          0x0000000008003230        0x0
 .v4_bx         0x0000000008003230        0x0 linker stubs

.iplt           0x0000000008003230        0x0
 .iplt          0x0000000008003230        0x0 /opt/Atollic_TrueSTUDIO_for_STM32_x86_64_9.3.0/ARMTools/bin/../lib/gcc/arm-atollic-eabi/6.3.1/armv7e-m/fpu/fpv5-sp-d16/crtbegin.o

.rodata         0x0000000008003230       0x40
                0x0000000008003230                . = ALIGN (0x4)
 *(.rodata)
 .rodata        0x0000000008003230       0x1c Src/main.o
 *(.rodata*)
 .rodata.vTaskStartScheduler.str1.1
                0x000000000800324c        0x5 Middlewares/Third_Party/FreeRTOS/Source/tasks.o
 .rodata.str1.1
                0x0000000008003251        0xc Src/main.o
 .rodata.AHBPrescTable
                0x000000000800325d       0x10 Src/system_stm32f7xx.o
                0x000000000800325d                AHBPrescTable
                0x0000000008003270                . = ALIGN (0x4)
 *fill*         0x000000000800326d        0x3 

.ARM.extab
 *(.ARM.extab* .gnu.linkonce.armextab.*)

.ARM            0x0000000008003270        0x8
                0x0000000008003270                __exidx_start = .
 *(.ARM.exidx*)
 .ARM.exidx     0x0000000008003270        0x8 /opt/Atollic_TrueSTUDIO_for_STM32_x86_64_9.3.0/ARMTools/bin/../lib/gcc/arm-atollic-eabi/6.3.1/armv7e-m/fpu/fpv5-sp-d16/libgcc.a(_udivmoddi4.o)
                0x0000000008003278                __exidx_end = .

.rel.dyn        0x0000000008003278        0x0
 .rel.iplt      0x0000000008003278        0x0 /opt/Atollic_TrueSTUDIO_for_STM32_x86_64_9.3.0/ARMTools/bin/../lib/gcc/arm-atollic-eabi/6.3.1/armv7e-m/fpu/fpv5-sp-d16/crtbegin.o

.preinit_array  0x0000000008003278        0x0
                0x0000000008003278                PROVIDE (__preinit_array_start, .)
 *(.preinit_array*)
                0x0000000008003278                PROVIDE (__preinit_array_end, .)

.init_array     0x0000000008003278        0x4
                0x0000000008003278                PROVIDE (__init_array_start, .)
 *(SORT(.init_array.*))
 *(.init_array*)
 .init_array    0x0000000008003278        0x4 /opt/Atollic_TrueSTUDIO_for_STM32_x86_64_9.3.0/ARMTools/bin/../lib/gcc/arm-atollic-eabi/6.3.1/armv7e-m/fpu/fpv5-sp-d16/crtbegin.o
                0x000000000800327c                PROVIDE (__init_array_end, .)

.fini_array     0x000000000800327c        0x4
                [!provide]                        PROVIDE (__fini_array_start, .)
 *(SORT(.fini_array.*))
 *(.fini_array*)
 .fini_array    0x000000000800327c        0x4 /opt/Atollic_TrueSTUDIO_for_STM32_x86_64_9.3.0/ARMTools/bin/../lib/gcc/arm-atollic-eabi/6.3.1/armv7e-m/fpu/fpv5-sp-d16/crtbegin.o
                [!provide]                        PROVIDE (__fini_array_end, .)
                0x0000000008003280                _sidata = LOADADDR (.data)

.data           0x0000000020000000       0x28 load address 0x0000000008003280
                0x0000000020000000                . = ALIGN (0x4)
                0x0000000020000000                _sdata = .
 *(.data)
 *(.data*)
 .data.uwTickFreq
                0x0000000020000000        0x1 Drivers/STM32F7xx_HAL_Driver/Src/stm32f7xx_hal.o
                0x0000000020000000                uwTickFreq
 *fill*         0x0000000020000001        0x3 
 .data.uwTickPrio
                0x0000000020000004        0x4 Drivers/STM32F7xx_HAL_Driver/Src/stm32f7xx_hal.o
                0x0000000020000004                uwTickPrio
 .data.uxCriticalNesting
                0x0000000020000008        0x4 Middlewares/Third_Party/FreeRTOS/Source/portable/GCC/ARM_CM7/r0p1/port.o
 .data.SystemCoreClock
                0x000000002000000c        0x4 Src/system_stm32f7xx.o
                0x000000002000000c                SystemCoreClock
 .data.Stat     0x0000000020000010        0x1 Src/user_diskio.o
 *fill*         0x0000000020000011        0x3 
 .data.USER_Driver
                0x0000000020000014       0x14 Src/user_diskio.o
                0x0000000020000014                USER_Driver
                0x0000000020000028                . = ALIGN (0x4)
                0x0000000020000028                _edata = .

.igot.plt       0x0000000020000028        0x0 load address 0x00000000080032a8
 .igot.plt      0x0000000020000028        0x0 /opt/Atollic_TrueSTUDIO_for_STM32_x86_64_9.3.0/ARMTools/bin/../lib/gcc/arm-atollic-eabi/6.3.1/armv7e-m/fpu/fpv5-sp-d16/crtbegin.o
                0x0000000020000028                . = ALIGN (0x4)

.bss            0x0000000020000028     0x6434 load address 0x00000000080032a8
                0x0000000020000028                _sbss = .
                0x0000000020000028                __bss_start__ = _sbss
 *(.bss)
 .bss           0x0000000020000028       0x1c /opt/Atollic_TrueSTUDIO_for_STM32_x86_64_9.3.0/ARMTools/bin/../lib/gcc/arm-atollic-eabi/6.3.1/armv7e-m/fpu/fpv5-sp-d16/crtbegin.o
 *(.bss*)
 .bss.disk      0x0000000020000044        0xc Middlewares/Third_Party/FatFs/src/ff_gen_drv.o
                0x0000000020000044                disk
 .bss.ucMaxSysCallPriority
                0x0000000020000050        0x1 Middlewares/Third_Party/FreeRTOS/Source/portable/GCC/ARM_CM7/r0p1/port.o
 *fill*         0x0000000020000051        0x3 
 .bss.ulMaxPRIGROUPValue
                0x0000000020000054        0x4 Middlewares/Third_Party/FreeRTOS/Source/portable/GCC/ARM_CM7/r0p1/port.o
 .bss.pxEnd     0x0000000020000058        0x4 Middlewares/Third_Party/FreeRTOS/Source/portable/MemMang/heap_4.o
 .bss.ucHeap    0x000000002000005c     0x3c00 Middlewares/Third_Party/FreeRTOS/Source/portable/MemMang/heap_4.o
 .bss.xBlockAllocatedBit
                0x0000000020003c5c        0x4 Middlewares/Third_Party/FreeRTOS/Source/portable/MemMang/heap_4.o
 .bss.xFreeBytesRemaining
                0x0000000020003c60        0x4 Middlewares/Third_Party/FreeRTOS/Source/portable/MemMang/heap_4.o
 .bss.xMinimumEverFreeBytesRemaining
                0x0000000020003c64        0x4 Middlewares/Third_Party/FreeRTOS/Source/portable/MemMang/heap_4.o
 .bss.xStart    0x0000000020003c68        0x8 Middlewares/Third_Party/FreeRTOS/Source/portable/MemMang/heap_4.o
 .bss.pxCurrentTCB
                0x0000000020003c70        0x4 Middlewares/Third_Party/FreeRTOS/Source/tasks.o
                0x0000000020003c70                pxCurrentTCB
 .bss.pxDelayedTaskList
                0x0000000020003c74        0x4 Middlewares/Third_Party/FreeRTOS/Source/tasks.o
 .bss.pxOverflowDelayedTaskList
                0x0000000020003c78        0x4 Middlewares/Third_Party/FreeRTOS/Source/tasks.o
 .bss.pxReadyTasksLists
                0x0000000020003c7c       0x8c Middlewares/Third_Party/FreeRTOS/Source/tasks.o
 .bss.uxCurrentNumberOfTasks
                0x0000000020003d08        0x4 Middlewares/Third_Party/FreeRTOS/Source/tasks.o
 .bss.uxDeletedTasksWaitingCleanUp
                0x0000000020003d0c        0x4 Middlewares/Third_Party/FreeRTOS/Source/tasks.o
 .bss.uxPendedTicks
                0x0000000020003d10        0x4 Middlewares/Third_Party/FreeRTOS/Source/tasks.o
 .bss.uxSchedulerSuspended
                0x0000000020003d14        0x4 Middlewares/Third_Party/FreeRTOS/Source/tasks.o
 .bss.uxTaskNumber
                0x0000000020003d18        0x4 Middlewares/Third_Party/FreeRTOS/Source/tasks.o
 .bss.uxTopReadyPriority
                0x0000000020003d1c        0x4 Middlewares/Third_Party/FreeRTOS/Source/tasks.o
 .bss.xDelayedTaskList1
                0x0000000020003d20       0x14 Middlewares/Third_Party/FreeRTOS/Source/tasks.o
 .bss.xDelayedTaskList2
                0x0000000020003d34       0x14 Middlewares/Third_Party/FreeRTOS/Source/tasks.o
 .bss.xNextTaskUnblockTime
                0x0000000020003d48        0x4 Middlewares/Third_Party/FreeRTOS/Source/tasks.o
 .bss.xNumOfOverflows
                0x0000000020003d4c        0x4 Middlewares/Third_Party/FreeRTOS/Source/tasks.o
 .bss.xPendingReadyList
                0x0000000020003d50       0x14 Middlewares/Third_Party/FreeRTOS/Source/tasks.o
 .bss.xSchedulerRunning
                0x0000000020003d64        0x4 Middlewares/Third_Party/FreeRTOS/Source/tasks.o
 .bss.xSuspendedTaskList
                0x0000000020003d68       0x14 Middlewares/Third_Party/FreeRTOS/Source/tasks.o
 .bss.xTasksWaitingTermination
                0x0000000020003d7c       0x14 Middlewares/Third_Party/FreeRTOS/Source/tasks.o
 .bss.xTickCount
                0x0000000020003d90        0x4 Middlewares/Third_Party/FreeRTOS/Source/tasks.o
 .bss.xYieldPending
                0x0000000020003d94        0x4 Middlewares/Third_Party/FreeRTOS/Source/tasks.o
 .bss.xIdleStack
                0x0000000020003d98      0x200 Src/freertos.o
 .bss.xIdleTaskTCBBuffer
                0x0000000020003f98       0x54 Src/freertos.o
 .bss.FMC_Initialized
                0x0000000020003fec        0x4 Src/stm32f7xx_hal_msp.o
 *(COMMON)
 COMMON         0x0000000020003ff0        0x4 Drivers/STM32F7xx_HAL_Driver/Src/stm32f7xx_hal.o
                0x0000000020003ff0                uwTick
 COMMON         0x0000000020003ff4       0x11 Src/MT48LC4M32B2.o
                0x0000000020003ff4                command
                0x0000000020004004                hal_stat
 *fill*         0x0000000020004005        0x3 
 COMMON         0x0000000020004008     0x20a0 Src/fatfs.o
                0x0000000020004008                USERPath
                0x000000002000400c                retUSER
                0x0000000020004010                USERFile
                0x0000000020005068                USERFatFS
 COMMON         0x00000000200060a8      0x3b4 Src/main.o
                0x00000000200060a8                defaultTaskHandle
                0x00000000200060ac                hltdc
                0x0000000020006154                hhcd_USB_OTG_HS
                0x0000000020006418                hrng
                0x0000000020006428                hsdram1
                0x000000002000645c                . = ALIGN (0x4)
                0x000000002000645c                _ebss = .
                0x000000002000645c                __bss_end__ = _ebss

._user_heap_stack
                0x000000002000645c     0x6000 load address 0x00000000080032a8
                0x000000002000645c                . = ALIGN (0x4)
                0x000000002000645c                PROVIDE (end, .)
                [!provide]                        PROVIDE (_end, .)
                0x000000002000845c                . = (. + _Min_Heap_Size)
 *fill*         0x000000002000645c     0x2000 
                0x000000002000c45c                . = (. + _Min_Stack_Size)
 *fill*         0x000000002000845c     0x4000 
                0x000000002000c45c                . = ALIGN (0x4)

/DISCARD/
 libc.a(*)
 libm.a(*)
 libgcc.a(*)

.ARM.attributes
                0x0000000000000000       0x30
 *(.ARM.attributes)
 .ARM.attributes
                0x0000000000000000       0x22 /opt/Atollic_TrueSTUDIO_for_STM32_x86_64_9.3.0/ARMTools/bin/../lib/gcc/arm-atollic-eabi/6.3.1/armv7e-m/fpu/fpv5-sp-d16/crti.o
 .ARM.attributes
                0x0000000000000022       0x34 /opt/Atollic_TrueSTUDIO_for_STM32_x86_64_9.3.0/ARMTools/bin/../lib/gcc/arm-atollic-eabi/6.3.1/armv7e-m/fpu/fpv5-sp-d16/crtbegin.o
 .ARM.attributes
                0x0000000000000056       0x39 Drivers/STM32F7xx_HAL_Driver/Src/stm32f7xx_hal.o
 .ARM.attributes
                0x000000000000008f       0x39 Drivers/STM32F7xx_HAL_Driver/Src/stm32f7xx_hal_cortex.o
 .ARM.attributes
                0x00000000000000c8       0x39 Drivers/STM32F7xx_HAL_Driver/Src/stm32f7xx_hal_gpio.o
 .ARM.attributes
                0x0000000000000101       0x39 Drivers/STM32F7xx_HAL_Driver/Src/stm32f7xx_hal_hcd.o
 .ARM.attributes
                0x000000000000013a       0x39 Drivers/STM32F7xx_HAL_Driver/Src/stm32f7xx_hal_ltdc.o
 .ARM.attributes
                0x0000000000000173       0x39 Drivers/STM32F7xx_HAL_Driver/Src/stm32f7xx_hal_pwr_ex.o
 .ARM.attributes
                0x00000000000001ac       0x39 Drivers/STM32F7xx_HAL_Driver/Src/stm32f7xx_hal_rcc.o
 .ARM.attributes
                0x00000000000001e5       0x39 Drivers/STM32F7xx_HAL_Driver/Src/stm32f7xx_hal_rcc_ex.o
 .ARM.attributes
                0x000000000000021e       0x39 Drivers/STM32F7xx_HAL_Driver/Src/stm32f7xx_hal_rng.o
 .ARM.attributes
                0x0000000000000257       0x39 Drivers/STM32F7xx_HAL_Driver/Src/stm32f7xx_hal_sdram.o
 .ARM.attributes
                0x0000000000000290       0x39 Drivers/STM32F7xx_HAL_Driver/Src/stm32f7xx_ll_fmc.o
 .ARM.attributes
                0x00000000000002c9       0x39 Drivers/STM32F7xx_HAL_Driver/Src/stm32f7xx_ll_usb.o
 .ARM.attributes
                0x0000000000000302       0x39 Middlewares/Third_Party/FatFs/src/ff_gen_drv.o
 .ARM.attributes
                0x000000000000033b       0x39 Middlewares/Third_Party/FreeRTOS/Source/CMSIS_RTOS/cmsis_os.o
 .ARM.attributes
                0x0000000000000374       0x39 Middlewares/Third_Party/FreeRTOS/Source/list.o
 .ARM.attributes
                0x00000000000003ad       0x39 Middlewares/Third_Party/FreeRTOS/Source/portable/GCC/ARM_CM7/r0p1/port.o
 .ARM.attributes
                0x00000000000003e6       0x39 Middlewares/Third_Party/FreeRTOS/Source/portable/MemMang/heap_4.o
 .ARM.attributes
                0x000000000000041f       0x39 Middlewares/Third_Party/FreeRTOS/Source/tasks.o
 .ARM.attributes
                0x0000000000000458       0x39 Src/MT48LC4M32B2.o
 .ARM.attributes
                0x0000000000000491       0x39 Src/fatfs.o
 .ARM.attributes
                0x00000000000004ca       0x39 Src/freertos.o
 .ARM.attributes
                0x0000000000000503       0x39 Src/libjpeg.o
 .ARM.attributes
                0x000000000000053c       0x39 Src/ltdc.o
 .ARM.attributes
                0x0000000000000575       0x39 Src/main.o
 .ARM.attributes
                0x00000000000005ae       0x39 Src/stm32f7xx_hal_msp.o
 .ARM.attributes
                0x00000000000005e7       0x39 Src/stm32f7xx_it.o
 .ARM.attributes
                0x0000000000000620       0x39 Src/system_stm32f7xx.o
 .ARM.attributes
                0x0000000000000659       0x39 Src/user_diskio.o
 .ARM.attributes
                0x0000000000000692       0x21 startup/startup_stm32f746xx.o
 .ARM.attributes
                0x00000000000006b3       0x34 /opt/Atollic_TrueSTUDIO_for_STM32_x86_64_9.3.0/ARMTools/bin/../lib/gcc/arm-atollic-eabi/6.3.1/../../../../arm-atollic-eabi/lib/armv7e-m/fpu/fpv5-sp-d16/libc_nano.a(lib_a-init.o)
 .ARM.attributes
                0x00000000000006e7       0x34 /opt/Atollic_TrueSTUDIO_for_STM32_x86_64_9.3.0/ARMTools/bin/../lib/gcc/arm-atollic-eabi/6.3.1/../../../../arm-atollic-eabi/lib/armv7e-m/fpu/fpv5-sp-d16/libc_nano.a(lib_a-memset.o)
 .ARM.attributes
                0x000000000000071b       0x22 /opt/Atollic_TrueSTUDIO_for_STM32_x86_64_9.3.0/ARMTools/bin/../lib/gcc/arm-atollic-eabi/6.3.1/armv7e-m/fpu/fpv5-sp-d16/libgcc.a(_aeabi_uldivmod.o)
 .ARM.attributes
                0x000000000000073d       0x34 /opt/Atollic_TrueSTUDIO_for_STM32_x86_64_9.3.0/ARMTools/bin/../lib/gcc/arm-atollic-eabi/6.3.1/armv7e-m/fpu/fpv5-sp-d16/libgcc.a(_udivmoddi4.o)
 .ARM.attributes
                0x0000000000000771       0x22 /opt/Atollic_TrueSTUDIO_for_STM32_x86_64_9.3.0/ARMTools/bin/../lib/gcc/arm-atollic-eabi/6.3.1/armv7e-m/fpu/fpv5-sp-d16/libgcc.a(_dvmd_tls.o)
 .ARM.attributes
                0x0000000000000793       0x22 /opt/Atollic_TrueSTUDIO_for_STM32_x86_64_9.3.0/ARMTools/bin/../lib/gcc/arm-atollic-eabi/6.3.1/armv7e-m/fpu/fpv5-sp-d16/crtn.o
OUTPUT(LTDC_SDRAM.elf elf32-littlearm)

.debug_info     0x0000000000000000    0x1a830
 .debug_info    0x0000000000000000      0xaa3 Drivers/STM32F7xx_HAL_Driver/Src/stm32f7xx_hal.o
 .debug_info    0x0000000000000aa3     0x11ac Drivers/STM32F7xx_HAL_Driver/Src/stm32f7xx_hal_cortex.o
 .debug_info    0x0000000000001c4f      0x7ed Drivers/STM32F7xx_HAL_Driver/Src/stm32f7xx_hal_gpio.o
 .debug_info    0x000000000000243c     0x130d Drivers/STM32F7xx_HAL_Driver/Src/stm32f7xx_hal_hcd.o
 .debug_info    0x0000000000003749     0x134e Drivers/STM32F7xx_HAL_Driver/Src/stm32f7xx_hal_ltdc.o
 .debug_info    0x0000000000004a97      0xa38 Drivers/STM32F7xx_HAL_Driver/Src/stm32f7xx_hal_pwr_ex.o
 .debug_info    0x00000000000054cf      0xb51 Drivers/STM32F7xx_HAL_Driver/Src/stm32f7xx_hal_rcc.o
 .debug_info    0x0000000000006020      0x8a5 Drivers/STM32F7xx_HAL_Driver/Src/stm32f7xx_hal_rcc_ex.o
 .debug_info    0x00000000000068c5      0x61a Drivers/STM32F7xx_HAL_Driver/Src/stm32f7xx_hal_rng.o
 .debug_info    0x0000000000006edf      0xdf8 Drivers/STM32F7xx_HAL_Driver/Src/stm32f7xx_hal_sdram.o
 .debug_info    0x0000000000007cd7      0xd0e Drivers/STM32F7xx_HAL_Driver/Src/stm32f7xx_ll_fmc.o
 .debug_info    0x00000000000089e5     0x1c06 Drivers/STM32F7xx_HAL_Driver/Src/stm32f7xx_ll_usb.o
 .debug_info    0x000000000000a5eb      0x547 Middlewares/Third_Party/FatFs/src/ff_gen_drv.o
 .debug_info    0x000000000000ab32     0x2946 Middlewares/Third_Party/FreeRTOS/Source/CMSIS_RTOS/cmsis_os.o
 .debug_info    0x000000000000d478      0xacb Middlewares/Third_Party/FreeRTOS/Source/list.o
 .debug_info    0x000000000000df43      0x525 Middlewares/Third_Party/FreeRTOS/Source/portable/GCC/ARM_CM7/r0p1/port.o
 .debug_info    0x000000000000e468      0xca5 Middlewares/Third_Party/FreeRTOS/Source/portable/MemMang/heap_4.o
 .debug_info    0x000000000000f10d     0x2e94 Middlewares/Third_Party/FreeRTOS/Source/tasks.o
 .debug_info    0x0000000000011fa1      0x742 Src/MT48LC4M32B2.o
 .debug_info    0x00000000000126e3      0x645 Src/fatfs.o
 .debug_info    0x0000000000012d28      0x343 Src/freertos.o
 .debug_info    0x000000000001306b      0x8c5 Src/libjpeg.o
 .debug_info    0x0000000000013930      0xdec Src/ltdc.o
 .debug_info    0x000000000001471c     0x3157 Src/main.o
 .debug_info    0x0000000000017873     0x1982 Src/stm32f7xx_hal_msp.o
 .debug_info    0x00000000000191f5      0x23a Src/stm32f7xx_it.o
 .debug_info    0x000000000001942f      0x744 Src/system_stm32f7xx.o
 .debug_info    0x0000000000019b73      0xc35 Src/user_diskio.o
 .debug_info    0x000000000001a7a8       0x88 startup/startup_stm32f746xx.o

.debug_abbrev   0x0000000000000000     0x40fe
 .debug_abbrev  0x0000000000000000      0x239 Drivers/STM32F7xx_HAL_Driver/Src/stm32f7xx_hal.o
 .debug_abbrev  0x0000000000000239      0x314 Drivers/STM32F7xx_HAL_Driver/Src/stm32f7xx_hal_cortex.o
 .debug_abbrev  0x000000000000054d      0x1ef Drivers/STM32F7xx_HAL_Driver/Src/stm32f7xx_hal_gpio.o
 .debug_abbrev  0x000000000000073c      0x312 Drivers/STM32F7xx_HAL_Driver/Src/stm32f7xx_hal_hcd.o
 .debug_abbrev  0x0000000000000a4e      0x25c Drivers/STM32F7xx_HAL_Driver/Src/stm32f7xx_hal_ltdc.o
 .debug_abbrev  0x0000000000000caa      0x1c4 Drivers/STM32F7xx_HAL_Driver/Src/stm32f7xx_hal_pwr_ex.o
 .debug_abbrev  0x0000000000000e6e      0x297 Drivers/STM32F7xx_HAL_Driver/Src/stm32f7xx_hal_rcc.o
 .debug_abbrev  0x0000000000001105      0x1c8 Drivers/STM32F7xx_HAL_Driver/Src/stm32f7xx_hal_rcc_ex.o
 .debug_abbrev  0x00000000000012cd      0x24f Drivers/STM32F7xx_HAL_Driver/Src/stm32f7xx_hal_rng.o
 .debug_abbrev  0x000000000000151c      0x269 Drivers/STM32F7xx_HAL_Driver/Src/stm32f7xx_hal_sdram.o
 .debug_abbrev  0x0000000000001785      0x198 Drivers/STM32F7xx_HAL_Driver/Src/stm32f7xx_ll_fmc.o
 .debug_abbrev  0x000000000000191d      0x350 Drivers/STM32F7xx_HAL_Driver/Src/stm32f7xx_ll_usb.o
 .debug_abbrev  0x0000000000001c6d      0x20b Middlewares/Third_Party/FatFs/src/ff_gen_drv.o
 .debug_abbrev  0x0000000000001e78      0x46a Middlewares/Third_Party/FreeRTOS/Source/CMSIS_RTOS/cmsis_os.o
 .debug_abbrev  0x00000000000022e2      0x1ea Middlewares/Third_Party/FreeRTOS/Source/list.o
 .debug_abbrev  0x00000000000024cc      0x24e Middlewares/Third_Party/FreeRTOS/Source/portable/GCC/ARM_CM7/r0p1/port.o
 .debug_abbrev  0x000000000000271a      0x314 Middlewares/Third_Party/FreeRTOS/Source/portable/MemMang/heap_4.o
 .debug_abbrev  0x0000000000002a2e      0x423 Middlewares/Third_Party/FreeRTOS/Source/tasks.o
 .debug_abbrev  0x0000000000002e51      0x192 Src/MT48LC4M32B2.o
 .debug_abbrev  0x0000000000002fe3      0x173 Src/fatfs.o
 .debug_abbrev  0x0000000000003156      0x104 Src/freertos.o
 .debug_abbrev  0x000000000000325a      0x171 Src/libjpeg.o
 .debug_abbrev  0x00000000000033cb      0x1f3 Src/ltdc.o
 .debug_abbrev  0x00000000000035be      0x39c Src/main.o
 .debug_abbrev  0x000000000000395a      0x2c9 Src/stm32f7xx_hal_msp.o
 .debug_abbrev  0x0000000000003c23      0x12e Src/stm32f7xx_it.o
 .debug_abbrev  0x0000000000003d51      0x142 Src/system_stm32f7xx.o
 .debug_abbrev  0x0000000000003e93      0x259 Src/user_diskio.o
 .debug_abbrev  0x00000000000040ec       0x12 startup/startup_stm32f746xx.o

.debug_loc      0x0000000000000000     0x91d3
 .debug_loc     0x0000000000000000      0x12e Drivers/STM32F7xx_HAL_Driver/Src/stm32f7xx_hal.o
 .debug_loc     0x000000000000012e      0x57e Drivers/STM32F7xx_HAL_Driver/Src/stm32f7xx_hal_cortex.o
 .debug_loc     0x00000000000006ac      0x363 Drivers/STM32F7xx_HAL_Driver/Src/stm32f7xx_hal_gpio.o
 .debug_loc     0x0000000000000a0f      0xa9c Drivers/STM32F7xx_HAL_Driver/Src/stm32f7xx_hal_hcd.o
 .debug_loc     0x00000000000014ab     0x1191 Drivers/STM32F7xx_HAL_Driver/Src/stm32f7xx_hal_ltdc.o
 .debug_loc     0x000000000000263c      0x1c2 Drivers/STM32F7xx_HAL_Driver/Src/stm32f7xx_hal_pwr_ex.o
 .debug_loc     0x00000000000027fe      0x404 Drivers/STM32F7xx_HAL_Driver/Src/stm32f7xx_hal_rcc.o
 .debug_loc     0x0000000000002c02      0x5d1 Drivers/STM32F7xx_HAL_Driver/Src/stm32f7xx_hal_rcc_ex.o
 .debug_loc     0x00000000000031d3      0x2d9 Drivers/STM32F7xx_HAL_Driver/Src/stm32f7xx_hal_rng.o
 .debug_loc     0x00000000000034ac      0x9ea Drivers/STM32F7xx_HAL_Driver/Src/stm32f7xx_hal_sdram.o
 .debug_loc     0x0000000000003e96      0x81d Drivers/STM32F7xx_HAL_Driver/Src/stm32f7xx_ll_fmc.o
 .debug_loc     0x00000000000046b3     0x1c54 Drivers/STM32F7xx_HAL_Driver/Src/stm32f7xx_ll_usb.o
 .debug_loc     0x0000000000006307      0x216 Middlewares/Third_Party/FatFs/src/ff_gen_drv.o
 .debug_loc     0x000000000000651d     0x103d Middlewares/Third_Party/FreeRTOS/Source/CMSIS_RTOS/cmsis_os.o
 .debug_loc     0x000000000000755a       0x94 Middlewares/Third_Party/FreeRTOS/Source/list.o
 .debug_loc     0x00000000000075ee       0x9d Middlewares/Third_Party/FreeRTOS/Source/portable/GCC/ARM_CM7/r0p1/port.o
 .debug_loc     0x000000000000768b      0x390 Middlewares/Third_Party/FreeRTOS/Source/portable/MemMang/heap_4.o
 .debug_loc     0x0000000000007a1b     0x142e Middlewares/Third_Party/FreeRTOS/Source/tasks.o
 .debug_loc     0x0000000000008e49       0x2c Src/MT48LC4M32B2.o
 .debug_loc     0x0000000000008e75       0x80 Src/ltdc.o
 .debug_loc     0x0000000000008ef5       0x62 Src/main.o
 .debug_loc     0x0000000000008f57       0xfd Src/stm32f7xx_hal_msp.o
 .debug_loc     0x0000000000009054      0x11c Src/system_stm32f7xx.o
 .debug_loc     0x0000000000009170       0x63 Src/user_diskio.o

.debug_aranges  0x0000000000000000      0xf38
 .debug_aranges
                0x0000000000000000       0xf8 Drivers/STM32F7xx_HAL_Driver/Src/stm32f7xx_hal.o
 .debug_aranges
                0x00000000000000f8       0xa8 Drivers/STM32F7xx_HAL_Driver/Src/stm32f7xx_hal_cortex.o
 .debug_aranges
                0x00000000000001a0       0x58 Drivers/STM32F7xx_HAL_Driver/Src/stm32f7xx_hal_gpio.o
 .debug_aranges
                0x00000000000001f8       0xa0 Drivers/STM32F7xx_HAL_Driver/Src/stm32f7xx_hal_hcd.o
 .debug_aranges
                0x0000000000000298      0x138 Drivers/STM32F7xx_HAL_Driver/Src/stm32f7xx_hal_ltdc.o
 .debug_aranges
                0x00000000000003d0       0x80 Drivers/STM32F7xx_HAL_Driver/Src/stm32f7xx_hal_pwr_ex.o
 .debug_aranges
                0x0000000000000450       0x88 Drivers/STM32F7xx_HAL_Driver/Src/stm32f7xx_hal_rcc.o
 .debug_aranges
                0x00000000000004d8       0x50 Drivers/STM32F7xx_HAL_Driver/Src/stm32f7xx_hal_rcc_ex.o
 .debug_aranges
                0x0000000000000528       0x78 Drivers/STM32F7xx_HAL_Driver/Src/stm32f7xx_hal_rng.o
 .debug_aranges
                0x00000000000005a0       0xb0 Drivers/STM32F7xx_HAL_Driver/Src/stm32f7xx_hal_sdram.o
 .debug_aranges
                0x0000000000000650       0xc8 Drivers/STM32F7xx_HAL_Driver/Src/stm32f7xx_ll_fmc.o
 .debug_aranges
                0x0000000000000718      0x198 Drivers/STM32F7xx_HAL_Driver/Src/stm32f7xx_ll_usb.o
 .debug_aranges
                0x00000000000008b0       0x40 Middlewares/Third_Party/FatFs/src/ff_gen_drv.o
 .debug_aranges
                0x00000000000008f0      0x190 Middlewares/Third_Party/FreeRTOS/Source/CMSIS_RTOS/cmsis_os.o
 .debug_aranges
                0x0000000000000a80       0x40 Middlewares/Third_Party/FreeRTOS/Source/list.o
 .debug_aranges
                0x0000000000000ac0       0x80 Middlewares/Third_Party/FreeRTOS/Source/portable/GCC/ARM_CM7/r0p1/port.o
 .debug_aranges
                0x0000000000000b40       0x48 Middlewares/Third_Party/FreeRTOS/Source/portable/MemMang/heap_4.o
 .debug_aranges
                0x0000000000000b88      0x198 Middlewares/Third_Party/FreeRTOS/Source/tasks.o
 .debug_aranges
                0x0000000000000d20       0x20 Src/MT48LC4M32B2.o
 .debug_aranges
                0x0000000000000d40       0x28 Src/fatfs.o
 .debug_aranges
                0x0000000000000d68       0x20 Src/freertos.o
 .debug_aranges
                0x0000000000000d88       0x20 Src/libjpeg.o
 .debug_aranges
                0x0000000000000da8       0x30 Src/ltdc.o
 .debug_aranges
                0x0000000000000dd8       0x38 Src/main.o
 .debug_aranges
                0x0000000000000e10       0x60 Src/stm32f7xx_hal_msp.o
 .debug_aranges
                0x0000000000000e70       0x48 Src/stm32f7xx_it.o
 .debug_aranges
                0x0000000000000eb8       0x28 Src/system_stm32f7xx.o
 .debug_aranges
                0x0000000000000ee0       0x30 Src/user_diskio.o
 .debug_aranges
                0x0000000000000f10       0x28 startup/startup_stm32f746xx.o

.debug_ranges   0x0000000000000000     0x1298
 .debug_ranges  0x0000000000000000       0xe8 Drivers/STM32F7xx_HAL_Driver/Src/stm32f7xx_hal.o
 .debug_ranges  0x00000000000000e8      0x138 Drivers/STM32F7xx_HAL_Driver/Src/stm32f7xx_hal_cortex.o
 .debug_ranges  0x0000000000000220       0x70 Drivers/STM32F7xx_HAL_Driver/Src/stm32f7xx_hal_gpio.o
 .debug_ranges  0x0000000000000290      0x108 Drivers/STM32F7xx_HAL_Driver/Src/stm32f7xx_hal_hcd.o
 .debug_ranges  0x0000000000000398      0x128 Drivers/STM32F7xx_HAL_Driver/Src/stm32f7xx_hal_ltdc.o
 .debug_ranges  0x00000000000004c0       0xe8 Drivers/STM32F7xx_HAL_Driver/Src/stm32f7xx_hal_pwr_ex.o
 .debug_ranges  0x00000000000005a8       0xd8 Drivers/STM32F7xx_HAL_Driver/Src/stm32f7xx_hal_rcc.o
 .debug_ranges  0x0000000000000680       0x58 Drivers/STM32F7xx_HAL_Driver/Src/stm32f7xx_hal_rcc_ex.o
 .debug_ranges  0x00000000000006d8       0x68 Drivers/STM32F7xx_HAL_Driver/Src/stm32f7xx_hal_rng.o
 .debug_ranges  0x0000000000000740       0xa0 Drivers/STM32F7xx_HAL_Driver/Src/stm32f7xx_hal_sdram.o
 .debug_ranges  0x00000000000007e0       0xb8 Drivers/STM32F7xx_HAL_Driver/Src/stm32f7xx_ll_fmc.o
 .debug_ranges  0x0000000000000898      0x1a8 Drivers/STM32F7xx_HAL_Driver/Src/stm32f7xx_ll_usb.o
 .debug_ranges  0x0000000000000a40       0x30 Middlewares/Third_Party/FatFs/src/ff_gen_drv.o
 .debug_ranges  0x0000000000000a70      0x1c8 Middlewares/Third_Party/FreeRTOS/Source/CMSIS_RTOS/cmsis_os.o
 .debug_ranges  0x0000000000000c38       0x30 Middlewares/Third_Party/FreeRTOS/Source/list.o
 .debug_ranges  0x0000000000000c68       0x90 Middlewares/Third_Party/FreeRTOS/Source/portable/GCC/ARM_CM7/r0p1/port.o
 .debug_ranges  0x0000000000000cf8       0x38 Middlewares/Third_Party/FreeRTOS/Source/portable/MemMang/heap_4.o
 .debug_ranges  0x0000000000000d30      0x260 Middlewares/Third_Party/FreeRTOS/Source/tasks.o
 .debug_ranges  0x0000000000000f90       0x10 Src/MT48LC4M32B2.o
 .debug_ranges  0x0000000000000fa0       0x18 Src/fatfs.o
 .debug_ranges  0x0000000000000fb8       0x10 Src/freertos.o
 .debug_ranges  0x0000000000000fc8       0x10 Src/libjpeg.o
 .debug_ranges  0x0000000000000fd8       0x20 Src/ltdc.o
 .debug_ranges  0x0000000000000ff8       0xf0 Src/main.o
 .debug_ranges  0x00000000000010e8      0x120 Src/stm32f7xx_hal_msp.o
 .debug_ranges  0x0000000000001208       0x38 Src/stm32f7xx_it.o
 .debug_ranges  0x0000000000001240       0x18 Src/system_stm32f7xx.o
 .debug_ranges  0x0000000000001258       0x20 Src/user_diskio.o
 .debug_ranges  0x0000000000001278       0x20 startup/startup_stm32f746xx.o

.debug_line     0x0000000000000000     0x85b7
 .debug_line    0x0000000000000000      0x418 Drivers/STM32F7xx_HAL_Driver/Src/stm32f7xx_hal.o
 .debug_line    0x0000000000000418      0x45d Drivers/STM32F7xx_HAL_Driver/Src/stm32f7xx_hal_cortex.o
 .debug_line    0x0000000000000875      0x40b Drivers/STM32F7xx_HAL_Driver/Src/stm32f7xx_hal_gpio.o
 .debug_line    0x0000000000000c80      0x60c Drivers/STM32F7xx_HAL_Driver/Src/stm32f7xx_hal_hcd.o
 .debug_line    0x000000000000128c      0xca4 Drivers/STM32F7xx_HAL_Driver/Src/stm32f7xx_hal_ltdc.o
 .debug_line    0x0000000000001f30      0x375 Drivers/STM32F7xx_HAL_Driver/Src/stm32f7xx_hal_pwr_ex.o
 .debug_line    0x00000000000022a5      0x5a4 Drivers/STM32F7xx_HAL_Driver/Src/stm32f7xx_hal_rcc.o
 .debug_line    0x0000000000002849      0x448 Drivers/STM32F7xx_HAL_Driver/Src/stm32f7xx_hal_rcc_ex.o
 .debug_line    0x0000000000002c91      0x3ac Drivers/STM32F7xx_HAL_Driver/Src/stm32f7xx_hal_rng.o
 .debug_line    0x000000000000303d      0x551 Drivers/STM32F7xx_HAL_Driver/Src/stm32f7xx_hal_sdram.o
 .debug_line    0x000000000000358e      0x4d5 Drivers/STM32F7xx_HAL_Driver/Src/stm32f7xx_ll_fmc.o
 .debug_line    0x0000000000003a63      0x963 Drivers/STM32F7xx_HAL_Driver/Src/stm32f7xx_ll_usb.o
 .debug_line    0x00000000000043c6      0x262 Middlewares/Third_Party/FatFs/src/ff_gen_drv.o
 .debug_line    0x0000000000004628      0x8fa Middlewares/Third_Party/FreeRTOS/Source/CMSIS_RTOS/cmsis_os.o
 .debug_line    0x0000000000004f22      0x341 Middlewares/Third_Party/FreeRTOS/Source/list.o
 .debug_line    0x0000000000005263      0x355 Middlewares/Third_Party/FreeRTOS/Source/portable/GCC/ARM_CM7/r0p1/port.o
 .debug_line    0x00000000000055b8      0x3ef Middlewares/Third_Party/FreeRTOS/Source/portable/MemMang/heap_4.o
 .debug_line    0x00000000000059a7      0xc5b Middlewares/Third_Party/FreeRTOS/Source/tasks.o
 .debug_line    0x0000000000006602      0x24e Src/MT48LC4M32B2.o
 .debug_line    0x0000000000006850      0x2c6 Src/fatfs.o
 .debug_line    0x0000000000006b16      0x264 Src/freertos.o
 .debug_line    0x0000000000006d7a      0x1b6 Src/libjpeg.o
 .debug_line    0x0000000000006f30      0x320 Src/ltdc.o
 .debug_line    0x0000000000007250      0x756 Src/main.o
 .debug_line    0x00000000000079a6      0x430 Src/stm32f7xx_hal_msp.o
 .debug_line    0x0000000000007dd6      0x2bb Src/stm32f7xx_it.o
 .debug_line    0x0000000000008091      0x1f4 Src/system_stm32f7xx.o
 .debug_line    0x0000000000008285      0x2b4 Src/user_diskio.o
 .debug_line    0x0000000000008539       0x7e startup/startup_stm32f746xx.o

.debug_str      0x0000000000000000     0x659d
 .debug_str     0x0000000000000000      0xc6e Drivers/STM32F7xx_HAL_Driver/Src/stm32f7xx_hal.o
                                        0xcd2 (size before relaxing)
 .debug_str     0x0000000000000c6e      0x55c Drivers/STM32F7xx_HAL_Driver/Src/stm32f7xx_hal_cortex.o
                                        0xe94 (size before relaxing)
 .debug_str     0x00000000000011ca      0x1ac Drivers/STM32F7xx_HAL_Driver/Src/stm32f7xx_hal_gpio.o
                                        0x5f4 (size before relaxing)
 .debug_str     0x0000000000001376      0x8ff Drivers/STM32F7xx_HAL_Driver/Src/stm32f7xx_hal_hcd.o
                                        0xc0b (size before relaxing)
 .debug_str     0x0000000000001c75      0x733 Drivers/STM32F7xx_HAL_Driver/Src/stm32f7xx_hal_ltdc.o
                                        0xaa9 (size before relaxing)
 .debug_str     0x00000000000023a8      0x20e Drivers/STM32F7xx_HAL_Driver/Src/stm32f7xx_hal_pwr_ex.o
                                        0x743 (size before relaxing)
 .debug_str     0x00000000000025b6      0x30b Drivers/STM32F7xx_HAL_Driver/Src/stm32f7xx_hal_rcc.o
                                        0x7cd (size before relaxing)
 .debug_str     0x00000000000028c1      0x3b7 Drivers/STM32F7xx_HAL_Driver/Src/stm32f7xx_hal_rcc_ex.o
                                        0x7ec (size before relaxing)
 .debug_str     0x0000000000002c78      0x21f Drivers/STM32F7xx_HAL_Driver/Src/stm32f7xx_hal_rng.o
                                        0x562 (size before relaxing)
 .debug_str     0x0000000000002e97      0x799 Drivers/STM32F7xx_HAL_Driver/Src/stm32f7xx_hal_sdram.o
                                        0xb3d (size before relaxing)
 .debug_str     0x0000000000003630      0x3cb Drivers/STM32F7xx_HAL_Driver/Src/stm32f7xx_ll_fmc.o
                                        0x9a5 (size before relaxing)
 .debug_str     0x00000000000039fb      0x517 Drivers/STM32F7xx_HAL_Driver/Src/stm32f7xx_ll_usb.o
                                        0xd76 (size before relaxing)
 .debug_str     0x0000000000003f12      0x16a Middlewares/Third_Party/FatFs/src/ff_gen_drv.o
                                        0x404 (size before relaxing)
 .debug_str     0x000000000000407c     0x1189 Middlewares/Third_Party/FreeRTOS/Source/CMSIS_RTOS/cmsis_os.o
                                       0x14a4 (size before relaxing)
 .debug_str     0x0000000000005205      0x143 Middlewares/Third_Party/FreeRTOS/Source/list.o
                                        0x763 (size before relaxing)
 .debug_str     0x0000000000005348      0x23d Middlewares/Third_Party/FreeRTOS/Source/portable/GCC/ARM_CM7/r0p1/port.o
                                        0x4b1 (size before relaxing)
 .debug_str     0x0000000000005585      0x1e8 Middlewares/Third_Party/FreeRTOS/Source/portable/MemMang/heap_4.o
                                        0x84c (size before relaxing)
 .debug_str     0x000000000000576d      0x8e5 Middlewares/Third_Party/FreeRTOS/Source/tasks.o
                                       0x1437 (size before relaxing)
 .debug_str     0x0000000000006052       0x40 Src/MT48LC4M32B2.o
                                        0x79e (size before relaxing)
 .debug_str     0x0000000000006092      0x15e Src/fatfs.o
                                        0x506 (size before relaxing)
 .debug_str     0x00000000000061f0       0x5e Src/freertos.o
                                        0x401 (size before relaxing)
 .debug_str     0x000000000000624e       0x21 Src/libjpeg.o
                                        0x610 (size before relaxing)
 .debug_str     0x000000000000626f       0x48 Src/ltdc.o
                                        0x9ec (size before relaxing)
 .debug_str     0x00000000000062b7      0x155 Src/main.o
                                       0x203f (size before relaxing)
 .debug_str     0x000000000000640c       0x5f Src/stm32f7xx_hal_msp.o
                                       0x15d0 (size before relaxing)
 .debug_str     0x000000000000646b       0x8b Src/stm32f7xx_it.o
                                        0x367 (size before relaxing)
 .debug_str     0x00000000000064f6       0x45 Src/system_stm32f7xx.o
                                        0x521 (size before relaxing)
 .debug_str     0x000000000000653b       0x62 Src/user_diskio.o
                                        0x7ce (size before relaxing)

.comment        0x0000000000000000       0x7c
 .comment       0x0000000000000000       0x7c Drivers/STM32F7xx_HAL_Driver/Src/stm32f7xx_hal.o
                                         0x7d (size before relaxing)
 .comment       0x000000000000007c       0x7d Drivers/STM32F7xx_HAL_Driver/Src/stm32f7xx_hal_cortex.o
 .comment       0x000000000000007c       0x7d Drivers/STM32F7xx_HAL_Driver/Src/stm32f7xx_hal_gpio.o
 .comment       0x000000000000007c       0x7d Drivers/STM32F7xx_HAL_Driver/Src/stm32f7xx_hal_hcd.o
 .comment       0x000000000000007c       0x7d Drivers/STM32F7xx_HAL_Driver/Src/stm32f7xx_hal_ltdc.o
 .comment       0x000000000000007c       0x7d Drivers/STM32F7xx_HAL_Driver/Src/stm32f7xx_hal_pwr_ex.o
 .comment       0x000000000000007c       0x7d Drivers/STM32F7xx_HAL_Driver/Src/stm32f7xx_hal_rcc.o
 .comment       0x000000000000007c       0x7d Drivers/STM32F7xx_HAL_Driver/Src/stm32f7xx_hal_rcc_ex.o
 .comment       0x000000000000007c       0x7d Drivers/STM32F7xx_HAL_Driver/Src/stm32f7xx_hal_rng.o
 .comment       0x000000000000007c       0x7d Drivers/STM32F7xx_HAL_Driver/Src/stm32f7xx_hal_sdram.o
 .comment       0x000000000000007c       0x7d Drivers/STM32F7xx_HAL_Driver/Src/stm32f7xx_ll_fmc.o
 .comment       0x000000000000007c       0x7d Drivers/STM32F7xx_HAL_Driver/Src/stm32f7xx_ll_usb.o
 .comment       0x000000000000007c       0x7d Middlewares/Third_Party/FatFs/src/ff_gen_drv.o
 .comment       0x000000000000007c       0x7d Middlewares/Third_Party/FreeRTOS/Source/CMSIS_RTOS/cmsis_os.o
 .comment       0x000000000000007c       0x7d Middlewares/Third_Party/FreeRTOS/Source/list.o
 .comment       0x000000000000007c       0x7d Middlewares/Third_Party/FreeRTOS/Source/portable/GCC/ARM_CM7/r0p1/port.o
 .comment       0x000000000000007c       0x7d Middlewares/Third_Party/FreeRTOS/Source/portable/MemMang/heap_4.o
 .comment       0x000000000000007c       0x7d Middlewares/Third_Party/FreeRTOS/Source/tasks.o
 .comment       0x000000000000007c       0x7d Src/MT48LC4M32B2.o
 .comment       0x000000000000007c       0x7d Src/fatfs.o
 .comment       0x000000000000007c       0x7d Src/freertos.o
 .comment       0x000000000000007c       0x7d Src/libjpeg.o
 .comment       0x000000000000007c       0x7d Src/ltdc.o
 .comment       0x000000000000007c       0x7d Src/main.o
 .comment       0x000000000000007c       0x7d Src/stm32f7xx_hal_msp.o
 .comment       0x000000000000007c       0x7d Src/stm32f7xx_it.o
 .comment       0x000000000000007c       0x7d Src/system_stm32f7xx.o
 .comment       0x000000000000007c       0x7d Src/user_diskio.o

.debug_frame    0x0000000000000000     0x27dc
 .debug_frame   0x0000000000000000      0x214 Drivers/STM32F7xx_HAL_Driver/Src/stm32f7xx_hal.o
 .debug_frame   0x0000000000000214      0x158 Drivers/STM32F7xx_HAL_Driver/Src/stm32f7xx_hal_cortex.o
 .debug_frame   0x000000000000036c       0xd8 Drivers/STM32F7xx_HAL_Driver/Src/stm32f7xx_hal_gpio.o
 .debug_frame   0x0000000000000444      0x218 Drivers/STM32F7xx_HAL_Driver/Src/stm32f7xx_hal_hcd.o
 .debug_frame   0x000000000000065c      0x39c Drivers/STM32F7xx_HAL_Driver/Src/stm32f7xx_hal_ltdc.o
 .debug_frame   0x00000000000009f8      0x13c Drivers/STM32F7xx_HAL_Driver/Src/stm32f7xx_hal_pwr_ex.o
 .debug_frame   0x0000000000000b34      0x148 Drivers/STM32F7xx_HAL_Driver/Src/stm32f7xx_hal_rcc.o
 .debug_frame   0x0000000000000c7c       0xcc Drivers/STM32F7xx_HAL_Driver/Src/stm32f7xx_hal_rcc_ex.o
 .debug_frame   0x0000000000000d48      0x120 Drivers/STM32F7xx_HAL_Driver/Src/stm32f7xx_hal_rng.o
 .debug_frame   0x0000000000000e68      0x228 Drivers/STM32F7xx_HAL_Driver/Src/stm32f7xx_hal_sdram.o
 .debug_frame   0x0000000000001090      0x1e8 Drivers/STM32F7xx_HAL_Driver/Src/stm32f7xx_ll_fmc.o
 .debug_frame   0x0000000000001278      0x45c Drivers/STM32F7xx_HAL_Driver/Src/stm32f7xx_ll_usb.o
 .debug_frame   0x00000000000016d4       0x6c Middlewares/Third_Party/FatFs/src/ff_gen_drv.o
 .debug_frame   0x0000000000001740      0x4f4 Middlewares/Third_Party/FreeRTOS/Source/CMSIS_RTOS/cmsis_os.o
 .debug_frame   0x0000000000001c34       0x6c Middlewares/Third_Party/FreeRTOS/Source/list.o
 .debug_frame   0x0000000000001ca0       0xfc Middlewares/Third_Party/FreeRTOS/Source/portable/GCC/ARM_CM7/r0p1/port.o
 .debug_frame   0x0000000000001d9c       0x98 Middlewares/Third_Party/FreeRTOS/Source/portable/MemMang/heap_4.o
 .debug_frame   0x0000000000001e34      0x550 Middlewares/Third_Party/FreeRTOS/Source/tasks.o
 .debug_frame   0x0000000000002384       0x38 Src/MT48LC4M32B2.o
 .debug_frame   0x00000000000023bc       0x38 Src/fatfs.o
 .debug_frame   0x00000000000023f4       0x20 Src/freertos.o
 .debug_frame   0x0000000000002414       0x20 Src/libjpeg.o
 .debug_frame   0x0000000000002434       0x50 Src/ltdc.o
 .debug_frame   0x0000000000002484       0x7c Src/main.o
 .debug_frame   0x0000000000002500      0x108 Src/stm32f7xx_hal_msp.o
 .debug_frame   0x0000000000002608       0x90 Src/stm32f7xx_it.o
 .debug_frame   0x0000000000002698       0x38 Src/system_stm32f7xx.o
 .debug_frame   0x00000000000026d0       0x60 Src/user_diskio.o
 .debug_frame   0x0000000000002730       0x2c /opt/Atollic_TrueSTUDIO_for_STM32_x86_64_9.3.0/ARMTools/bin/../lib/gcc/arm-atollic-eabi/6.3.1/../../../../arm-atollic-eabi/lib/armv7e-m/fpu/fpv5-sp-d16/libc_nano.a(lib_a-init.o)
 .debug_frame   0x000000000000275c       0x20 /opt/Atollic_TrueSTUDIO_for_STM32_x86_64_9.3.0/ARMTools/bin/../lib/gcc/arm-atollic-eabi/6.3.1/../../../../arm-atollic-eabi/lib/armv7e-m/fpu/fpv5-sp-d16/libc_nano.a(lib_a-memset.o)
 .debug_frame   0x000000000000277c       0x2c /opt/Atollic_TrueSTUDIO_for_STM32_x86_64_9.3.0/ARMTools/bin/../lib/gcc/arm-atollic-eabi/6.3.1/armv7e-m/fpu/fpv5-sp-d16/libgcc.a(_aeabi_uldivmod.o)
 .debug_frame   0x00000000000027a8       0x34 /opt/Atollic_TrueSTUDIO_for_STM32_x86_64_9.3.0/ARMTools/bin/../lib/gcc/arm-atollic-eabi/6.3.1/armv7e-m/fpu/fpv5-sp-d16/libgcc.a(_udivmoddi4.o)
