Archive member included to satisfy reference by file (symbol)

/opt/Atollic_TrueSTUDIO_for_STM32_x86_64_9.3.0/ARMTools/bin/../lib/gcc/arm-atollic-eabi/6.3.1/../../../../arm-atollic-eabi/lib/armv7e-m/fpu/fpv5-sp-d16/libc_nano.a(lib_a-errno.o)
                              Src/syscalls.o (__errno)
/opt/Atollic_TrueSTUDIO_for_STM32_x86_64_9.3.0/ARMTools/bin/../lib/gcc/arm-atollic-eabi/6.3.1/../../../../arm-atollic-eabi/lib/armv7e-m/fpu/fpv5-sp-d16/libc_nano.a(lib_a-impure.o)
                              /opt/Atollic_TrueSTUDIO_for_STM32_x86_64_9.3.0/ARMTools/bin/../lib/gcc/arm-atollic-eabi/6.3.1/../../../../arm-atollic-eabi/lib/armv7e-m/fpu/fpv5-sp-d16/libc_nano.a(lib_a-errno.o) (_impure_ptr)
/opt/Atollic_TrueSTUDIO_for_STM32_x86_64_9.3.0/ARMTools/bin/../lib/gcc/arm-atollic-eabi/6.3.1/../../../../arm-atollic-eabi/lib/armv7e-m/fpu/fpv5-sp-d16/libc_nano.a(lib_a-init.o)
                              startup/startup_stm32f746xx.o (__libc_init_array)
/opt/Atollic_TrueSTUDIO_for_STM32_x86_64_9.3.0/ARMTools/bin/../lib/gcc/arm-atollic-eabi/6.3.1/../../../../arm-atollic-eabi/lib/armv7e-m/fpu/fpv5-sp-d16/libc_nano.a(lib_a-malloc.o)
                              Middlewares/ST/STM32_USB_Host_Library/Class/AUDIO/Src/usbh_audio.o (malloc)
/opt/Atollic_TrueSTUDIO_for_STM32_x86_64_9.3.0/ARMTools/bin/../lib/gcc/arm-atollic-eabi/6.3.1/../../../../arm-atollic-eabi/lib/armv7e-m/fpu/fpv5-sp-d16/libc_nano.a(lib_a-memcmp.o)
                              Middlewares/ST/STM32_USB_Host_Library/Class/VIDEO/Src/usbh_video_desc_parsing.o (memcmp)
/opt/Atollic_TrueSTUDIO_for_STM32_x86_64_9.3.0/ARMTools/bin/../lib/gcc/arm-atollic-eabi/6.3.1/../../../../arm-atollic-eabi/lib/armv7e-m/fpu/fpv5-sp-d16/libc_nano.a(lib_a-memcpy-stub.o)
                              Middlewares/ST/STM32_USB_Host_Library/Class/VIDEO/Src/usbh_video_stream_parsing.o (memcpy)
/opt/Atollic_TrueSTUDIO_for_STM32_x86_64_9.3.0/ARMTools/bin/../lib/gcc/arm-atollic-eabi/6.3.1/../../../../arm-atollic-eabi/lib/armv7e-m/fpu/fpv5-sp-d16/libc_nano.a(lib_a-memset.o)
                              Middlewares/ST/STM32_USB_Host_Library/Class/AUDIO/Src/usbh_audio.o (memset)
/opt/Atollic_TrueSTUDIO_for_STM32_x86_64_9.3.0/ARMTools/bin/../lib/gcc/arm-atollic-eabi/6.3.1/../../../../arm-atollic-eabi/lib/armv7e-m/fpu/fpv5-sp-d16/libc_nano.a(lib_a-nano-freer.o)
                              /opt/Atollic_TrueSTUDIO_for_STM32_x86_64_9.3.0/ARMTools/bin/../lib/gcc/arm-atollic-eabi/6.3.1/../../../../arm-atollic-eabi/lib/armv7e-m/fpu/fpv5-sp-d16/libc_nano.a(lib_a-malloc.o) (_free_r)
/opt/Atollic_TrueSTUDIO_for_STM32_x86_64_9.3.0/ARMTools/bin/../lib/gcc/arm-atollic-eabi/6.3.1/../../../../arm-atollic-eabi/lib/armv7e-m/fpu/fpv5-sp-d16/libc_nano.a(lib_a-nano-mallocr.o)
                              /opt/Atollic_TrueSTUDIO_for_STM32_x86_64_9.3.0/ARMTools/bin/../lib/gcc/arm-atollic-eabi/6.3.1/../../../../arm-atollic-eabi/lib/armv7e-m/fpu/fpv5-sp-d16/libc_nano.a(lib_a-malloc.o) (_malloc_r)
/opt/Atollic_TrueSTUDIO_for_STM32_x86_64_9.3.0/ARMTools/bin/../lib/gcc/arm-atollic-eabi/6.3.1/../../../../arm-atollic-eabi/lib/armv7e-m/fpu/fpv5-sp-d16/libc_nano.a(lib_a-printf.o)
                              Middlewares/ST/STM32_USB_Host_Library/Class/AUDIO/Src/usbh_audio.o (printf)
/opt/Atollic_TrueSTUDIO_for_STM32_x86_64_9.3.0/ARMTools/bin/../lib/gcc/arm-atollic-eabi/6.3.1/../../../../arm-atollic-eabi/lib/armv7e-m/fpu/fpv5-sp-d16/libc_nano.a(lib_a-putchar.o)
                              Middlewares/ST/STM32_USB_Host_Library/Class/AUDIO/Src/usbh_audio.o (putchar)
/opt/Atollic_TrueSTUDIO_for_STM32_x86_64_9.3.0/ARMTools/bin/../lib/gcc/arm-atollic-eabi/6.3.1/../../../../arm-atollic-eabi/lib/armv7e-m/fpu/fpv5-sp-d16/libc_nano.a(lib_a-puts.o)
                              Src/main.o (puts)
/opt/Atollic_TrueSTUDIO_for_STM32_x86_64_9.3.0/ARMTools/bin/../lib/gcc/arm-atollic-eabi/6.3.1/../../../../arm-atollic-eabi/lib/armv7e-m/fpu/fpv5-sp-d16/libc_nano.a(lib_a-sbrkr.o)
                              /opt/Atollic_TrueSTUDIO_for_STM32_x86_64_9.3.0/ARMTools/bin/../lib/gcc/arm-atollic-eabi/6.3.1/../../../../arm-atollic-eabi/lib/armv7e-m/fpu/fpv5-sp-d16/libc_nano.a(lib_a-nano-mallocr.o) (_sbrk_r)
/opt/Atollic_TrueSTUDIO_for_STM32_x86_64_9.3.0/ARMTools/bin/../lib/gcc/arm-atollic-eabi/6.3.1/../../../../arm-atollic-eabi/lib/armv7e-m/fpu/fpv5-sp-d16/libc_nano.a(lib_a-sprintf.o)
                              Middlewares/Third_Party/LibJPEG/source/jerror.o (sprintf)
/opt/Atollic_TrueSTUDIO_for_STM32_x86_64_9.3.0/ARMTools/bin/../lib/gcc/arm-atollic-eabi/6.3.1/../../../../arm-atollic-eabi/lib/armv7e-m/fpu/fpv5-sp-d16/libc_nano.a(lib_a-wbuf.o)
                              /opt/Atollic_TrueSTUDIO_for_STM32_x86_64_9.3.0/ARMTools/bin/../lib/gcc/arm-atollic-eabi/6.3.1/../../../../arm-atollic-eabi/lib/armv7e-m/fpu/fpv5-sp-d16/libc_nano.a(lib_a-puts.o) (__swbuf_r)
/opt/Atollic_TrueSTUDIO_for_STM32_x86_64_9.3.0/ARMTools/bin/../lib/gcc/arm-atollic-eabi/6.3.1/../../../../arm-atollic-eabi/lib/armv7e-m/fpu/fpv5-sp-d16/libc_nano.a(lib_a-wsetup.o)
[...]
Memory Configuration

Name             Origin             Length             Attributes
RAM              0x0000000020000000 0x0000000000050000 xrw
FLASH            0x0000000008000000 0x0000000000100000 xr
*default*        0x0000000000000000 0xffffffffffffffff

Linker script and memory map

LOAD /opt/Atollic_TrueSTUDIO_for_STM32_x86_64_9.3.0/ARMTools/bin/../lib/gcc/arm-atollic-eabi/6.3.1/armv7e-m/fpu/fpv5-sp-d16/crti.o
LOAD /opt/Atollic_TrueSTUDIO_for_STM32_x86_64_9.3.0/ARMTools/bin/../lib/gcc/arm-atollic-eabi/6.3.1/armv7e-m/fpu/fpv5-sp-d16/crtbegin.o
LOAD Drivers/STM32F7xx_HAL_Driver/Src/stm32f7xx_hal.o
LOAD Drivers/STM32F7xx_HAL_Driver/Src/stm32f7xx_hal_cortex.o
LOAD Drivers/STM32F7xx_HAL_Driver/Src/stm32f7xx_hal_dma.o
LOAD Drivers/STM32F7xx_HAL_Driver/Src/stm32f7xx_hal_dma2d.o
LOAD Drivers/STM32F7xx_HAL_Driver/Src/stm32f7xx_hal_dma_ex.o
LOAD Drivers/STM32F7xx_HAL_Driver/Src/stm32f7xx_hal_dsi.o
LOAD Drivers/STM32F7xx_HAL_Driver/Src/stm32f7xx_hal_exti.o
LOAD Drivers/STM32F7xx_HAL_Driver/Src/stm32f7xx_hal_flash.o
LOAD Drivers/STM32F7xx_HAL_Driver/Src/stm32f7xx_hal_flash_ex.o
LOAD Drivers/STM32F7xx_HAL_Driver/Src/stm32f7xx_hal_gpio.o
LOAD Drivers/STM32F7xx_HAL_Driver/Src/stm32f7xx_hal_hcd.o
LOAD Drivers/STM32F7xx_HAL_Driver/Src/stm32f7xx_hal_i2c.o
LOAD Drivers/STM32F7xx_HAL_Driver/Src/stm32f7xx_hal_i2c_ex.o
LOAD Drivers/STM32F7xx_HAL_Driver/Src/stm32f7xx_hal_ltdc.o
LOAD Drivers/STM32F7xx_HAL_Driver/Src/stm32f7xx_hal_ltdc_ex.o
LOAD Drivers/STM32F7xx_HAL_Driver/Src/stm32f7xx_hal_pwr.o
LOAD Drivers/STM32F7xx_HAL_Driver/Src/stm32f7xx_hal_pwr_ex.o
LOAD Drivers/STM32F7xx_HAL_Driver/Src/stm32f7xx_hal_rcc.o
LOAD Drivers/STM32F7xx_HAL_Driver/Src/stm32f7xx_hal_rcc_ex.o
LOAD Drivers/STM32F7xx_HAL_Driver/Src/stm32f7xx_hal_rng.o
LOAD Drivers/STM32F7xx_HAL_Driver/Src/stm32f7xx_hal_sdram.o
LOAD Drivers/STM32F7xx_HAL_Driver/Src/stm32f7xx_hal_tim.o
LOAD Drivers/STM32F7xx_HAL_Driver/Src/stm32f7xx_hal_tim_ex.o
LOAD Drivers/STM32F7xx_HAL_Driver/Src/stm32f7xx_ll_fmc.o
LOAD Drivers/STM32F7xx_HAL_Driver/Src/stm32f7xx_ll_usb.o
LOAD Middlewares/ST/STM32_USB_Host_Library/Class/AUDIO/Src/usbh_audio.o
LOAD Middlewares/ST/STM32_USB_Host_Library/Class/VIDEO/Src/usbh_video.o
LOAD Middlewares/ST/STM32_USB_Host_Library/Class/VIDEO/Src/usbh_video_desc_parsing.o
LOAD Middlewares/ST/STM32_USB_Host_Library/Class/VIDEO/Src/usbh_video_stream_parsing.o
LOAD Middlewares/ST/STM32_USB_Host_Library/Core/Src/usbh_core.o
LOAD Middlewares/ST/STM32_USB_Host_Library/Core/Src/usbh_ctlreq.o
LOAD Middlewares/ST/STM32_USB_Host_Library/Core/Src/usbh_ioreq.o
LOAD Middlewares/ST/STM32_USB_Host_Library/Core/Src/usbh_pipes.o
LOAD Middlewares/Third_Party/FatFs/src/diskio.o
LOAD Middlewares/Third_Party/FatFs/src/ff.o
LOAD Middlewares/Third_Party/FatFs/src/ff_gen_drv.o
LOAD Middlewares/Third_Party/FatFs/src/option/ccsbcs.o
LOAD Middlewares/Third_Party/FatFs/src/option/syscall.o
LOAD Middlewares/Third_Party/FreeRTOS/Source/CMSIS_RTOS/cmsis_os.o
LOAD Middlewares/Third_Party/FreeRTOS/Source/croutine.o
LOAD Middlewares/Third_Party/FreeRTOS/Source/event_groups.o
LOAD Middlewares/Third_Party/FreeRTOS/Source/list.o
LOAD Middlewares/Third_Party/FreeRTOS/Source/portable/GCC/ARM_CM7/r0p1/port.o
LOAD Middlewares/Third_Party/FreeRTOS/Source/portable/MemMang/heap_4.o
LOAD Middlewares/Third_Party/FreeRTOS/Source/queue.o
LOAD Middlewares/Third_Party/FreeRTOS/Source/stream_buffer.o
LOAD Middlewares/Third_Party/FreeRTOS/Source/tasks.o
LOAD Middlewares/Third_Party/FreeRTOS/Source/timers.o
LOAD Middlewares/Third_Party/LibJPEG/source/jaricom.o
LOAD Middlewares/Third_Party/LibJPEG/source/jcapimin.o
LOAD Middlewares/Third_Party/LibJPEG/source/jcapistd.o
LOAD Middlewares/Third_Party/LibJPEG/source/jcarith.o
LOAD Middlewares/Third_Party/LibJPEG/source/jccoefct.o
LOAD Middlewares/Third_Party/LibJPEG/source/jccolor.o
LOAD Middlewares/Third_Party/LibJPEG/source/jcdctmgr.o
LOAD Middlewares/Third_Party/LibJPEG/source/jchuff.o
LOAD Middlewares/Third_Party/LibJPEG/source/jcinit.o
LOAD Middlewares/Third_Party/LibJPEG/source/jcmainct.o
LOAD Middlewares/Third_Party/LibJPEG/source/jcmarker.o
LOAD Middlewares/Third_Party/LibJPEG/source/jcmaster.o
LOAD Middlewares/Third_Party/LibJPEG/source/jcomapi.o
LOAD Middlewares/Third_Party/LibJPEG/source/jcparam.o
LOAD Middlewares/Third_Party/LibJPEG/source/jcprepct.o
LOAD Middlewares/Third_Party/LibJPEG/source/jcsample.o
LOAD Middlewares/Third_Party/LibJPEG/source/jctrans.o
LOAD Middlewares/Third_Party/LibJPEG/source/jdapimin.o
LOAD Middlewares/Third_Party/LibJPEG/source/jdapistd.o
LOAD Middlewares/Third_Party/LibJPEG/source/jdarith.o
LOAD Middlewares/Third_Party/LibJPEG/source/jdatadst.o
LOAD Middlewares/Third_Party/LibJPEG/source/jdatasrc.o
LOAD Middlewares/Third_Party/LibJPEG/source/jdcoefct.o
LOAD Middlewares/Third_Party/LibJPEG/source/jdcolor.o
LOAD Middlewares/Third_Party/LibJPEG/source/jddctmgr.o
LOAD Middlewares/Third_Party/LibJPEG/source/jdhuff.o
LOAD Middlewares/Third_Party/LibJPEG/source/jdinput.o
LOAD Middlewares/Third_Party/LibJPEG/source/jdmainct.o
LOAD Middlewares/Third_Party/LibJPEG/source/jdmarker.o
LOAD Middlewares/Third_Party/LibJPEG/source/jdmaster.o
LOAD Middlewares/Third_Party/LibJPEG/source/jdmerge.o
LOAD Middlewares/Third_Party/LibJPEG/source/jdpostct.o
LOAD Middlewares/Third_Party/LibJPEG/source/jdsample.o
LOAD Middlewares/Third_Party/LibJPEG/source/jdtrans.o
LOAD Middlewares/Third_Party/LibJPEG/source/jerror.o
LOAD Middlewares/Third_Party/LibJPEG/source/jfdctflt.o
LOAD Middlewares/Third_Party/LibJPEG/source/jfdctfst.o
LOAD Middlewares/Third_Party/LibJPEG/source/jfdctint.o
LOAD Middlewares/Third_Party/LibJPEG/source/jidctflt.o
LOAD Middlewares/Third_Party/LibJPEG/source/jidctfst.o
LOAD Middlewares/Third_Party/LibJPEG/source/jidctint.o
LOAD Middlewares/Third_Party/LibJPEG/source/jmemmgr.o
LOAD Middlewares/Third_Party/LibJPEG/source/jmemnobs.o
LOAD Middlewares/Third_Party/LibJPEG/source/jquant1.o
LOAD Middlewares/Third_Party/LibJPEG/source/jquant2.o
LOAD Middlewares/Third_Party/LibJPEG/source/jutils.o
LOAD Src/MT48LC4M32B2.o
LOAD Src/fatfs.o
LOAD Src/freertos.o
LOAD Src/libjpeg.o
LOAD Src/ltdc.o
LOAD Src/main.o
LOAD Src/mjpeg_decoding.o
LOAD Src/stm32f7xx_hal_msp.o
LOAD Src/stm32f7xx_it.o
LOAD Src/syscalls.o
LOAD Src/system_stm32f7xx.o
LOAD Src/tjpgd.o
LOAD Src/usb_host.o
LOAD Src/usbh_conf.o
LOAD Src/user_diskio.o
LOAD startup/startup_stm32f746xx.o
                0x0000000000000080                malloc_getpagesize_P = 0x80
START GROUP
LOAD /opt/Atollic_TrueSTUDIO_for_STM32_x86_64_9.3.0/ARMTools/bin/../lib/gcc/arm-atollic-eabi/6.3.1/../../../../arm-atollic-eabi/lib/armv7e-m/fpu/fpv5-sp-d16/libc_nano.a
LOAD /opt/Atollic_TrueSTUDIO_for_STM32_x86_64_9.3.0/ARMTools/bin/../lib/gcc/arm-atollic-eabi/6.3.1/../../../../arm-atollic-eabi/lib/armv7e-m/fpu/fpv5-sp-d16/libm.a
END GROUP
START GROUP
LOAD /opt/Atollic_TrueSTUDIO_for_STM32_x86_64_9.3.0/ARMTools/bin/../lib/gcc/arm-atollic-eabi/6.3.1/armv7e-m/fpu/fpv5-sp-d16/libgcc.a
LOAD /opt/Atollic_TrueSTUDIO_for_STM32_x86_64_9.3.0/ARMTools/bin/../lib/gcc/arm-atollic-eabi/6.3.1/../../../../arm-atollic-eabi/lib/armv7e-m/fpu/fpv5-sp-d16/libc_nano.a
END GROUP
START GROUP
LOAD /opt/Atollic_TrueSTUDIO_for_STM32_x86_64_9.3.0/ARMTools/bin/../lib/gcc/arm-atollic-eabi/6.3.1/armv7e-m/fpu/fpv5-sp-d16/libgcc.a
LOAD /opt/Atollic_TrueSTUDIO_for_STM32_x86_64_9.3.0/ARMTools/bin/../lib/gcc/arm-atollic-eabi/6.3.1/../../../../arm-atollic-eabi/lib/armv7e-m/fpu/fpv5-sp-d16/libc_nano.a
LOAD /opt/Atollic_TrueSTUDIO_for_STM32_x86_64_9.3.0/ARMTools/bin/../lib/gcc/arm-atollic-eabi/6.3.1/../../../../arm-atollic-eabi/lib/armv7e-m/fpu/fpv5-sp-d16/libnosys.a
END GROUP
START GROUP
LOAD /opt/Atollic_TrueSTUDIO_for_STM32_x86_64_9.3.0/ARMTools/bin/../lib/gcc/arm-atollic-eabi/6.3.1/armv7e-m/fpu/fpv5-sp-d16/libgcc.a
LOAD /opt/Atollic_TrueSTUDIO_for_STM32_x86_64_9.3.0/ARMTools/bin/../lib/gcc/arm-atollic-eabi/6.3.1/../../../../arm-atollic-eabi/lib/armv7e-m/fpu/fpv5-sp-d16/libc_nano.a
LOAD /opt/Atollic_TrueSTUDIO_for_STM32_x86_64_9.3.0/ARMTools/bin/../lib/gcc/arm-atollic-eabi/6.3.1/../../../../arm-atollic-eabi/lib/armv7e-m/fpu/fpv5-sp-d16/libnosys.a
END GROUP
LOAD /opt/Atollic_TrueSTUDIO_for_STM32_x86_64_9.3.0/ARMTools/bin/../lib/gcc/arm-atollic-eabi/6.3.1/armv7e-m/fpu/fpv5-sp-d16/crtend.o
LOAD /opt/Atollic_TrueSTUDIO_for_STM32_x86_64_9.3.0/ARMTools/bin/../lib/gcc/arm-atollic-eabi/6.3.1/armv7e-m/fpu/fpv5-sp-d16/crtn.o
                0x0000000020050000                _estack = 0x20050000
                0x0000000000002000                _Min_Heap_Size = 0x2000
                0x0000000000004000                _Min_Stack_Size = 0x4000

.isr_vector     0x0000000008000000      0x1c8
                0x0000000008000000                . = ALIGN (0x4)
 *(.isr_vector)
 .isr_vector    0x0000000008000000      0x1c8 startup/startup_stm32f746xx.o
                0x0000000008000000                g_pfnVectors
                0x00000000080001c8                . = ALIGN (0x4)

.text           0x00000000080001d0     0x87b8
                0x00000000080001d0                . = ALIGN (0x4)
 *(.text)
 .text          0x00000000080001d0       0x40 /opt/Atollic_TrueSTUDIO_for_STM32_x86_64_9.3.0/ARMTools/bin/../lib/gcc/arm-atollic-eabi/6.3.1/armv7e-m/fpu/fpv5-sp-d16/crtbegin.o
 .text          0x0000000008000210       0xa0 /opt/Atollic_TrueSTUDIO_for_STM32_x86_64_9.3.0/ARMTools/bin/../lib/gcc/arm-atollic-eabi/6.3.1/../../../../arm-atollic-eabi/lib/armv7e-m/fpu/fpv5-sp-d16/libc_nano.a(lib_a-memchr.o)
                0x0000000008000210                memchr
 .text          0x00000000080002b0       0x30 /opt/Atollic_TrueSTUDIO_for_STM32_x86_64_9.3.0/ARMTools/bin/../lib/gcc/arm-atollic-eabi/6.3.1/armv7e-m/fpu/fpv5-sp-d16/libgcc.a(_aeabi_uldivmod.o)
                0x00000000080002b0                __aeabi_uldivmod
 .text          0x00000000080002e0      0x2dc /opt/Atollic_TrueSTUDIO_for_STM32_x86_64_9.3.0/ARMTools/bin/../lib/gcc/arm-atollic-eabi/6.3.1/armv7e-m/fpu/fpv5-sp-d16/libgcc.a(_udivmoddi4.o)
                0x00000000080002e0                __udivmoddi4
 .text          0x00000000080005bc        0x4 /opt/Atollic_TrueSTUDIO_for_STM32_x86_64_9.3.0/ARMTools/bin/../lib/gcc/arm-atollic-eabi/6.3.1/armv7e-m/fpu/fpv5-sp-d16/libgcc.a(_dvmd_tls.o)
                0x00000000080005bc                __aeabi_ldiv0
                0x00000000080005bc                __aeabi_idiv0
 *(.text*)
 .text.HAL_InitTick
                0x00000000080005c0       0x48 Drivers/STM32F7xx_HAL_Driver/Src/stm32f7xx_hal.o
                0x00000000080005c0                HAL_InitTick
 .text.HAL_Init
                0x0000000008000608       0x16 Drivers/STM32F7xx_HAL_Driver/Src/stm32f7xx_hal.o
                0x0000000008000608                HAL_Init
 *fill*         0x000000000800061e        0x2 
 .text.HAL_IncTick
                0x0000000008000620       0x18 Drivers/STM32F7xx_HAL_Driver/Src/stm32f7xx_hal.o
                0x0000000008000620                HAL_IncTick
 .text.HAL_GetTick
                0x0000000008000638        0xc Drivers/STM32F7xx_HAL_Driver/Src/stm32f7xx_hal.o
                0x0000000008000638                HAL_GetTick
 .text.HAL_Delay
                0x0000000008000644       0x24 Drivers/STM32F7xx_HAL_Driver/Src/stm32f7xx_hal.o
                0x0000000008000644                HAL_Delay
 .text.HAL_NVIC_SetPriorityGrouping
                0x0000000008000668       0x24 Drivers/STM32F7xx_HAL_Driver/Src/stm32f7xx_hal_cortex.o
                0x0000000008000668                HAL_NVIC_SetPriorityGrouping
 .text.HAL_NVIC_SetPriority
                0x000000000800068c       0x70 Drivers/STM32F7xx_HAL_Driver/Src/stm32f7xx_hal_cortex.o
                0x000000000800068c                HAL_NVIC_SetPriority
 .text.HAL_NVIC_EnableIRQ
                0x00000000080006fc       0x1c Drivers/STM32F7xx_HAL_Driver/Src/stm32f7xx_hal_cortex.o
                0x00000000080006fc                HAL_NVIC_EnableIRQ
 .text.HAL_SYSTICK_Config
                0x0000000008000718       0x2c Drivers/STM32F7xx_HAL_Driver/Src/stm32f7xx_hal_cortex.o
                0x0000000008000718                HAL_SYSTICK_Config
 .text.HAL_MPU_Disable
                0x0000000008000744       0x20 Drivers/STM32F7xx_HAL_Driver/Src/stm32f7xx_hal_cortex.o
                0x0000000008000744                HAL_MPU_Disable
 .text.HAL_MPU_Enable
                0x0000000008000764       0x24 Drivers/STM32F7xx_HAL_Driver/Src/stm32f7xx_hal_cortex.o
                0x0000000008000764                HAL_MPU_Enable
 .text.HAL_MPU_ConfigRegion
                0x0000000008000788       0x50 Drivers/STM32F7xx_HAL_Driver/Src/stm32f7xx_hal_cortex.o
                0x0000000008000788                HAL_MPU_ConfigRegion
 .text.DMA2D_SetConfig
                0x00000000080007d8       0x84 Drivers/STM32F7xx_HAL_Driver/Src/stm32f7xx_hal_dma2d.o
 .text.HAL_DMA2D_Init
                0x000000000800085c       0x58 Drivers/STM32F7xx_HAL_Driver/Src/stm32f7xx_hal_dma2d.o
                0x000000000800085c                HAL_DMA2D_Init
 .text.HAL_DMA2D_Start
                0x00000000080008b4       0x34 Drivers/STM32F7xx_HAL_Driver/Src/stm32f7xx_hal_dma2d.o
                0x00000000080008b4                HAL_DMA2D_Start
 .text.HAL_DMA2D_PollForTransfer
                0x00000000080008e8      0x102 Drivers/STM32F7xx_HAL_Driver/Src/stm32f7xx_hal_dma2d.o
                0x00000000080008e8                HAL_DMA2D_PollForTransfer
 *fill*         0x00000000080009ea        0x2 
 .text.HAL_DMA2D_ConfigLayer
                0x00000000080009ec       0x94 Drivers/STM32F7xx_HAL_Driver/Src/stm32f7xx_hal_dma2d.o
                0x00000000080009ec                HAL_DMA2D_ConfigLayer
 .text.HAL_GPIO_Init
                0x0000000008000a80      0x1d4 Drivers/STM32F7xx_HAL_Driver/Src/stm32f7xx_hal_gpio.o
                0x0000000008000a80                HAL_GPIO_Init
 .text.HAL_GPIO_WritePin
                0x0000000008000c54        0xa Drivers/STM32F7xx_HAL_Driver/Src/stm32f7xx_hal_gpio.o
                0x0000000008000c54                HAL_GPIO_WritePin
 .text.HAL_GPIO_TogglePin
                0x0000000008000c5e        0xc Drivers/STM32F7xx_HAL_Driver/Src/stm32f7xx_hal_gpio.o
                0x0000000008000c5e                HAL_GPIO_TogglePin
 .text.HAL_HCD_HC_Init
                0x0000000008000c6a       0x72 Drivers/STM32F7xx_HAL_Driver/Src/stm32f7xx_hal_hcd.o
                0x0000000008000c6a                HAL_HCD_HC_Init
 .text.HAL_HCD_HC_Halt
                0x0000000008000cdc       0x24 Drivers/STM32F7xx_HAL_Driver/Src/stm32f7xx_hal_hcd.o
                0x0000000008000cdc                HAL_HCD_HC_Halt
 .text.HAL_HCD_Init
                0x0000000008000d00       0x94 Drivers/STM32F7xx_HAL_Driver/Src/stm32f7xx_hal_hcd.o
                0x0000000008000d00                HAL_HCD_Init
 .text.HAL_HCD_HC_SubmitRequest
                0x0000000008000d94       0xcc Drivers/STM32F7xx_HAL_Driver/Src/stm32f7xx_hal_hcd.o
                0x0000000008000d94                HAL_HCD_HC_SubmitRequest
 .text.HAL_HCD_IRQHandler
                0x0000000008000e60      0x64c Drivers/STM32F7xx_HAL_Driver/Src/stm32f7xx_hal_hcd.o
                0x0000000008000e60                HAL_HCD_IRQHandler
 .text.HAL_HCD_Start
                0x00000000080014ac       0x2c Drivers/STM32F7xx_HAL_Driver/Src/stm32f7xx_hal_hcd.o
                0x00000000080014ac                HAL_HCD_Start
 .text.HAL_HCD_Stop
                0x00000000080014d8       0x24 Drivers/STM32F7xx_HAL_Driver/Src/stm32f7xx_hal_hcd.o
                0x00000000080014d8                HAL_HCD_Stop
 .text.HAL_HCD_ResetPort
                0x00000000080014fc        0x6 Drivers/STM32F7xx_HAL_Driver/Src/stm32f7xx_hal_hcd.o
                0x00000000080014fc                HAL_HCD_ResetPort
 .text.HAL_HCD_HC_GetURBState
                0x0000000008001502        0xc Drivers/STM32F7xx_HAL_Driver/Src/stm32f7xx_hal_hcd.o
                0x0000000008001502                HAL_HCD_HC_GetURBState
 .text.HAL_HCD_GetCurrentFrame
                0x000000000800150e        0x6 Drivers/STM32F7xx_HAL_Driver/Src/stm32f7xx_hal_hcd.o
                0x000000000800150e                HAL_HCD_GetCurrentFrame
 .text.HAL_HCD_GetCurrentSpeed
                0x0000000008001514        0x6 Drivers/STM32F7xx_HAL_Driver/Src/stm32f7xx_hal_hcd.o
                0x0000000008001514                HAL_HCD_GetCurrentSpeed
 .text.LTDC_SetConfig
                0x000000000800151a      0x10c Drivers/STM32F7xx_HAL_Driver/Src/stm32f7xx_hal_ltdc.o
 *fill*         0x0000000008001626        0x2 
 .text.HAL_LTDC_Init
                0x0000000008001628       0xd8 Drivers/STM32F7xx_HAL_Driver/Src/stm32f7xx_hal_ltdc.o
                0x0000000008001628                HAL_LTDC_Init
 .text.HAL_LTDC_ConfigLayer
                0x0000000008001700       0x52 Drivers/STM32F7xx_HAL_Driver/Src/stm32f7xx_hal_ltdc.o
                0x0000000008001700                HAL_LTDC_ConfigLayer
 .text.HAL_LTDC_SetAddress
                0x0000000008001752       0x40 Drivers/STM32F7xx_HAL_Driver/Src/stm32f7xx_hal_ltdc.o
                0x0000000008001752                HAL_LTDC_SetAddress
 .text.HAL_LTDC_Reload
                0x0000000008001792       0x2c Drivers/STM32F7xx_HAL_Driver/Src/stm32f7xx_hal_ltdc.o
                0x0000000008001792                HAL_LTDC_Reload
 *fill*         0x00000000080017be        0x2 
 .text.HAL_PWREx_EnableOverDrive
                0x00000000080017c0       0x70 Drivers/STM32F7xx_HAL_Driver/Src/stm32f7xx_hal_pwr_ex.o
                0x00000000080017c0                HAL_PWREx_EnableOverDrive
 .text.HAL_RCC_OscConfig
                0x0000000008001830      0x378 Drivers/STM32F7xx_HAL_Driver/Src/stm32f7xx_hal_rcc.o
                0x0000000008001830                HAL_RCC_OscConfig
 .text.HAL_RCC_GetSysClockFreq
                0x0000000008001ba8       0x5c Drivers/STM32F7xx_HAL_Driver/Src/stm32f7xx_hal_rcc.o
                0x0000000008001ba8                HAL_RCC_GetSysClockFreq
 .text.HAL_RCC_ClockConfig
                0x0000000008001c04      0x140 Drivers/STM32F7xx_HAL_Driver/Src/stm32f7xx_hal_rcc.o
                0x0000000008001c04                HAL_RCC_ClockConfig
 .text.HAL_RCCEx_PeriphCLKConfig
                0x0000000008001d44      0x514 Drivers/STM32F7xx_HAL_Driver/Src/stm32f7xx_hal_rcc_ex.o
                0x0000000008001d44                HAL_RCCEx_PeriphCLKConfig
 .text.HAL_RNG_Init
                0x0000000008002258       0x30 Drivers/STM32F7xx_HAL_Driver/Src/stm32f7xx_hal_rng.o
                0x0000000008002258                HAL_RNG_Init
 .text.HAL_RNG_GenerateRandomNumber
                0x0000000008002288       0x5c Drivers/STM32F7xx_HAL_Driver/Src/stm32f7xx_hal_rng.o
                0x0000000008002288                HAL_RNG_GenerateRandomNumber
 .text.HAL_RNG_GetRandomNumber
                0x00000000080022e4       0x16 Drivers/STM32F7xx_HAL_Driver/Src/stm32f7xx_hal_rng.o
                0x00000000080022e4                HAL_RNG_GetRandomNumber
 .text.HAL_SDRAM_Init
                0x00000000080022fa       0x40 Drivers/STM32F7xx_HAL_Driver/Src/stm32f7xx_hal_sdram.o
                0x00000000080022fa                HAL_SDRAM_Init
 .text.HAL_SDRAM_SendCommand
                0x000000000800233a       0x2e Drivers/STM32F7xx_HAL_Driver/Src/stm32f7xx_hal_sdram.o
                0x000000000800233a                HAL_SDRAM_SendCommand
 .text.HAL_SDRAM_ProgramRefreshRate
                0x0000000008002368       0x24 Drivers/STM32F7xx_HAL_Driver/Src/stm32f7xx_hal_sdram.o
                0x0000000008002368                HAL_SDRAM_ProgramRefreshRate
 .text.HAL_TIM_Base_Start_IT
                0x000000000800238c       0x2c Drivers/STM32F7xx_HAL_Driver/Src/stm32f7xx_hal_tim.o
                0x000000000800238c                HAL_TIM_Base_Start_IT
 .text.TIM_Base_SetConfig
                0x00000000080023b8       0xcc Drivers/STM32F7xx_HAL_Driver/Src/stm32f7xx_hal_tim.o
                0x00000000080023b8                TIM_Base_SetConfig
 .text.HAL_TIM_Base_Init
                0x0000000008002484       0x34 Drivers/STM32F7xx_HAL_Driver/Src/stm32f7xx_hal_tim.o
                0x0000000008002484                HAL_TIM_Base_Init
 .text.TIM_ETR_SetConfig
                0x00000000080024b8       0x14 Drivers/STM32F7xx_HAL_Driver/Src/stm32f7xx_hal_tim.o
                0x00000000080024b8                TIM_ETR_SetConfig
 .text.HAL_TIM_ConfigClockSource
                0x00000000080024cc      0x128 Drivers/STM32F7xx_HAL_Driver/Src/stm32f7xx_hal_tim.o
                0x00000000080024cc                HAL_TIM_ConfigClockSource
 .text.FMC_SDRAM_Init
                0x00000000080025f4       0x7e Drivers/STM32F7xx_HAL_Driver/Src/stm32f7xx_ll_fmc.o
                0x00000000080025f4                FMC_SDRAM_Init
 .text.FMC_SDRAM_Timing_Init
                0x0000000008002672       0x90 Drivers/STM32F7xx_HAL_Driver/Src/stm32f7xx_ll_fmc.o
                0x0000000008002672                FMC_SDRAM_Timing_Init
 .text.FMC_SDRAM_SendCommand
                0x0000000008002702       0x26 Drivers/STM32F7xx_HAL_Driver/Src/stm32f7xx_ll_fmc.o
                0x0000000008002702                FMC_SDRAM_SendCommand
 .text.FMC_SDRAM_ProgramRefreshRate
                0x0000000008002728        0xc Drivers/STM32F7xx_HAL_Driver/Src/stm32f7xx_ll_fmc.o
                0x0000000008002728                FMC_SDRAM_ProgramRefreshRate
 .text.USB_CoreReset
                0x0000000008002734       0x30 Drivers/STM32F7xx_HAL_Driver/Src/stm32f7xx_ll_usb.o
 .text.USB_CoreInit
                0x0000000008002764       0x76 Drivers/STM32F7xx_HAL_Driver/Src/stm32f7xx_ll_usb.o
                0x0000000008002764                USB_CoreInit
 .text.USB_EnableGlobalInt
                0x00000000080027da        0xc Drivers/STM32F7xx_HAL_Driver/Src/stm32f7xx_ll_usb.o
                0x00000000080027da                USB_EnableGlobalInt
 .text.USB_DisableGlobalInt
                0x00000000080027e6        0xc Drivers/STM32F7xx_HAL_Driver/Src/stm32f7xx_ll_usb.o
                0x00000000080027e6                USB_DisableGlobalInt
 .text.USB_SetCurrentMode
                0x00000000080027f2       0x2e Drivers/STM32F7xx_HAL_Driver/Src/stm32f7xx_ll_usb.o
                0x00000000080027f2                USB_SetCurrentMode
 .text.USB_FlushTxFifo
                0x0000000008002820       0x24 Drivers/STM32F7xx_HAL_Driver/Src/stm32f7xx_ll_usb.o
                0x0000000008002820                USB_FlushTxFifo
 .text.USB_FlushRxFifo
                0x0000000008002844       0x20 Drivers/STM32F7xx_HAL_Driver/Src/stm32f7xx_ll_usb.o
                0x0000000008002844                USB_FlushRxFifo
 .text.USB_WritePacket
                0x0000000008002864       0x28 Drivers/STM32F7xx_HAL_Driver/Src/stm32f7xx_ll_usb.o
                0x0000000008002864                USB_WritePacket
 .text.USB_ReadPacket
                0x000000000800288c       0x1c Drivers/STM32F7xx_HAL_Driver/Src/stm32f7xx_ll_usb.o
                0x000000000800288c                USB_ReadPacket
 .text.USB_ReadInterrupts
                0x00000000080028a8        0x8 Drivers/STM32F7xx_HAL_Driver/Src/stm32f7xx_ll_usb.o
                0x00000000080028a8                USB_ReadInterrupts
 .text.USB_GetMode
                0x00000000080028b0        0x8 Drivers/STM32F7xx_HAL_Driver/Src/stm32f7xx_ll_usb.o
                0x00000000080028b0                USB_GetMode
 .text.USB_InitFSLSPClkSel
                0x00000000080028b8       0x3a Drivers/STM32F7xx_HAL_Driver/Src/stm32f7xx_ll_usb.o
                0x00000000080028b8                USB_InitFSLSPClkSel
 .text.USB_ResetPort
                0x00000000080028f2       0x3c Drivers/STM32F7xx_HAL_Driver/Src/stm32f7xx_ll_usb.o
                0x00000000080028f2                USB_ResetPort
 .text.USB_DriveVbus
                0x000000000800292e       0x40 Drivers/STM32F7xx_HAL_Driver/Src/stm32f7xx_ll_usb.o
                0x000000000800292e                USB_DriveVbus
 *fill*         0x000000000800296e        0x2 
 .text.USB_HostInit
                0x0000000008002970       0xd0 Drivers/STM32F7xx_HAL_Driver/Src/stm32f7xx_ll_usb.o
                0x0000000008002970                USB_HostInit
 .text.USB_GetHostSpeed
                0x0000000008002a40       0x16 Drivers/STM32F7xx_HAL_Driver/Src/stm32f7xx_ll_usb.o
                0x0000000008002a40                USB_GetHostSpeed
 .text.USB_GetCurrentFrame
                0x0000000008002a56        0xa Drivers/STM32F7xx_HAL_Driver/Src/stm32f7xx_ll_usb.o
                0x0000000008002a56                USB_GetCurrentFrame
 .text.USB_HC_Init
                0x0000000008002a60      0x112 Drivers/STM32F7xx_HAL_Driver/Src/stm32f7xx_ll_usb.o
                0x0000000008002a60                USB_HC_Init
 .text.USB_HC_ReadInterrupt
                0x0000000008002b72        0xa Drivers/STM32F7xx_HAL_Driver/Src/stm32f7xx_ll_usb.o
                0x0000000008002b72                USB_HC_ReadInterrupt
 .text.USB_HC_Halt
                0x0000000008002b7c       0xa4 Drivers/STM32F7xx_HAL_Driver/Src/stm32f7xx_ll_usb.o
                0x0000000008002b7c                USB_HC_Halt
 .text.USB_DoPing
                0x0000000008002c20       0x24 Drivers/STM32F7xx_HAL_Driver/Src/stm32f7xx_ll_usb.o
                0x0000000008002c20                USB_DoPing
 .text.USB_HC_StartXfer
                0x0000000008002c44      0x164 Drivers/STM32F7xx_HAL_Driver/Src/stm32f7xx_ll_usb.o
                0x0000000008002c44                USB_HC_StartXfer
 .text.USB_StopHost
                0x0000000008002da8       0x6c Drivers/STM32F7xx_HAL_Driver/Src/stm32f7xx_ll_usb.o
                0x0000000008002da8                USB_StopHost
 .text.USBH_VIDEO_SOFProcess
                0x0000000008002e14        0x4 Middlewares/ST/STM32_USB_Host_Library/Class/VIDEO/Src/usbh_video.o
 .text.USBH_VIDEO_ClassRequest
                0x0000000008002e18       0x86 Middlewares/ST/STM32_USB_Host_Library/Class/VIDEO/Src/usbh_video.o
 .text.USBH_VIDEO_InterfaceDeInit
                0x0000000008002e9e       0x3c Middlewares/ST/STM32_USB_Host_Library/Class/VIDEO/Src/usbh_video.o
 *fill*         0x0000000008002eda        0x2 
 .text.USBH_VIDEO_InterfaceInit
                0x0000000008002edc      0x150 Middlewares/ST/STM32_USB_Host_Library/Class/VIDEO/Src/usbh_video.o
 .text.USBH_VIDEO_ProcessDummy
                0x000000000800302c        0x4 Middlewares/ST/STM32_USB_Host_Library/Class/VIDEO/Src/usbh_video.o
 .text.USBH_VS_SetCur
                0x0000000008003030       0x6c Middlewares/ST/STM32_USB_Host_Library/Class/VIDEO/Src/usbh_video.o
                0x0000000008003030                USBH_VS_SetCur
 .text.USBH_VS_GetCur
                0x000000000800309c       0x4c Middlewares/ST/STM32_USB_Host_Library/Class/VIDEO/Src/usbh_video.o
                0x000000000800309c                USBH_VS_GetCur
 .text.USBH_VIDEO_FindStreamingIN
                0x00000000080030e8       0x6c Middlewares/ST/STM32_USB_Host_Library/Class/VIDEO/Src/usbh_video_desc_parsing.o
                0x00000000080030e8                USBH_VIDEO_FindStreamingIN
 .text.ParseCSDescriptors
                0x0000000008003154      0x148 Middlewares/ST/STM32_USB_Host_Library/Class/VIDEO/Src/usbh_video_desc_parsing.o
                0x0000000008003154                ParseCSDescriptors
 .text.USBH_VIDEO_ParseCSDescriptors
                0x000000000800329c       0x86 Middlewares/ST/STM32_USB_Host_Library/Class/VIDEO/Src/usbh_video_desc_parsing.o
                0x000000000800329c                USBH_VIDEO_ParseCSDescriptors
 *fill*         0x0000000008003322        0x2 
 .text.USBH_VIDEO_AnalyseFormatDescriptors
                0x0000000008003324       0x94 Middlewares/ST/STM32_USB_Host_Library/Class/VIDEO/Src/usbh_video_desc_parsing.o
                0x0000000008003324                USBH_VIDEO_AnalyseFormatDescriptors
 .text.USBH_VIDEO_AnalyseFrameDescriptors
                0x00000000080033b8       0x8c Middlewares/ST/STM32_USB_Host_Library/Class/VIDEO/Src/usbh_video_desc_parsing.o
                0x00000000080033b8                USBH_VIDEO_AnalyseFrameDescriptors
 .text.video_stream_init_buffers
                0x0000000008003444       0x40 Middlewares/ST/STM32_USB_Host_Library/Class/VIDEO/Src/usbh_video_stream_parsing.o
                0x0000000008003444                video_stream_init_buffers
 .text.video_stream_ready_update
                0x0000000008003484        0xc Middlewares/ST/STM32_USB_Host_Library/Class/VIDEO/Src/usbh_video_stream_parsing.o
                0x0000000008003484                video_stream_ready_update
 .text.DeInitStateMachine
                0x0000000008003490       0x4c Middlewares/ST/STM32_USB_Host_Library/Core/Src/usbh_core.o
 .text.USBH_Init
                0x00000000080034dc       0x94 Middlewares/ST/STM32_USB_Host_Library/Core/Src/usbh_core.o
                0x00000000080034dc                USBH_Init
 .text.USBH_RegisterClass
                0x0000000008003570       0x44 Middlewares/ST/STM32_USB_Host_Library/Core/Src/usbh_core.o
                0x0000000008003570                USBH_RegisterClass
 .text.USBH_FindInterface
                0x00000000080035b4       0x38 Middlewares/ST/STM32_USB_Host_Library/Core/Src/usbh_core.o
                0x00000000080035b4                USBH_FindInterface
 .text.USBH_FindInterfaceIndex
                0x00000000080035ec       0x24 Middlewares/ST/STM32_USB_Host_Library/Core/Src/usbh_core.o
                0x00000000080035ec                USBH_FindInterfaceIndex
 .text.USBH_Start
                0x0000000008003610       0x14 Middlewares/ST/STM32_USB_Host_Library/Core/Src/usbh_core.o
                0x0000000008003610                USBH_Start
 .text.USBH_Process
                0x0000000008003624      0x5ec Middlewares/ST/STM32_USB_Host_Library/Core/Src/usbh_core.o
                0x0000000008003624                USBH_Process
 .text.USBH_Process_OS
                0x0000000008003c10       0x20 Middlewares/ST/STM32_USB_Host_Library/Core/Src/usbh_core.o
 .text.USBH_LL_SetTimer
                0x0000000008003c30        0x6 Middlewares/ST/STM32_USB_Host_Library/Core/Src/usbh_core.o
                0x0000000008003c30                USBH_LL_SetTimer
 .text.USBH_LL_IncTimer
                0x0000000008003c36       0x1c Middlewares/ST/STM32_USB_Host_Library/Core/Src/usbh_core.o
                0x0000000008003c36                USBH_LL_IncTimer
 .text.USBH_LL_PortEnabled
                0x0000000008003c52       0x14 Middlewares/ST/STM32_USB_Host_Library/Core/Src/usbh_core.o
                0x0000000008003c52                USBH_LL_PortEnabled
 .text.USBH_LL_PortDisabled
                0x0000000008003c66        0x8 Middlewares/ST/STM32_USB_Host_Library/Core/Src/usbh_core.o
                0x0000000008003c66                USBH_LL_PortDisabled
 .text.USBH_LL_Connect
                0x0000000008003c6e       0x24 Middlewares/ST/STM32_USB_Host_Library/Core/Src/usbh_core.o
                0x0000000008003c6e                USBH_LL_Connect
 .text.USBH_LL_Disconnect
                0x0000000008003c92       0x3c Middlewares/ST/STM32_USB_Host_Library/Core/Src/usbh_core.o
                0x0000000008003c92                USBH_LL_Disconnect
 .text.USBH_LL_NotifyURBChange
                0x0000000008003cce       0x16 Middlewares/ST/STM32_USB_Host_Library/Core/Src/usbh_core.o
                0x0000000008003cce                USBH_LL_NotifyURBChange
 .text.USBH_GetNextDesc
                0x0000000008003ce4        0xc Middlewares/ST/STM32_USB_Host_Library/Core/Src/usbh_ctlreq.o
                0x0000000008003ce4                USBH_GetNextDesc
 .text.USBH_CtlReq
                0x0000000008003cf0      0x204 Middlewares/ST/STM32_USB_Host_Library/Core/Src/usbh_ctlreq.o
                0x0000000008003cf0                USBH_CtlReq
 .text.USBH_GetDescriptor
                0x0000000008003ef4       0x36 Middlewares/ST/STM32_USB_Host_Library/Core/Src/usbh_ctlreq.o
                0x0000000008003ef4                USBH_GetDescriptor
 .text.USBH_Get_DevDesc
                0x0000000008003f2a       0x90 Middlewares/ST/STM32_USB_Host_Library/Core/Src/usbh_ctlreq.o
                0x0000000008003f2a                USBH_Get_DevDesc
 .text.USBH_Get_CfgDesc
                0x0000000008003fba      0x11c Middlewares/ST/STM32_USB_Host_Library/Core/Src/usbh_ctlreq.o
                0x0000000008003fba                USBH_Get_CfgDesc
 .text.USBH_Get_StringDesc
                0x00000000080040d6       0x4e Middlewares/ST/STM32_USB_Host_Library/Core/Src/usbh_ctlreq.o
                0x00000000080040d6                USBH_Get_StringDesc
 .text.USBH_SetAddress
                0x0000000008004124       0x1c Middlewares/ST/STM32_USB_Host_Library/Core/Src/usbh_ctlreq.o
                0x0000000008004124                USBH_SetAddress
 .text.USBH_SetCfg
                0x0000000008004140       0x1c Middlewares/ST/STM32_USB_Host_Library/Core/Src/usbh_ctlreq.o
                0x0000000008004140                USBH_SetCfg
 .text.USBH_SetInterface
                0x000000000800415c       0x1c Middlewares/ST/STM32_USB_Host_Library/Core/Src/usbh_ctlreq.o
                0x000000000800415c                USBH_SetInterface
 .text.USBH_SetFeature
                0x0000000008004178       0x1c Middlewares/ST/STM32_USB_Host_Library/Core/Src/usbh_ctlreq.o
                0x0000000008004178                USBH_SetFeature
 .text.USBH_CtlSendSetup
                0x0000000008004194       0x22 Middlewares/ST/STM32_USB_Host_Library/Core/Src/usbh_ioreq.o
                0x0000000008004194                USBH_CtlSendSetup
 .text.USBH_CtlSendData
                0x00000000080041b6       0x2e Middlewares/ST/STM32_USB_Host_Library/Core/Src/usbh_ioreq.o
                0x00000000080041b6                USBH_CtlSendData
 .text.USBH_CtlReceiveData
                0x00000000080041e4       0x20 Middlewares/ST/STM32_USB_Host_Library/Core/Src/usbh_ioreq.o
                0x00000000080041e4                USBH_CtlReceiveData
 .text.USBH_OpenPipe
                0x0000000008004204       0x1e Middlewares/ST/STM32_USB_Host_Library/Core/Src/usbh_pipes.o
                0x0000000008004204                USBH_OpenPipe
 .text.USBH_ClosePipe
                0x0000000008004222        0xa Middlewares/ST/STM32_USB_Host_Library/Core/Src/usbh_pipes.o
                0x0000000008004222                USBH_ClosePipe
 .text.USBH_AllocPipe
                0x000000000800422c       0x30 Middlewares/ST/STM32_USB_Host_Library/Core/Src/usbh_pipes.o
                0x000000000800422c                USBH_AllocPipe
 .text.USBH_FreePipe
                0x000000000800425c       0x18 Middlewares/ST/STM32_USB_Host_Library/Core/Src/usbh_pipes.o
                0x000000000800425c                USBH_FreePipe
 .text.FATFS_LinkDriverEx
                0x0000000008004274       0x44 Middlewares/Third_Party/FatFs/src/ff_gen_drv.o
                0x0000000008004274                FATFS_LinkDriverEx
 .text.FATFS_LinkDriver
                0x00000000080042b8        0x6 Middlewares/Third_Party/FatFs/src/ff_gen_drv.o
                0x00000000080042b8                FATFS_LinkDriver
 .text.osThreadCreate
                0x00000000080042be       0x50 Middlewares/Third_Party/FreeRTOS/Source/CMSIS_RTOS/cmsis_os.o
                0x00000000080042be                osThreadCreate
 .text.osDelay  0x000000000800430e       0x10 Middlewares/Third_Party/FreeRTOS/Source/CMSIS_RTOS/cmsis_os.o
                0x000000000800430e                osDelay
 .text.osMessageCreate
                0x000000000800431e       0x28 Middlewares/Third_Party/FreeRTOS/Source/CMSIS_RTOS/cmsis_os.o
                0x000000000800431e                osMessageCreate
 *fill*         0x0000000008004346        0x2 
 .text.osMessagePut
                0x0000000008004348       0x50 Middlewares/Third_Party/FreeRTOS/Source/CMSIS_RTOS/cmsis_os.o
                0x0000000008004348                osMessagePut
 .text.osMessageGet
                0x0000000008004398       0x74 Middlewares/Third_Party/FreeRTOS/Source/CMSIS_RTOS/cmsis_os.o
                0x0000000008004398                osMessageGet
 .text.vListInitialise
                0x000000000800440c       0x16 Middlewares/Third_Party/FreeRTOS/Source/list.o
                0x000000000800440c                vListInitialise
 .text.vListInitialiseItem
                0x0000000008004422        0x6 Middlewares/Third_Party/FreeRTOS/Source/list.o
                0x0000000008004422                vListInitialiseItem
 .text.vListInsertEnd
                0x0000000008004428       0x18 Middlewares/Third_Party/FreeRTOS/Source/list.o
                0x0000000008004428                vListInsertEnd
 .text.vListInsert
                0x0000000008004440       0x2e Middlewares/Third_Party/FreeRTOS/Source/list.o
                0x0000000008004440                vListInsert
 .text.uxListRemove
                0x000000000800446e       0x22 Middlewares/Third_Party/FreeRTOS/Source/list.o
                0x000000000800446e                uxListRemove
 .text.prvTaskExitError
                0x0000000008004490       0x48 Middlewares/Third_Party/FreeRTOS/Source/portable/GCC/ARM_CM7/r0p1/port.o
 .text.pxPortInitialiseStack
                0x00000000080044d8       0x24 Middlewares/Third_Party/FreeRTOS/Source/portable/GCC/ARM_CM7/r0p1/port.o
                0x00000000080044d8                pxPortInitialiseStack
 *fill*         0x00000000080044fc        0x4 
 .text.SVC_Handler
                0x0000000008004500       0x24 Middlewares/Third_Party/FreeRTOS/Source/portable/GCC/ARM_CM7/r0p1/port.o
                0x0000000008004500                SVC_Handler
 .text.vPortEnterCritical
                0x0000000008004524       0x4c Middlewares/Third_Party/FreeRTOS/Source/portable/GCC/ARM_CM7/r0p1/port.o
                0x0000000008004524                vPortEnterCritical
 .text.vPortExitCritical
                0x0000000008004570       0x2c Middlewares/Third_Party/FreeRTOS/Source/portable/GCC/ARM_CM7/r0p1/port.o
                0x0000000008004570                vPortExitCritical
 *fill*         0x000000000800459c        0x4 
 .text.PendSV_Handler
                0x00000000080045a0       0x64 Middlewares/Third_Party/FreeRTOS/Source/portable/GCC/ARM_CM7/r0p1/port.o
                0x00000000080045a0                PendSV_Handler
 .text.xPortSysTickHandler
                0x0000000008004604       0x30 Middlewares/Third_Party/FreeRTOS/Source/portable/GCC/ARM_CM7/r0p1/port.o
                0x0000000008004604                xPortSysTickHandler
 .text.vPortValidateInterruptPriority
                0x0000000008004634       0x64 Middlewares/Third_Party/FreeRTOS/Source/portable/GCC/ARM_CM7/r0p1/port.o
                0x0000000008004634                vPortValidateInterruptPriority
 .text.unlikely.prvInsertBlockIntoFreeList
                0x0000000008004698       0x48 Middlewares/Third_Party/FreeRTOS/Source/portable/MemMang/heap_4.o
 .text.pvPortMalloc
                0x00000000080046e0      0x124 Middlewares/Third_Party/FreeRTOS/Source/portable/MemMang/heap_4.o
                0x00000000080046e0                pvPortMalloc
 .text.vPortFree
                0x0000000008004804       0x78 Middlewares/Third_Party/FreeRTOS/Source/portable/MemMang/heap_4.o
                0x0000000008004804                vPortFree
 .text.prvIsQueueEmpty
                0x000000000800487c       0x16 Middlewares/Third_Party/FreeRTOS/Source/queue.o
 .text.unlikely.prvCopyDataToQueue
                0x0000000008004892       0x66 Middlewares/Third_Party/FreeRTOS/Source/queue.o
 .text.unlikely.prvCopyDataFromQueue
                0x00000000080048f8       0x2a Middlewares/Third_Party/FreeRTOS/Source/queue.o
 .text.prvUnlockQueue
                0x0000000008004922       0x70 Middlewares/Third_Party/FreeRTOS/Source/queue.o
 *fill*         0x0000000008004992        0x2 
 .text.xQueueGenericReset
                0x0000000008004994       0x84 Middlewares/Third_Party/FreeRTOS/Source/queue.o
                0x0000000008004994                xQueueGenericReset
 .text.xQueueGenericCreateStatic
                0x0000000008004a18       0xa8 Middlewares/Third_Party/FreeRTOS/Source/queue.o
                0x0000000008004a18                xQueueGenericCreateStatic
 .text.xQueueGenericCreate
                0x0000000008004ac0       0x4c Middlewares/Third_Party/FreeRTOS/Source/queue.o
                0x0000000008004ac0                xQueueGenericCreate
 .text.xQueueGenericSend
                0x0000000008004b0c      0x17c Middlewares/Third_Party/FreeRTOS/Source/queue.o
                0x0000000008004b0c                xQueueGenericSend
 .text.xQueueGenericSendFromISR
                0x0000000008004c88       0xd4 Middlewares/Third_Party/FreeRTOS/Source/queue.o
                0x0000000008004c88                xQueueGenericSendFromISR
 .text.xQueueReceive
                0x0000000008004d5c      0x154 Middlewares/Third_Party/FreeRTOS/Source/queue.o
                0x0000000008004d5c                xQueueReceive
 .text.xQueueReceiveFromISR
                0x0000000008004eb0       0xac Middlewares/Third_Party/FreeRTOS/Source/queue.o
                0x0000000008004eb0                xQueueReceiveFromISR
 .text.prvAddNewTaskToReadyList
                0x0000000008004f5c       0xf8 Middlewares/Third_Party/FreeRTOS/Source/tasks.o
 .text.prvResetNextTaskUnblockTime
                0x0000000008005054       0x24 Middlewares/Third_Party/FreeRTOS/Source/tasks.o
 .text.prvInitialiseNewTask.isra.2
                0x0000000008005078       0x8a Middlewares/Third_Party/FreeRTOS/Source/tasks.o
 .text.prvDeleteTCB
                0x0000000008005102       0x3a Middlewares/Third_Party/FreeRTOS/Source/tasks.o
 .text.prvAddCurrentTaskToDelayedList
                0x000000000800513c       0x8c Middlewares/Third_Party/FreeRTOS/Source/tasks.o
 .text.unlikely.xTaskCreateStatic.part.5
                0x00000000080051c8       0x16 Middlewares/Third_Party/FreeRTOS/Source/tasks.o
 .text.xTaskCreateStatic
                0x00000000080051de       0x6a Middlewares/Third_Party/FreeRTOS/Source/tasks.o
                0x00000000080051de                xTaskCreateStatic
 .text.xTaskCreate
                0x0000000008005248       0x5a Middlewares/Third_Party/FreeRTOS/Source/tasks.o
                0x0000000008005248                xTaskCreate
 *fill*         0x00000000080052a2        0x2 
 .text.vTaskDelete
                0x00000000080052a4       0xd8 Middlewares/Third_Party/FreeRTOS/Source/tasks.o
                0x00000000080052a4                vTaskDelete
 .text.vTaskSuspendAll
                0x000000000800537c       0x10 Middlewares/Third_Party/FreeRTOS/Source/tasks.o
                0x000000000800537c                vTaskSuspendAll
 .text.xTaskIncrementTick
                0x000000000800538c      0x128 Middlewares/Third_Party/FreeRTOS/Source/tasks.o
                0x000000000800538c                xTaskIncrementTick
 .text.xTaskResumeAll
                0x00000000080054b4       0xf4 Middlewares/Third_Party/FreeRTOS/Source/tasks.o
                0x00000000080054b4                xTaskResumeAll
 .text.vTaskDelay
                0x00000000080055a8       0x4c Middlewares/Third_Party/FreeRTOS/Source/tasks.o
                0x00000000080055a8                vTaskDelay
 .text.vTaskSwitchContext
                0x00000000080055f4       0x78 Middlewares/Third_Party/FreeRTOS/Source/tasks.o
                0x00000000080055f4                vTaskSwitchContext
 .text.vTaskPlaceOnEventList
                0x000000000800566c       0x38 Middlewares/Third_Party/FreeRTOS/Source/tasks.o
                0x000000000800566c                vTaskPlaceOnEventList
 .text.xTaskRemoveFromEventList
                0x00000000080056a4       0x88 Middlewares/Third_Party/FreeRTOS/Source/tasks.o
                0x00000000080056a4                xTaskRemoveFromEventList
 .text.vTaskInternalSetTimeOutState
                0x000000000800572c       0x18 Middlewares/Third_Party/FreeRTOS/Source/tasks.o
                0x000000000800572c                vTaskInternalSetTimeOutState
 .text.xTaskCheckForTimeOut
                0x0000000008005744       0x80 Middlewares/Third_Party/FreeRTOS/Source/tasks.o
                0x0000000008005744                xTaskCheckForTimeOut
 .text.vTaskMissedYield
                0x00000000080057c4        0xc Middlewares/Third_Party/FreeRTOS/Source/tasks.o
                0x00000000080057c4                vTaskMissedYield
 .text.xTaskGetSchedulerState
                0x00000000080057d0       0x20 Middlewares/Third_Party/FreeRTOS/Source/tasks.o
                0x00000000080057d0                xTaskGetSchedulerState
 .text.xTaskPriorityDisinherit
                0x00000000080057f0       0xa8 Middlewares/Third_Party/FreeRTOS/Source/tasks.o
                0x00000000080057f0                xTaskPriorityDisinherit
 .text.MT48LC4M32B2_Init
                0x0000000008005898       0xb0 Src/MT48LC4M32B2.o
                0x0000000008005898                MT48LC4M32B2_Init
 .text.MX_FATFS_Init
                0x0000000008005948       0x1c Src/fatfs.o
                0x0000000008005948                MX_FATFS_Init
 .text.MX_LIBJPEG_Init
                0x0000000008005964        0x2 Src/libjpeg.o
                0x0000000008005964                MX_LIBJPEG_Init
 *fill*         0x0000000008005966        0x2 
 .text.TFT_FillScreen
                0x0000000008005968       0x20 Src/ltdc.o
                0x0000000008005968                TFT_FillScreen
 .text.TFT_DrawPixel
                0x0000000008005988       0x18 Src/ltdc.o
                0x0000000008005988                TFT_DrawPixel
 .text.TFT_DrawLine
                0x00000000080059a0       0x9a Src/ltdc.o
                0x00000000080059a0                TFT_DrawLine
 *fill*         0x0000000008005a3a        0x2 
 .text.lcd_switch_buffer
                0x0000000008005a3c       0x40 Src/ltdc.o
                0x0000000008005a3c                lcd_switch_buffer
 .text.lcd_switch_to_single_buffer_mode
                0x0000000008005a7c       0x28 Src/ltdc.o
                0x0000000008005a7c                lcd_switch_to_single_buffer_mode
 .text.LCD_DrawChar
                0x0000000008005aa4       0x9c Src/ltdc.o
                0x0000000008005aa4                LCD_DrawChar
 .text.LCD_DisplayChar
                0x0000000008005b40       0x2c Src/ltdc.o
                0x0000000008005b40                LCD_DisplayChar
 .text.LCD_DisplayStringLine
                0x0000000008005b6c       0x40 Src/ltdc.o
                0x0000000008005b6c                LCD_DisplayStringLine
 .text.lcd_set_pixel
                0x0000000008005bac       0x18 Src/ltdc.o
                0x0000000008005bac                lcd_set_pixel
 .text.lcd_convert_to_color32
                0x0000000008005bc4       0x26 Src/ltdc.o
                0x0000000008005bc4                lcd_convert_to_color32
 *fill*         0x0000000008005bea        0x2 
 .text.lcd_clear
                0x0000000008005bec       0x5c Src/ltdc.o
                0x0000000008005bec                lcd_clear
 .text.lcd_convert_yuyv_to_rgb
                0x0000000008005c48       0x7a Src/ltdc.o
                0x0000000008005c48                lcd_convert_yuyv_to_rgb
 .text.lcd_convert_yuyv_pixels
                0x0000000008005cc2       0x2c Src/ltdc.o
                0x0000000008005cc2                lcd_convert_yuyv_pixels
 *fill*         0x0000000008005cee        0x2 
 .text.lcd_draw_yuyv_picture
                0x0000000008005cf0       0x44 Src/ltdc.o
                0x0000000008005cf0                lcd_draw_yuyv_picture
 .text.StartDefaultTask
                0x0000000008005d34       0x8c Src/main.o
                0x0000000008005d34                StartDefaultTask
 .text.SystemClock_Config
                0x0000000008005dc0       0xc8 Src/main.o
                0x0000000008005dc0                SystemClock_Config
 .text.startup.main
                0x0000000008005e88      0x4d4 Src/main.o
                0x0000000008005e88                main
 .text.Error_Handler
                0x000000000800635c        0x2 Src/main.o
                0x000000000800635c                Error_Handler
 .text.input_func
                0x000000000800635e       0x28 Src/mjpeg_decoding.o
                0x000000000800635e                input_func
 .text.output_func
                0x0000000008006386       0x3e Src/mjpeg_decoding.o
                0x0000000008006386                output_func
 .text.mjpeg_decompression_and_draw
                0x00000000080063c4       0x4c Src/mjpeg_decoding.o
                0x00000000080063c4                mjpeg_decompression_and_draw
 .text.HAL_MspInit
                0x0000000008006410       0x40 Src/stm32f7xx_hal_msp.o
                0x0000000008006410                HAL_MspInit
 .text.HAL_DMA2D_MspInit
                0x0000000008006450       0x28 Src/stm32f7xx_hal_msp.o
                0x0000000008006450                HAL_DMA2D_MspInit
 .text.HAL_LTDC_MspInit
                0x0000000008006478       0xec Src/stm32f7xx_hal_msp.o
                0x0000000008006478                HAL_LTDC_MspInit
 .text.HAL_RNG_MspInit
                0x0000000008006564       0x2c Src/stm32f7xx_hal_msp.o
                0x0000000008006564                HAL_RNG_MspInit
 .text.HAL_TIM_Base_MspInit
                0x0000000008006590       0x28 Src/stm32f7xx_hal_msp.o
                0x0000000008006590                HAL_TIM_Base_MspInit
 .text.HAL_SDRAM_MspInit
                0x00000000080065b8       0xd8 Src/stm32f7xx_hal_msp.o
                0x00000000080065b8                HAL_SDRAM_MspInit
 .text.NMI_Handler
                0x0000000008006690        0x2 Src/stm32f7xx_it.o
                0x0000000008006690                NMI_Handler
 .text.HardFault_Handler
                0x0000000008006692        0x2 Src/stm32f7xx_it.o
                0x0000000008006692                HardFault_Handler
 .text.MemManage_Handler
                0x0000000008006694        0x2 Src/stm32f7xx_it.o
                0x0000000008006694                MemManage_Handler
 .text.BusFault_Handler
                0x0000000008006696        0x2 Src/stm32f7xx_it.o
                0x0000000008006696                BusFault_Handler
 .text.UsageFault_Handler
                0x0000000008006698        0x2 Src/stm32f7xx_it.o
                0x0000000008006698                UsageFault_Handler
 .text.DebugMon_Handler
                0x000000000800669a        0x2 Src/stm32f7xx_it.o
                0x000000000800669a                DebugMon_Handler
 .text.SysTick_Handler
                0x000000000800669c       0x18 Src/stm32f7xx_it.o
                0x000000000800669c                SysTick_Handler
 .text.OTG_HS_IRQHandler
                0x00000000080066b4        0xc Src/stm32f7xx_it.o
                0x00000000080066b4                OTG_HS_IRQHandler
 .text._read    0x00000000080066c0       0x1c Src/syscalls.o
                0x00000000080066c0                _read
 .text._write   0x00000000080066dc       0x1c Src/syscalls.o
                0x00000000080066dc                _write
 .text._sbrk    0x00000000080066f8       0x34 Src/syscalls.o
                0x00000000080066f8                _sbrk
 .text._close   0x000000000800672c        0x6 Src/syscalls.o
                0x000000000800672c                _close
 .text._fstat   0x0000000008006732        0xa Src/syscalls.o
                0x0000000008006732                _fstat
 .text._isatty  0x000000000800673c        0x4 Src/syscalls.o
                0x000000000800673c                _isatty
 .text._lseek   0x0000000008006740        0x4 Src/syscalls.o
                0x0000000008006740                _lseek
 .text.SystemInit
                0x0000000008006744       0x1c Src/system_stm32f7xx.o
                0x0000000008006744                SystemInit
 .text.alloc_pool
                0x0000000008006760       0x1e Src/tjpgd.o
 .text.create_huffman_tbl
                0x000000000800677e       0xd8 Src/tjpgd.o
 .text.bitext   0x0000000008006856       0x82 Src/tjpgd.o
 .text.huffext  0x00000000080068d8       0x9e Src/tjpgd.o
 *fill*         0x0000000008006976        0x2 
 .text.jd_prepare
                0x0000000008006978      0x348 Src/tjpgd.o
                0x0000000008006978                jd_prepare
 .text.jd_decomp
                0x0000000008006cc0      0x60c Src/tjpgd.o
                0x0000000008006cc0                jd_decomp
 .text.USBH_UserProcess
                0x00000000080072cc       0x48 Src/usb_host.o
 .text.MX_USB_HOST_Init
                0x0000000008007314       0x2c Src/usb_host.o
                0x0000000008007314                MX_USB_HOST_Init
 .text.MX_USB_HOST_Process
                0x0000000008007340        0xc Src/usb_host.o
                0x0000000008007340                MX_USB_HOST_Process
 .text.HAL_HCD_MspInit
                0x000000000800734c       0x7c Src/usbh_conf.o
                0x000000000800734c                HAL_HCD_MspInit
 .text.HAL_HCD_SOF_Callback
                0x00000000080073c8        0x8 Src/usbh_conf.o
                0x00000000080073c8                HAL_HCD_SOF_Callback
 .text.HAL_HCD_Connect_Callback
                0x00000000080073d0        0x8 Src/usbh_conf.o
                0x00000000080073d0                HAL_HCD_Connect_Callback
 .text.HAL_HCD_Disconnect_Callback
                0x00000000080073d8        0x8 Src/usbh_conf.o
                0x00000000080073d8                HAL_HCD_Disconnect_Callback
 .text.HAL_HCD_HC_NotifyURBChange_Callback
                0x00000000080073e0        0x8 Src/usbh_conf.o
                0x00000000080073e0                HAL_HCD_HC_NotifyURBChange_Callback
 .text.HAL_HCD_PortEnabled_Callback
                0x00000000080073e8        0x8 Src/usbh_conf.o
                0x00000000080073e8                HAL_HCD_PortEnabled_Callback
 .text.HAL_HCD_PortDisabled_Callback
                0x00000000080073f0        0x8 Src/usbh_conf.o
                0x00000000080073f0                HAL_HCD_PortDisabled_Callback
 .text.USBH_LL_Init
                0x00000000080073f8       0x50 Src/usbh_conf.o
                0x00000000080073f8                USBH_LL_Init
 .text.USBH_LL_Start
                0x0000000008007448       0x1c Src/usbh_conf.o
                0x0000000008007448                USBH_LL_Start
 .text.USBH_LL_Stop
                0x0000000008007464       0x1c Src/usbh_conf.o
                0x0000000008007464                USBH_LL_Stop
 .text.USBH_LL_GetSpeed
                0x0000000008007480       0x1c Src/usbh_conf.o
                0x0000000008007480                USBH_LL_GetSpeed
 .text.USBH_LL_ResetPort
                0x000000000800749c       0x1c Src/usbh_conf.o
                0x000000000800749c                USBH_LL_ResetPort
 .text.USBH_LL_OpenPipe
                0x00000000080074b8       0x30 Src/usbh_conf.o
                0x00000000080074b8                USBH_LL_OpenPipe
 .text.USBH_LL_ClosePipe
                0x00000000080074e8       0x1c Src/usbh_conf.o
                0x00000000080074e8                USBH_LL_ClosePipe
 .text.USBH_LL_SubmitURB
                0x0000000008007504       0x34 Src/usbh_conf.o
                0x0000000008007504                USBH_LL_SubmitURB
 .text.USBH_LL_GetURBState
                0x0000000008007538        0x8 Src/usbh_conf.o
                0x0000000008007538                USBH_LL_GetURBState
 .text.USBH_LL_DriverVBUS
                0x0000000008007540        0xc Src/usbh_conf.o
                0x0000000008007540                USBH_LL_DriverVBUS
 .text.USBH_LL_SetToggle
                0x000000000800754c       0x1e Src/usbh_conf.o
                0x000000000800754c                USBH_LL_SetToggle
 .text.USBH_Delay
                0x000000000800756a        0x4 Src/usbh_conf.o
                0x000000000800756a                USBH_Delay
 *fill*         0x000000000800756e        0x2 
 .text.USER_status
                0x0000000008007570       0x10 Src/user_diskio.o
                0x0000000008007570                USER_status
 .text.USER_write
                0x0000000008007580        0x4 Src/user_diskio.o
                0x0000000008007580                USER_write
 .text.USER_ioctl
                0x0000000008007584        0x4 Src/user_diskio.o
                0x0000000008007584                USER_ioctl
 .text.USER_read
                0x0000000008007588        0x4 Src/user_diskio.o
                0x0000000008007588                USER_read
 .text.USER_initialize
                0x000000000800758c       0x10 Src/user_diskio.o
                0x000000000800758c                USER_initialize
 .text.Reset_Handler
                0x000000000800759c       0x50 startup/startup_stm32f746xx.o
                0x000000000800759c                Reset_Handler
 .text.Default_Handler
                0x00000000080075ec        0x2 startup/startup_stm32f746xx.o
                0x00000000080075ec                RTC_Alarm_IRQHandler
                0x00000000080075ec                EXTI2_IRQHandler
                0x00000000080075ec                TIM8_CC_IRQHandler
                0x00000000080075ec                UART8_IRQHandler
                0x00000000080075ec                SPI4_IRQHandler
                0x00000000080075ec                TIM1_CC_IRQHandler
                0x00000000080075ec                DMA2_Stream5_IRQHandler
                0x00000000080075ec                DMA1_Stream5_IRQHandler
                0x00000000080075ec                PVD_IRQHandler
                0x00000000080075ec                TAMP_STAMP_IRQHandler
                0x00000000080075ec                CAN2_RX1_IRQHandler
                0x00000000080075ec                EXTI3_IRQHandler
                0x00000000080075ec                TIM8_TRG_COM_TIM14_IRQHandler
                0x00000000080075ec                TIM1_UP_TIM10_IRQHandler
                0x00000000080075ec                TIM8_UP_TIM13_IRQHandler
                0x00000000080075ec                I2C3_ER_IRQHandler
                0x00000000080075ec                EXTI0_IRQHandler
                0x00000000080075ec                I2C2_EV_IRQHandler
                0x00000000080075ec                DMA1_Stream2_IRQHandler
                0x00000000080075ec                CAN1_RX0_IRQHandler
                0x00000000080075ec                FPU_IRQHandler
                0x00000000080075ec                OTG_HS_WKUP_IRQHandler
                0x00000000080075ec                LTDC_ER_IRQHandler
                0x00000000080075ec                CAN2_SCE_IRQHandler
                0x00000000080075ec                DMA2_Stream2_IRQHandler
                0x00000000080075ec                SPI1_IRQHandler
                0x00000000080075ec                TIM6_DAC_IRQHandler
                0x00000000080075ec                TIM1_BRK_TIM9_IRQHandler
                0x00000000080075ec                DCMI_IRQHandler
                0x00000000080075ec                CAN2_RX0_IRQHandler
                0x00000000080075ec                DMA2_Stream3_IRQHandler
                0x00000000080075ec                SAI2_IRQHandler
                0x00000000080075ec                USART6_IRQHandler
                0x00000000080075ec                USART3_IRQHandler
                0x00000000080075ec                CAN1_RX1_IRQHandler
                0x00000000080075ec                UART5_IRQHandler
                0x00000000080075ec                DMA2_Stream0_IRQHandler
                0x00000000080075ec                TIM4_IRQHandler
                0x00000000080075ec                QUADSPI_IRQHandler
                0x00000000080075ec                I2C1_EV_IRQHandler
                0x00000000080075ec                DMA1_Stream6_IRQHandler
                0x00000000080075ec                DMA1_Stream1_IRQHandler
                0x00000000080075ec                UART4_IRQHandler
                0x00000000080075ec                TIM3_IRQHandler
                0x00000000080075ec                RCC_IRQHandler
                0x00000000080075ec                TIM8_BRK_TIM12_IRQHandler
                0x00000000080075ec                Default_Handler
                0x00000000080075ec                CEC_IRQHandler
                0x00000000080075ec                EXTI15_10_IRQHandler
                0x00000000080075ec                ADC_IRQHandler
                0x00000000080075ec                DMA1_Stream7_IRQHandler
                0x00000000080075ec                SPI5_IRQHandler
                0x00000000080075ec                TIM7_IRQHandler
                0x00000000080075ec                SDMMC1_IRQHandler
                0x00000000080075ec                CAN2_TX_IRQHandler
                0x00000000080075ec                TIM5_IRQHandler
                0x00000000080075ec                DMA2_Stream7_IRQHandler
                0x00000000080075ec                I2C3_EV_IRQHandler
                0x00000000080075ec                EXTI9_5_IRQHandler
                0x00000000080075ec                RTC_WKUP_IRQHandler
                0x00000000080075ec                LTDC_IRQHandler
                0x00000000080075ec                ETH_WKUP_IRQHandler
                0x00000000080075ec                SPDIF_RX_IRQHandler
                0x00000000080075ec                SPI2_IRQHandler
                0x00000000080075ec                OTG_HS_EP1_IN_IRQHandler
                0x00000000080075ec                DMA1_Stream0_IRQHandler
                0x00000000080075ec                CAN1_TX_IRQHandler
                0x00000000080075ec                EXTI4_IRQHandler
                0x00000000080075ec                RNG_IRQHandler
                0x00000000080075ec                ETH_IRQHandler
                0x00000000080075ec                OTG_HS_EP1_OUT_IRQHandler
                0x00000000080075ec                WWDG_IRQHandler
                0x00000000080075ec                SPI6_IRQHandler
                0x00000000080075ec                I2C4_EV_IRQHandler
                0x00000000080075ec                TIM2_IRQHandler
                0x00000000080075ec                OTG_FS_WKUP_IRQHandler
                0x00000000080075ec                TIM1_TRG_COM_TIM11_IRQHandler
                0x00000000080075ec                DMA2D_IRQHandler
                0x00000000080075ec                EXTI1_IRQHandler
                0x00000000080075ec                UART7_IRQHandler
                0x00000000080075ec                USART2_IRQHandler
                0x00000000080075ec                I2C2_ER_IRQHandler
                0x00000000080075ec                DMA2_Stream1_IRQHandler
                0x00000000080075ec                CAN1_SCE_IRQHandler
                0x00000000080075ec                FLASH_IRQHandler
                0x00000000080075ec                DMA2_Stream4_IRQHandler
                0x00000000080075ec                USART1_IRQHandler
                0x00000000080075ec                OTG_FS_IRQHandler
                0x00000000080075ec                SPI3_IRQHandler
                0x00000000080075ec                DMA1_Stream4_IRQHandler
                0x00000000080075ec                I2C1_ER_IRQHandler
                0x00000000080075ec                FMC_IRQHandler
                0x00000000080075ec                LPTIM1_IRQHandler
                0x00000000080075ec                I2C4_ER_IRQHandler
                0x00000000080075ec                DMA2_Stream6_IRQHandler
                0x00000000080075ec                SAI1_IRQHandler
                0x00000000080075ec                DMA1_Stream3_IRQHandler
 *fill*         0x00000000080075ee        0x2 
 .text.__errno  0x00000000080075f0        0xc /opt/Atollic_TrueSTUDIO_for_STM32_x86_64_9.3.0/ARMTools/bin/../lib/gcc/arm-atollic-eabi/6.3.1/../../../../arm-atollic-eabi/lib/armv7e-m/fpu/fpv5-sp-d16/libc_nano.a(lib_a-errno.o)
                0x00000000080075f0                __errno
 .text.__libc_init_array
                0x00000000080075fc       0x48 /opt/Atollic_TrueSTUDIO_for_STM32_x86_64_9.3.0/ARMTools/bin/../lib/gcc/arm-atollic-eabi/6.3.1/../../../../arm-atollic-eabi/lib/armv7e-m/fpu/fpv5-sp-d16/libc_nano.a(lib_a-init.o)
                0x00000000080075fc                __libc_init_array
 .text.malloc   0x0000000008007644       0x10 /opt/Atollic_TrueSTUDIO_for_STM32_x86_64_9.3.0/ARMTools/bin/../lib/gcc/arm-atollic-eabi/6.3.1/../../../../arm-atollic-eabi/lib/armv7e-m/fpu/fpv5-sp-d16/libc_nano.a(lib_a-malloc.o)
                0x0000000008007644                malloc
 .text.free     0x0000000008007654       0x10 /opt/Atollic_TrueSTUDIO_for_STM32_x86_64_9.3.0/ARMTools/bin/../lib/gcc/arm-atollic-eabi/6.3.1/../../../../arm-atollic-eabi/lib/armv7e-m/fpu/fpv5-sp-d16/libc_nano.a(lib_a-malloc.o)
                0x0000000008007654                free
 .text.memcmp   0x0000000008007664       0x1e /opt/Atollic_TrueSTUDIO_for_STM32_x86_64_9.3.0/ARMTools/bin/../lib/gcc/arm-atollic-eabi/6.3.1/../../../../arm-atollic-eabi/lib/armv7e-m/fpu/fpv5-sp-d16/libc_nano.a(lib_a-memcmp.o)
                0x0000000008007664                memcmp
 .text.memcpy   0x0000000008007682       0x16 /opt/Atollic_TrueSTUDIO_for_STM32_x86_64_9.3.0/ARMTools/bin/../lib/gcc/arm-atollic-eabi/6.3.1/../../../../arm-atollic-eabi/lib/armv7e-m/fpu/fpv5-sp-d16/libc_nano.a(lib_a-memcpy-stub.o)
                0x0000000008007682                memcpy
 .text.memset   0x0000000008007698       0x10 /opt/Atollic_TrueSTUDIO_for_STM32_x86_64_9.3.0/ARMTools/bin/../lib/gcc/arm-atollic-eabi/6.3.1/../../../../arm-atollic-eabi/lib/armv7e-m/fpu/fpv5-sp-d16/libc_nano.a(lib_a-memset.o)
                0x0000000008007698                memset
 .text._free_r  0x00000000080076a8       0x9c /opt/Atollic_TrueSTUDIO_for_STM32_x86_64_9.3.0/ARMTools/bin/../lib/gcc/arm-atollic-eabi/6.3.1/../../../../arm-atollic-eabi/lib/armv7e-m/fpu/fpv5-sp-d16/libc_nano.a(lib_a-nano-freer.o)
                0x00000000080076a8                _free_r
 .text._malloc_r
                0x0000000008007744       0xbc /opt/Atollic_TrueSTUDIO_for_STM32_x86_64_9.3.0/ARMTools/bin/../lib/gcc/arm-atollic-eabi/6.3.1/../../../../arm-atollic-eabi/lib/armv7e-m/fpu/fpv5-sp-d16/libc_nano.a(lib_a-nano-mallocr.o)
                0x0000000008007744                _malloc_r
 .text.printf   0x0000000008007800       0x30 /opt/Atollic_TrueSTUDIO_for_STM32_x86_64_9.3.0/ARMTools/bin/../lib/gcc/arm-atollic-eabi/6.3.1/../../../../arm-atollic-eabi/lib/armv7e-m/fpu/fpv5-sp-d16/libc_nano.a(lib_a-printf.o)
                0x0000000008007800                printf
                0x0000000008007800                iprintf
 .text.putchar  0x0000000008007830       0x28 /opt/Atollic_TrueSTUDIO_for_STM32_x86_64_9.3.0/ARMTools/bin/../lib/gcc/arm-atollic-eabi/6.3.1/../../../../arm-atollic-eabi/lib/armv7e-m/fpu/fpv5-sp-d16/libc_nano.a(lib_a-putchar.o)
                0x0000000008007830                putchar
 .text._puts_r  0x0000000008007858       0xb8 /opt/Atollic_TrueSTUDIO_for_STM32_x86_64_9.3.0/ARMTools/bin/../lib/gcc/arm-atollic-eabi/6.3.1/../../../../arm-atollic-eabi/lib/armv7e-m/fpu/fpv5-sp-d16/libc_nano.a(lib_a-puts.o)
                0x0000000008007858                _puts_r
 .text.puts     0x0000000008007910       0x10 /opt/Atollic_TrueSTUDIO_for_STM32_x86_64_9.3.0/ARMTools/bin/../lib/gcc/arm-atollic-eabi/6.3.1/../../../../arm-atollic-eabi/lib/armv7e-m/fpu/fpv5-sp-d16/libc_nano.a(lib_a-puts.o)
                0x0000000008007910                puts
 .text._sbrk_r  0x0000000008007920       0x20 /opt/Atollic_TrueSTUDIO_for_STM32_x86_64_9.3.0/ARMTools/bin/../lib/gcc/arm-atollic-eabi/6.3.1/../../../../arm-atollic-eabi/lib/armv7e-m/fpu/fpv5-sp-d16/libc_nano.a(lib_a-sbrkr.o)
                0x0000000008007920                _sbrk_r
 .text.sprintf  0x0000000008007940       0x48 /opt/Atollic_TrueSTUDIO_for_STM32_x86_64_9.3.0/ARMTools/bin/../lib/gcc/arm-atollic-eabi/6.3.1/../../../../arm-atollic-eabi/lib/armv7e-m/fpu/fpv5-sp-d16/libc_nano.a(lib_a-sprintf.o)
                0x0000000008007940                sprintf
                0x0000000008007940                siprintf
 .text.__swbuf_r
                0x0000000008007988       0xa4 /opt/Atollic_TrueSTUDIO_for_STM32_x86_64_9.3.0/ARMTools/bin/../lib/gcc/arm-atollic-eabi/6.3.1/../../../../arm-atollic-eabi/lib/armv7e-m/fpu/fpv5-sp-d16/libc_nano.a(lib_a-wbuf.o)
                0x0000000008007988                __swbuf_r
 .text.__swsetup_r
                0x0000000008007a2c       0xdc /opt/Atollic_TrueSTUDIO_for_STM32_x86_64_9.3.0/ARMTools/bin/../lib/gcc/arm-atollic-eabi/6.3.1/../../../../arm-atollic-eabi/lib/armv7e-m/fpu/fpv5-sp-d16/libc_nano.a(lib_a-wsetup.o)
                0x0000000008007a2c                __swsetup_r
 .text.__sflush_r
                0x0000000008007b08      0x110 /opt/Atollic_TrueSTUDIO_for_STM32_x86_64_9.3.0/ARMTools/bin/../lib/gcc/arm-atollic-eabi/6.3.1/../../../../arm-atollic-eabi/lib/armv7e-m/fpu/fpv5-sp-d16/libc_nano.a(lib_a-fflush.o)
                0x0000000008007b08                __sflush_r
 .text._fflush_r
                0x0000000008007c18       0x54 /opt/Atollic_TrueSTUDIO_for_STM32_x86_64_9.3.0/ARMTools/bin/../lib/gcc/arm-atollic-eabi/6.3.1/../../../../arm-atollic-eabi/lib/armv7e-m/fpu/fpv5-sp-d16/libc_nano.a(lib_a-fflush.o)
                0x0000000008007c18                _fflush_r
 .text._cleanup_r
                0x0000000008007c6c        0xc /opt/Atollic_TrueSTUDIO_for_STM32_x86_64_9.3.0/ARMTools/bin/../lib/gcc/arm-atollic-eabi/6.3.1/../../../../arm-atollic-eabi/lib/armv7e-m/fpu/fpv5-sp-d16/libc_nano.a(lib_a-findfp.o)
                0x0000000008007c6c                _cleanup_r
 .text.std.isra.0
                0x0000000008007c78       0x48 /opt/Atollic_TrueSTUDIO_for_STM32_x86_64_9.3.0/ARMTools/bin/../lib/gcc/arm-atollic-eabi/6.3.1/../../../../arm-atollic-eabi/lib/armv7e-m/fpu/fpv5-sp-d16/libc_nano.a(lib_a-findfp.o)
 .text.__sfmoreglue
                0x0000000008007cc0       0x2c /opt/Atollic_TrueSTUDIO_for_STM32_x86_64_9.3.0/ARMTools/bin/../lib/gcc/arm-atollic-eabi/6.3.1/../../../../arm-atollic-eabi/lib/armv7e-m/fpu/fpv5-sp-d16/libc_nano.a(lib_a-findfp.o)
                0x0000000008007cc0                __sfmoreglue
 .text.__sinit  0x0000000008007cec       0x60 /opt/Atollic_TrueSTUDIO_for_STM32_x86_64_9.3.0/ARMTools/bin/../lib/gcc/arm-atollic-eabi/6.3.1/../../../../arm-atollic-eabi/lib/armv7e-m/fpu/fpv5-sp-d16/libc_nano.a(lib_a-findfp.o)
                0x0000000008007cec                __sinit
 .text.__sfp    0x0000000008007d4c       0x78 /opt/Atollic_TrueSTUDIO_for_STM32_x86_64_9.3.0/ARMTools/bin/../lib/gcc/arm-atollic-eabi/6.3.1/../../../../arm-atollic-eabi/lib/armv7e-m/fpu/fpv5-sp-d16/libc_nano.a(lib_a-findfp.o)
                0x0000000008007d4c                __sfp
 .text._fwalk_reent
                0x0000000008007dc4       0x3c /opt/Atollic_TrueSTUDIO_for_STM32_x86_64_9.3.0/ARMTools/bin/../lib/gcc/arm-atollic-eabi/6.3.1/../../../../arm-atollic-eabi/lib/armv7e-m/fpu/fpv5-sp-d16/libc_nano.a(lib_a-fwalk.o)
                0x0000000008007dc4                _fwalk_reent
 .text.__swhatbuf_r
                0x0000000008007e00       0x48 /opt/Atollic_TrueSTUDIO_for_STM32_x86_64_9.3.0/ARMTools/bin/../lib/gcc/arm-atollic-eabi/6.3.1/../../../../arm-atollic-eabi/lib/armv7e-m/fpu/fpv5-sp-d16/libc_nano.a(lib_a-makebuf.o)
                0x0000000008007e00                __swhatbuf_r
 .text.__smakebuf_r
                0x0000000008007e48       0x80 /opt/Atollic_TrueSTUDIO_for_STM32_x86_64_9.3.0/ARMTools/bin/../lib/gcc/arm-atollic-eabi/6.3.1/../../../../arm-atollic-eabi/lib/armv7e-m/fpu/fpv5-sp-d16/libc_nano.a(lib_a-makebuf.o)
                0x0000000008007e48                __smakebuf_r
 .text.__malloc_lock
                0x0000000008007ec8        0x2 /opt/Atollic_TrueSTUDIO_for_STM32_x86_64_9.3.0/ARMTools/bin/../lib/gcc/arm-atollic-eabi/6.3.1/../../../../arm-atollic-eabi/lib/armv7e-m/fpu/fpv5-sp-d16/libc_nano.a(lib_a-mlock.o)
                0x0000000008007ec8                __malloc_lock
 .text.__malloc_unlock
                0x0000000008007eca        0x2 /opt/Atollic_TrueSTUDIO_for_STM32_x86_64_9.3.0/ARMTools/bin/../lib/gcc/arm-atollic-eabi/6.3.1/../../../../arm-atollic-eabi/lib/armv7e-m/fpu/fpv5-sp-d16/libc_nano.a(lib_a-mlock.o)
                0x0000000008007eca                __malloc_unlock
 .text.__ssputs_r
                0x0000000008007ecc       0xb6 /opt/Atollic_TrueSTUDIO_for_STM32_x86_64_9.3.0/ARMTools/bin/../lib/gcc/arm-atollic-eabi/6.3.1/../../../../arm-atollic-eabi/lib/armv7e-m/fpu/fpv5-sp-d16/libc_nano.a(lib_a-nano-svfprintf.o)
                0x0000000008007ecc                __ssputs_r
 *fill*         0x0000000008007f82        0x2 
 .text._svfprintf_r
                0x0000000008007f84      0x1e8 /opt/Atollic_TrueSTUDIO_for_STM32_x86_64_9.3.0/ARMTools/bin/../lib/gcc/arm-atollic-eabi/6.3.1/../../../../arm-atollic-eabi/lib/armv7e-m/fpu/fpv5-sp-d16/libc_nano.a(lib_a-nano-svfprintf.o)
                0x0000000008007f84                _svfprintf_r
                0x0000000008007f84                _svfiprintf_r
 .text.__sfputc_r
                0x000000000800816c       0x30 /opt/Atollic_TrueSTUDIO_for_STM32_x86_64_9.3.0/ARMTools/bin/../lib/gcc/arm-atollic-eabi/6.3.1/../../../../arm-atollic-eabi/lib/armv7e-m/fpu/fpv5-sp-d16/libc_nano.a(lib_a-nano-vfprintf.o)
 .text.__sfputs_r
                0x000000000800819c       0x24 /opt/Atollic_TrueSTUDIO_for_STM32_x86_64_9.3.0/ARMTools/bin/../lib/gcc/arm-atollic-eabi/6.3.1/../../../../arm-atollic-eabi/lib/armv7e-m/fpu/fpv5-sp-d16/libc_nano.a(lib_a-nano-vfprintf.o)
                0x000000000800819c                __sfputs_r
 .text._vfprintf_r
                0x00000000080081c0      0x22c /opt/Atollic_TrueSTUDIO_for_STM32_x86_64_9.3.0/ARMTools/bin/../lib/gcc/arm-atollic-eabi/6.3.1/../../../../arm-atollic-eabi/lib/armv7e-m/fpu/fpv5-sp-d16/libc_nano.a(lib_a-nano-vfprintf.o)
                0x00000000080081c0                _vfiprintf_r
                0x00000000080081c0                _vfprintf_r
 .text._printf_common
                0x00000000080083ec       0xec /opt/Atollic_TrueSTUDIO_for_STM32_x86_64_9.3.0/ARMTools/bin/../lib/gcc/arm-atollic-eabi/6.3.1/../../../../arm-atollic-eabi/lib/armv7e-m/fpu/fpv5-sp-d16/libc_nano.a(lib_a-nano-vfprintf_i.o)
                0x00000000080083ec                _printf_common
 .text._printf_i
                0x00000000080084d8      0x240 /opt/Atollic_TrueSTUDIO_for_STM32_x86_64_9.3.0/ARMTools/bin/../lib/gcc/arm-atollic-eabi/6.3.1/../../../../arm-atollic-eabi/lib/armv7e-m/fpu/fpv5-sp-d16/libc_nano.a(lib_a-nano-vfprintf_i.o)
                0x00000000080084d8                _printf_i
 .text._putc_r  0x0000000008008718       0x6c /opt/Atollic_TrueSTUDIO_for_STM32_x86_64_9.3.0/ARMTools/bin/../lib/gcc/arm-atollic-eabi/6.3.1/../../../../arm-atollic-eabi/lib/armv7e-m/fpu/fpv5-sp-d16/libc_nano.a(lib_a-putc.o)
                0x0000000008008718                _putc_r
 .text.__sread  0x0000000008008784       0x22 /opt/Atollic_TrueSTUDIO_for_STM32_x86_64_9.3.0/ARMTools/bin/../lib/gcc/arm-atollic-eabi/6.3.1/../../../../arm-atollic-eabi/lib/armv7e-m/fpu/fpv5-sp-d16/libc_nano.a(lib_a-stdio.o)
                0x0000000008008784                __sread
 .text.__swrite
                0x00000000080087a6       0x38 /opt/Atollic_TrueSTUDIO_for_STM32_x86_64_9.3.0/ARMTools/bin/../lib/gcc/arm-atollic-eabi/6.3.1/../../../../arm-atollic-eabi/lib/armv7e-m/fpu/fpv5-sp-d16/libc_nano.a(lib_a-stdio.o)
                0x00000000080087a6                __swrite
 .text.__sseek  0x00000000080087de       0x24 /opt/Atollic_TrueSTUDIO_for_STM32_x86_64_9.3.0/ARMTools/bin/../lib/gcc/arm-atollic-eabi/6.3.1/../../../../arm-atollic-eabi/lib/armv7e-m/fpu/fpv5-sp-d16/libc_nano.a(lib_a-stdio.o)
                0x00000000080087de                __sseek
 .text.__sclose
                0x0000000008008802        0x8 /opt/Atollic_TrueSTUDIO_for_STM32_x86_64_9.3.0/ARMTools/bin/../lib/gcc/arm-atollic-eabi/6.3.1/../../../../arm-atollic-eabi/lib/armv7e-m/fpu/fpv5-sp-d16/libc_nano.a(lib_a-stdio.o)
                0x0000000008008802                __sclose
 *fill*         0x000000000800880a        0x2 
 .text._write_r
                0x000000000800880c       0x24 /opt/Atollic_TrueSTUDIO_for_STM32_x86_64_9.3.0/ARMTools/bin/../lib/gcc/arm-atollic-eabi/6.3.1/../../../../arm-atollic-eabi/lib/armv7e-m/fpu/fpv5-sp-d16/libc_nano.a(lib_a-writer.o)
                0x000000000800880c                _write_r
 .text._close_r
                0x0000000008008830       0x20 /opt/Atollic_TrueSTUDIO_for_STM32_x86_64_9.3.0/ARMTools/bin/../lib/gcc/arm-atollic-eabi/6.3.1/../../../../arm-atollic-eabi/lib/armv7e-m/fpu/fpv5-sp-d16/libc_nano.a(lib_a-closer.o)
                0x0000000008008830                _close_r
 .text._fstat_r
                0x0000000008008850       0x24 /opt/Atollic_TrueSTUDIO_for_STM32_x86_64_9.3.0/ARMTools/bin/../lib/gcc/arm-atollic-eabi/6.3.1/../../../../arm-atollic-eabi/lib/armv7e-m/fpu/fpv5-sp-d16/libc_nano.a(lib_a-fstatr.o)
                0x0000000008008850                _fstat_r
 .text._isatty_r
                0x0000000008008874       0x20 /opt/Atollic_TrueSTUDIO_for_STM32_x86_64_9.3.0/ARMTools/bin/../lib/gcc/arm-atollic-eabi/6.3.1/../../../../arm-atollic-eabi/lib/armv7e-m/fpu/fpv5-sp-d16/libc_nano.a(lib_a-isattyr.o)
                0x0000000008008874                _isatty_r
 .text._lseek_r
                0x0000000008008894       0x24 /opt/Atollic_TrueSTUDIO_for_STM32_x86_64_9.3.0/ARMTools/bin/../lib/gcc/arm-atollic-eabi/6.3.1/../../../../arm-atollic-eabi/lib/armv7e-m/fpu/fpv5-sp-d16/libc_nano.a(lib_a-lseekr.o)
                0x0000000008008894                _lseek_r
 .text.memmove  0x00000000080088b8       0x34 /opt/Atollic_TrueSTUDIO_for_STM32_x86_64_9.3.0/ARMTools/bin/../lib/gcc/arm-atollic-eabi/6.3.1/../../../../arm-atollic-eabi/lib/armv7e-m/fpu/fpv5-sp-d16/libc_nano.a(lib_a-memmove.o)
                0x00000000080088b8                memmove
 .text._realloc_r
                0x00000000080088ec       0x4c /opt/Atollic_TrueSTUDIO_for_STM32_x86_64_9.3.0/ARMTools/bin/../lib/gcc/arm-atollic-eabi/6.3.1/../../../../arm-atollic-eabi/lib/armv7e-m/fpu/fpv5-sp-d16/libc_nano.a(lib_a-nano-reallocr.o)
                0x00000000080088ec                _realloc_r
 .text._read_r  0x0000000008008938       0x24 /opt/Atollic_TrueSTUDIO_for_STM32_x86_64_9.3.0/ARMTools/bin/../lib/gcc/arm-atollic-eabi/6.3.1/../../../../arm-atollic-eabi/lib/armv7e-m/fpu/fpv5-sp-d16/libc_nano.a(lib_a-readr.o)
                0x0000000008008938                _read_r
 .text._malloc_usable_size_r
                0x000000000800895c       0x12 /opt/Atollic_TrueSTUDIO_for_STM32_x86_64_9.3.0/ARMTools/bin/../lib/gcc/arm-atollic-eabi/6.3.1/../../../../arm-atollic-eabi/lib/armv7e-m/fpu/fpv5-sp-d16/libc_nano.a(lib_a-nano-msizer.o)
                0x000000000800895c                _malloc_usable_size_r
 *(.glue_7)
 .glue_7        0x000000000800896e        0x0 linker stubs
 *(.glue_7t)
 .glue_7t       0x000000000800896e        0x0 linker stubs
 *(.eh_frame)
 *fill*         0x000000000800896e        0x2 
 .eh_frame      0x0000000008008970        0x0 /opt/Atollic_TrueSTUDIO_for_STM32_x86_64_9.3.0/ARMTools/bin/../lib/gcc/arm-atollic-eabi/6.3.1/armv7e-m/fpu/fpv5-sp-d16/crtbegin.o
 *(.init)
 .init          0x0000000008008970        0x4 /opt/Atollic_TrueSTUDIO_for_STM32_x86_64_9.3.0/ARMTools/bin/../lib/gcc/arm-atollic-eabi/6.3.1/armv7e-m/fpu/fpv5-sp-d16/crti.o
                0x0000000008008970                _init
 .init          0x0000000008008974        0x8 /opt/Atollic_TrueSTUDIO_for_STM32_x86_64_9.3.0/ARMTools/bin/../lib/gcc/arm-atollic-eabi/6.3.1/armv7e-m/fpu/fpv5-sp-d16/crtn.o
 *(.fini)
 .fini          0x000000000800897c        0x4 /opt/Atollic_TrueSTUDIO_for_STM32_x86_64_9.3.0/ARMTools/bin/../lib/gcc/arm-atollic-eabi/6.3.1/armv7e-m/fpu/fpv5-sp-d16/crti.o
                0x000000000800897c                _fini
 .fini          0x0000000008008980        0x8 /opt/Atollic_TrueSTUDIO_for_STM32_x86_64_9.3.0/ARMTools/bin/../lib/gcc/arm-atollic-eabi/6.3.1/armv7e-m/fpu/fpv5-sp-d16/crtn.o
                0x0000000008008988                . = ALIGN (0x4)
                0x0000000008008988                _etext = .

.vfp11_veneer   0x0000000008008988        0x0
 .vfp11_veneer  0x0000000008008988        0x0 linker stubs

.v4_bx          0x0000000008008988        0x0
 .v4_bx         0x0000000008008988        0x0 linker stubs

.iplt           0x0000000008008988        0x0
 .iplt          0x0000000008008988        0x0 /opt/Atollic_TrueSTUDIO_for_STM32_x86_64_9.3.0/ARMTools/bin/../lib/gcc/arm-atollic-eabi/6.3.1/armv7e-m/fpu/fpv5-sp-d16/crtbegin.o

.rodata         0x0000000008008988      0xae4
                0x0000000008008988                . = ALIGN (0x4)
 *(.rodata)
 .rodata        0x0000000008008988       0x2c Middlewares/ST/STM32_USB_Host_Library/Core/Src/usbh_core.o
 .rodata        0x00000000080089b4       0x1c Src/main.o
 *(.rodata*)
 .rodata.USBH_VIDEO_InterfaceInit.str1.1
                0x00000000080089d0       0x7a Middlewares/ST/STM32_USB_Host_Library/Class/VIDEO/Src/usbh_video.o
 .rodata.str1.1
                0x0000000008008a4a        0x6 Middlewares/ST/STM32_USB_Host_Library/Class/VIDEO/Src/usbh_video.o
 .rodata.ParseCSDescriptors.str1.1
                0x0000000008008a50       0x43 Middlewares/ST/STM32_USB_Host_Library/Class/VIDEO/Src/usbh_video_desc_parsing.o
                                         0x4c (size before relaxing)
 .rodata.USBH_VIDEO_AnalyseFormatDescriptors.str1.1
                0x0000000008008a93       0x81 Middlewares/ST/STM32_USB_Host_Library/Class/VIDEO/Src/usbh_video_desc_parsing.o
                                         0x89 (size before relaxing)
 .rodata.USBH_Init.str1.1
                0x0000000008008b14       0x14 Middlewares/ST/STM32_USB_Host_Library/Core/Src/usbh_core.o
                                         0x1c (size before relaxing)
 .rodata.USBH_Process.str1.1
                0x0000000008008b28      0x344 Middlewares/ST/STM32_USB_Host_Library/Core/Src/usbh_core.o
 .rodata.USBH_RegisterClass.str1.1
                0x0000000008008e6c       0x2e Middlewares/ST/STM32_USB_Host_Library/Core/Src/usbh_core.o
 .rodata.str1.1
                0x0000000008008e9a        0xc Middlewares/ST/STM32_USB_Host_Library/Core/Src/usbh_core.o
 .rodata.USBH_CtlReq.str1.1
                0x0000000008008ea6       0x25 Middlewares/ST/STM32_USB_Host_Library/Core/Src/usbh_ctlreq.o
                                         0x2d (size before relaxing)
 .rodata.main.str1.1
                0x0000000008008ecb       0x23 Src/main.o
 .rodata.str1.1
                0x0000000008008eee        0xc Src/main.o
 .rodata.AHBPrescTable
                0x0000000008008efa       0x10 Src/system_stm32f7xx.o
                0x0000000008008efa                AHBPrescTable
 .rodata.Clip8  0x0000000008008f0a      0x400 Src/tjpgd.o
 .rodata.Ipsf   0x000000000800930a       0x80 Src/tjpgd.o
 .rodata.Zig    0x000000000800938a       0x40 Src/tjpgd.o
 .rodata.CSWTCH.14
                0x00000000080093ca        0x3 Src/usbh_conf.o
 .rodata.CSWTCH.22
                0x00000000080093cd        0x4 Src/usbh_conf.o
 *fill*         0x00000000080093d1        0x3 
 .rodata._global_impure_ptr
                0x00000000080093d4        0x4 /opt/Atollic_TrueSTUDIO_for_STM32_x86_64_9.3.0/ARMTools/bin/../lib/gcc/arm-atollic-eabi/6.3.1/../../../../arm-atollic-eabi/lib/armv7e-m/fpu/fpv5-sp-d16/libc_nano.a(lib_a-impure.o)
                0x00000000080093d4                _global_impure_ptr
 .rodata.__sf_fake_stderr
                0x00000000080093d8       0x20 /opt/Atollic_TrueSTUDIO_for_STM32_x86_64_9.3.0/ARMTools/bin/../lib/gcc/arm-atollic-eabi/6.3.1/../../../../arm-atollic-eabi/lib/armv7e-m/fpu/fpv5-sp-d16/libc_nano.a(lib_a-findfp.o)
                0x00000000080093d8                __sf_fake_stderr
 .rodata.__sf_fake_stdin
                0x00000000080093f8       0x20 /opt/Atollic_TrueSTUDIO_for_STM32_x86_64_9.3.0/ARMTools/bin/../lib/gcc/arm-atollic-eabi/6.3.1/../../../../arm-atollic-eabi/lib/armv7e-m/fpu/fpv5-sp-d16/libc_nano.a(lib_a-findfp.o)
                0x00000000080093f8                __sf_fake_stdin
 .rodata.__sf_fake_stdout
                0x0000000008009418       0x20 /opt/Atollic_TrueSTUDIO_for_STM32_x86_64_9.3.0/ARMTools/bin/../lib/gcc/arm-atollic-eabi/6.3.1/../../../../arm-atollic-eabi/lib/armv7e-m/fpu/fpv5-sp-d16/libc_nano.a(lib_a-findfp.o)
                0x0000000008009418                __sf_fake_stdout
 .rodata._svfprintf_r.str1.1
                0x0000000008009438       0x11 /opt/Atollic_TrueSTUDIO_for_STM32_x86_64_9.3.0/ARMTools/bin/../lib/gcc/arm-atollic-eabi/6.3.1/../../../../arm-atollic-eabi/lib/armv7e-m/fpu/fpv5-sp-d16/libc_nano.a(lib_a-nano-svfprintf.o)
 .rodata._vfprintf_r.str1.1
                0x0000000008009449       0x11 /opt/Atollic_TrueSTUDIO_for_STM32_x86_64_9.3.0/ARMTools/bin/../lib/gcc/arm-atollic-eabi/6.3.1/../../../../arm-atollic-eabi/lib/armv7e-m/fpu/fpv5-sp-d16/libc_nano.a(lib_a-nano-vfprintf.o)
 .rodata._printf_i.str1.1
                0x0000000008009449       0x22 /opt/Atollic_TrueSTUDIO_for_STM32_x86_64_9.3.0/ARMTools/bin/../lib/gcc/arm-atollic-eabi/6.3.1/../../../../arm-atollic-eabi/lib/armv7e-m/fpu/fpv5-sp-d16/libc_nano.a(lib_a-nano-vfprintf_i.o)
                0x000000000800946c                . = ALIGN (0x4)
 *fill*         0x000000000800946b        0x1 

.ARM.extab
 *(.ARM.extab* .gnu.linkonce.armextab.*)

.ARM            0x000000000800946c        0x8
                0x000000000800946c                __exidx_start = .
 *(.ARM.exidx*)
 .ARM.exidx     0x000000000800946c        0x8 /opt/Atollic_TrueSTUDIO_for_STM32_x86_64_9.3.0/ARMTools/bin/../lib/gcc/arm-atollic-eabi/6.3.1/armv7e-m/fpu/fpv5-sp-d16/libgcc.a(_udivmoddi4.o)
                0x0000000008009474                __exidx_end = .

.rel.dyn        0x0000000008009474        0x0
 .rel.iplt      0x0000000008009474        0x0 /opt/Atollic_TrueSTUDIO_for_STM32_x86_64_9.3.0/ARMTools/bin/../lib/gcc/arm-atollic-eabi/6.3.1/armv7e-m/fpu/fpv5-sp-d16/crtbegin.o

.preinit_array  0x0000000008009474        0x0
                0x0000000008009474                PROVIDE (__preinit_array_start, .)
 *(.preinit_array*)
                0x0000000008009474                PROVIDE (__preinit_array_end, .)

.init_array     0x0000000008009474        0x4
                0x0000000008009474                PROVIDE (__init_array_start, .)
 *(SORT(.init_array.*))
 *(.init_array*)
 .init_array    0x0000000008009474        0x4 /opt/Atollic_TrueSTUDIO_for_STM32_x86_64_9.3.0/ARMTools/bin/../lib/gcc/arm-atollic-eabi/6.3.1/armv7e-m/fpu/fpv5-sp-d16/crtbegin.o
                0x0000000008009478                PROVIDE (__init_array_end, .)

.fini_array     0x0000000008009478        0x4
                [!provide]                        PROVIDE (__fini_array_start, .)
 *(SORT(.fini_array.*))
 *(.fini_array*)
 .fini_array    0x0000000008009478        0x4 /opt/Atollic_TrueSTUDIO_for_STM32_x86_64_9.3.0/ARMTools/bin/../lib/gcc/arm-atollic-eabi/6.3.1/armv7e-m/fpu/fpv5-sp-d16/crtbegin.o
                [!provide]                        PROVIDE (__fini_array_end, .)
                0x000000000800947c                _sidata = LOADADDR (.data)

.data           0x0000000020000000      0x270 load address 0x000000000800947c
                0x0000000020000000                . = ALIGN (0x4)
                0x0000000020000000                _sdata = .
 *(.data)
 *(.data*)
 .data.uwTickFreq
                0x0000000020000000        0x1 Drivers/STM32F7xx_HAL_Driver/Src/stm32f7xx_hal.o
                0x0000000020000000                uwTickFreq
 *fill*         0x0000000020000001        0x3 
 .data.uwTickPrio
                0x0000000020000004        0x4 Drivers/STM32F7xx_HAL_Driver/Src/stm32f7xx_hal.o
                0x0000000020000004                uwTickPrio
 .data.VIDEO_Class
                0x0000000020000008       0x20 Middlewares/ST/STM32_USB_Host_Library/Class/VIDEO/Src/usbh_video.o
                0x0000000020000008                VIDEO_Class
 .data.USBH_VIDEO_Best_bFormatIndex
                0x0000000020000028        0x4 Middlewares/ST/STM32_USB_Host_Library/Class/VIDEO/Src/usbh_video_desc_parsing.o
                0x0000000020000028                USBH_VIDEO_Best_bFormatIndex
 .data.USBH_VIDEO_Best_bFrameIndex
                0x000000002000002c        0x4 Middlewares/ST/STM32_USB_Host_Library/Class/VIDEO/Src/usbh_video_desc_parsing.o
                0x000000002000002c                USBH_VIDEO_Best_bFrameIndex
 .data.USBH_VIDEO_Target_Format
                0x0000000020000030        0x1 Middlewares/ST/STM32_USB_Host_Library/Class/VIDEO/Src/usbh_video_desc_parsing.o
                0x0000000020000030                USBH_VIDEO_Target_Format
 *fill*         0x0000000020000031        0x3 
 .data.USBH_VIDEO_Target_Height
                0x0000000020000034        0x4 Middlewares/ST/STM32_USB_Host_Library/Class/VIDEO/Src/usbh_video_desc_parsing.o
                0x0000000020000034                USBH_VIDEO_Target_Height
 .data.USBH_VIDEO_Target_Width
                0x0000000020000038        0x4 Middlewares/ST/STM32_USB_Host_Library/Class/VIDEO/Src/usbh_video_desc_parsing.o
                0x0000000020000038                USBH_VIDEO_Target_Width
 .data.uvc_parsing_enabled
                0x000000002000003c        0x1 Middlewares/ST/STM32_USB_Host_Library/Class/VIDEO/Src/usbh_video_stream_parsing.o
                0x000000002000003c                uvc_parsing_enabled
 .data.uvc_parsing_switch_ready
                0x000000002000003d        0x1 Middlewares/ST/STM32_USB_Host_Library/Class/VIDEO/Src/usbh_video_stream_parsing.o
                0x000000002000003d                uvc_parsing_switch_ready
 *fill*         0x000000002000003e        0x2 
 .data.uxCriticalNesting
                0x0000000020000040        0x4 Middlewares/Third_Party/FreeRTOS/Source/portable/GCC/ARM_CM7/r0p1/port.o
 .data.CurrentBackColor
                0x0000000020000044        0x2 Src/ltdc.o
 *fill*         0x0000000020000046        0x2 
 .data.lcd_current_framebuffer
                0x0000000020000048        0x4 Src/ltdc.o
                0x0000000020000048                lcd_current_framebuffer
 .data.lcd_shadow_framebuffer
                0x000000002000004c        0x4 Src/ltdc.o
                0x000000002000004c                lcd_shadow_framebuffer
 .data.SystemCoreClock
                0x0000000020000050        0x4 Src/system_stm32f7xx.o
                0x0000000020000050                SystemCoreClock
 .data.dht_table
                0x0000000020000054      0x1a0 Src/tjpgd.o
                0x0000000020000054                dht_table
 .data.Stat     0x00000000200001f4        0x1 Src/user_diskio.o
 *fill*         0x00000000200001f5        0x3 
 .data.USER_Driver
                0x00000000200001f8       0x14 Src/user_diskio.o
                0x00000000200001f8                USER_Driver
 .data._impure_ptr
                0x000000002000020c        0x4 /opt/Atollic_TrueSTUDIO_for_STM32_x86_64_9.3.0/ARMTools/bin/../lib/gcc/arm-atollic-eabi/6.3.1/../../../../arm-atollic-eabi/lib/armv7e-m/fpu/fpv5-sp-d16/libc_nano.a(lib_a-impure.o)
                0x000000002000020c                _impure_ptr
 .data.impure_data
                0x0000000020000210       0x60 /opt/Atollic_TrueSTUDIO_for_STM32_x86_64_9.3.0/ARMTools/bin/../lib/gcc/arm-atollic-eabi/6.3.1/../../../../arm-atollic-eabi/lib/armv7e-m/fpu/fpv5-sp-d16/libc_nano.a(lib_a-impure.o)
                0x0000000020000270                . = ALIGN (0x4)
                0x0000000020000270                _edata = .

.igot.plt       0x0000000020000270        0x0 load address 0x00000000080096ec
 .igot.plt      0x0000000020000270        0x0 /opt/Atollic_TrueSTUDIO_for_STM32_x86_64_9.3.0/ARMTools/bin/../lib/gcc/arm-atollic-eabi/6.3.1/armv7e-m/fpu/fpv5-sp-d16/crtbegin.o
                0x0000000020000270                . = ALIGN (0x4)

.bss            0x0000000020000270     0x7b24 load address 0x00000000080096ec
                0x0000000020000270                _sbss = .
                0x0000000020000270                __bss_start__ = _sbss
 *(.bss)
 .bss           0x0000000020000270       0x1c /opt/Atollic_TrueSTUDIO_for_STM32_x86_64_9.3.0/ARMTools/bin/../lib/gcc/arm-atollic-eabi/6.3.1/armv7e-m/fpu/fpv5-sp-d16/crtbegin.o
 *(.bss*)
 .bss.tmpreg.9482
                0x000000002000028c        0x4 Drivers/STM32F7xx_HAL_Driver/Src/stm32f7xx_ll_usb.o
 .bss.uvc_curr_framebuffer_ptr
                0x0000000020000290        0x4 Middlewares/ST/STM32_USB_Host_Library/Class/VIDEO/Src/usbh_video_stream_parsing.o
                0x0000000020000290                uvc_curr_framebuffer_ptr
 .bss.uvc_framebuffer0_ptr
                0x0000000020000294        0x4 Middlewares/ST/STM32_USB_Host_Library/Class/VIDEO/Src/usbh_video_stream_parsing.o
                0x0000000020000294                uvc_framebuffer0_ptr
 .bss.uvc_framebuffer1_ptr
                0x0000000020000298        0x4 Middlewares/ST/STM32_USB_Host_Library/Class/VIDEO/Src/usbh_video_stream_parsing.o
                0x0000000020000298                uvc_framebuffer1_ptr
 .bss.uvc_parsing_initialized
                0x000000002000029c        0x1 Middlewares/ST/STM32_USB_Host_Library/Class/VIDEO/Src/usbh_video_stream_parsing.o
                0x000000002000029c                uvc_parsing_initialized
 .bss.uvc_parsing_new_frame_ready
                0x000000002000029d        0x1 Middlewares/ST/STM32_USB_Host_Library/Class/VIDEO/Src/usbh_video_stream_parsing.o
                0x000000002000029d                uvc_parsing_new_frame_ready
 *fill*         0x000000002000029e        0x2 
 .bss.uvc_ready_frame_length
                0x00000000200002a0        0x4 Middlewares/ST/STM32_USB_Host_Library/Class/VIDEO/Src/usbh_video_stream_parsing.o
                0x00000000200002a0                uvc_ready_frame_length
 .bss.uvc_ready_framebuffer_ptr
                0x00000000200002a4        0x4 Middlewares/ST/STM32_USB_Host_Library/Class/VIDEO/Src/usbh_video_stream_parsing.o
                0x00000000200002a4                uvc_ready_framebuffer_ptr
 .bss.disk      0x00000000200002a8        0xc Middlewares/Third_Party/FatFs/src/ff_gen_drv.o
                0x00000000200002a8                disk
 .bss.ucMaxSysCallPriority
                0x00000000200002b4        0x1 Middlewares/Third_Party/FreeRTOS/Source/portable/GCC/ARM_CM7/r0p1/port.o
 *fill*         0x00000000200002b5        0x3 
 .bss.ulMaxPRIGROUPValue
                0x00000000200002b8        0x4 Middlewares/Third_Party/FreeRTOS/Source/portable/GCC/ARM_CM7/r0p1/port.o
 .bss.pxEnd     0x00000000200002bc        0x4 Middlewares/Third_Party/FreeRTOS/Source/portable/MemMang/heap_4.o
 .bss.ucHeap    0x00000000200002c0     0x3c00 Middlewares/Third_Party/FreeRTOS/Source/portable/MemMang/heap_4.o
 .bss.xBlockAllocatedBit
                0x0000000020003ec0        0x4 Middlewares/Third_Party/FreeRTOS/Source/portable/MemMang/heap_4.o
 .bss.xFreeBytesRemaining
                0x0000000020003ec4        0x4 Middlewares/Third_Party/FreeRTOS/Source/portable/MemMang/heap_4.o
 .bss.xMinimumEverFreeBytesRemaining
                0x0000000020003ec8        0x4 Middlewares/Third_Party/FreeRTOS/Source/portable/MemMang/heap_4.o