ltdc.c:6:6:TFT_FillScreen_565	0	static
ltdc.c:17:6:TFT_FillScreen	8	static
ltdc.c:28:6:TFT_DrawPixel	8	static
ltdc.c:35:6:TFT_FillRectangle	20	static
ltdc.c:57:6:TFT_DrawLine	48	static
ltdc.c:179:6:lcd_switch_buffer	0	static
ltdc.c:196:6:lcd_switch_to_single_buffer_mode	0	static
ltdc.c:260:6:LCD_SetColors	0	static
ltdc.c:274:6:LCD_GetColors	0	static
ltdc.c:285:6:LCD_SetTextColor	0	static
ltdc.c:295:6:LCD_SetBackColor	0	static
ltdc.c:305:6:LCD_SetFont	0	static
ltdc.c:315:8:LCD_GetFont	0	static
ltdc.c:327:6:LCD_DrawChar	36	static
ltdc.c:365:6:LCD_DisplayChar	4	static
ltdc.c:375:6:lcd_print_char	16	static
ltdc.c:401:6:LCD_DisplayStringLine	24	static
ltdc.c:417:6:lcd_set_pixel	0	static
ltdc.c:424:10:lcd_convert_to_color32	0	static
ltdc.c:212:6:LCD_DrawFullRect	48	static
ltdc.c:236:6:lcd_clear	24	static
ltdc.c:437:6:lcd_draw_test_picture	8	static
ltdc.c:495:10:lcd_convert_yuyv_to_rgb	12	static
ltdc.c:483:6:lcd_convert_yuyv_pixels	24	static
ltdc.c:458:6:lcd_draw_yuyv_picture	32	static
