stm32f7xx_hal_msp.c:64:6:HAL_MspInit	16	static
stm32f7xx_hal_msp.c:88:6:HAL_DMA2D_MspInit	8	static
stm32f7xx_hal_msp.c:110:6:HAL_DMA2D_MspDeInit	0	static
stm32f7xx_hal_msp.c:132:6:HAL_LTDC_MspInit	56	static
stm32f7xx_hal_msp.c:222:6:HAL_LTDC_MspDeInit	8	static
stm32f7xx_hal_msp.c:287:6:HAL_RNG_MspInit	8	static
stm32f7xx_hal_msp.c:309:6:HAL_RNG_MspDeInit	0	static
stm32f7xx_hal_msp.c:331:6:HAL_TIM_Base_MspInit	8	static
stm32f7xx_hal_msp.c:353:6:HAL_TIM_Base_MspDeInit	0	static
stm32f7xx_hal_msp.c:476:6:HAL_SDRAM_MspInit	48	static
stm32f7xx_hal_msp.c:561:6:HAL_SDRAM_MspDeInit	8	static
